GAS LISTING /tmp/ccykzw8R.s 			page 1


   1              		.file	"ccb.cpp"
   2              		.option pic
   3              		.option norelax
   4              		.text
   5              	.Ltext0:
   6              		.align	2
   7              		.globl	_ZN3CCB13threadWrapperEv
   9              	_ZN3CCB13threadWrapperEv:
  10              	.LFB35:
  11              		.file 1 "src/ccb.cpp"
   1:src/ccb.cpp   **** //
   2:src/ccb.cpp   **** // Created by marko on 20.4.22..
   3:src/ccb.cpp   **** // PREUZETO SA VEZBI
   4:src/ccb.cpp   **** //
   5:src/ccb.cpp   **** 
   6:src/ccb.cpp   **** #include "../h/ccb.hpp"
   7:src/ccb.cpp   **** #include "../h/riscv.hpp"
   8:src/ccb.cpp   **** 
   9:src/ccb.cpp   **** CCB *CCB::running = nullptr;
  10:src/ccb.cpp   **** 
  11:src/ccb.cpp   **** void CCB::createCoroutine(Body body, void* arg, thread_t* handle)
  12:src/ccb.cpp   **** {
  13:src/ccb.cpp   ****     *handle = new CCB(body, arg);
  14:src/ccb.cpp   **** }
  15:src/ccb.cpp   **** 
  16:src/ccb.cpp   **** void CCB::yield()
  17:src/ccb.cpp   **** {
  18:src/ccb.cpp   ****     //Riscv::pushRegisters();
  19:src/ccb.cpp   **** 
  20:src/ccb.cpp   ****     CCB::dispatch();
  21:src/ccb.cpp   **** 
  22:src/ccb.cpp   ****     //Riscv::popRegisters();
  23:src/ccb.cpp   **** }
  24:src/ccb.cpp   **** 
  25:src/ccb.cpp   **** void CCB::dispatch()
  26:src/ccb.cpp   **** {
  27:src/ccb.cpp   ****     CCB *old = running;
  28:src/ccb.cpp   ****     if (!old->isFinished()) { Scheduler::put(old); }
  29:src/ccb.cpp   ****     running = Scheduler::get();
  30:src/ccb.cpp   **** 
  31:src/ccb.cpp   ****     CCB::contextSwitch(&old->context, &running->context);
  32:src/ccb.cpp   **** }
  33:src/ccb.cpp   **** 
  34:src/ccb.cpp   **** void CCB::threadWrapper(){
  12              		.loc 1 34 26
  13              		.cfi_startproc
  14 0000 130101FE 		addi	sp,sp,-32
  15              		.cfi_def_cfa_offset 32
  16 0004 233C1100 		sd	ra,24(sp)
  17 0008 23388100 		sd	s0,16(sp)
  18 000c 23349100 		sd	s1,8(sp)
  19              		.cfi_offset 1, -8
  20              		.cfi_offset 8, -16
  21              		.cfi_offset 9, -24
  22 0010 13040102 		addi	s0,sp,32
  23              		.cfi_def_cfa 8, 0
  35:src/ccb.cpp   ****     Riscv::popSppSpie();
GAS LISTING /tmp/ccykzw8R.s 			page 2


  24              		.loc 1 35 5
  25              		.loc 1 35 22 is_stmt 0
  26 0014 97000000 		call	_ZN5Riscv10popSppSpieEv@plt
  26      E7800000 
  27              	.LVL0:
  36:src/ccb.cpp   ****     running->body(running->arg);
  28              		.loc 1 36 5 is_stmt 1
  29              		.loc 1 36 14 is_stmt 0
  30 001c 97040000 		lla	s1,.LANCHOR0
  30      93840400 
  31 0024 83B70400 		ld	a5,0(s1)
  32 0028 03B70700 		ld	a4,0(a5)
  33              		.loc 1 36 18
  34 002c 03B58700 		ld	a0,8(a5)
  35 0030 E7000700 		jalr	a4
  36              	.LVL1:
  37:src/ccb.cpp   ****     running->setFinished(true);
  37              		.loc 1 37 5 is_stmt 1
  38              		.loc 1 37 25 is_stmt 0
  39 0034 83B70400 		ld	a5,0(s1)
  40              	.LVL2:
  41              	.LBB6:
  42              	.LBB7:
  43              		.file 2 "src/../h/ccb.hpp"
   1:src/../h/ccb.hpp **** //
   2:src/../h/ccb.hpp **** // Created by marko on 20.4.22..
   3:src/../h/ccb.hpp **** // PREUZETO SA VEZBI
   4:src/../h/ccb.hpp **** //
   5:src/../h/ccb.hpp **** 
   6:src/../h/ccb.hpp **** #ifndef OS1_VEZBE07_RISCV_CONTEXT_SWITCH_1_SYNCHRONOUS_CCB_HPP
   7:src/../h/ccb.hpp **** #define OS1_VEZBE07_RISCV_CONTEXT_SWITCH_1_SYNCHRONOUS_CCB_HPP
   8:src/../h/ccb.hpp **** 
   9:src/../h/ccb.hpp **** #include "../lib/hw.h"
  10:src/../h/ccb.hpp **** #include "scheduler.hpp"
  11:src/../h/ccb.hpp **** #include "../h/syscall_c.h"
  12:src/../h/ccb.hpp **** 
  13:src/../h/ccb.hpp **** // Coroutine Control Block
  14:src/../h/ccb.hpp **** class CCB{
  15:src/../h/ccb.hpp **** public:
  16:src/../h/ccb.hpp ****     ~CCB() { delete[] stack; }
  17:src/../h/ccb.hpp **** 
  18:src/../h/ccb.hpp ****     bool isFinished() const { return finished; }
  19:src/../h/ccb.hpp **** 
  20:src/../h/ccb.hpp ****     void setFinished(bool value) { finished = value; }
  44              		.loc 2 20 36 is_stmt 1
  45              		.loc 2 20 45 is_stmt 0
  46 0038 13071000 		li	a4,1
  47 003c 2384E702 		sb	a4,40(a5)
  48              	.LVL3:
  49              	.LBE7:
  50              	.LBE6:
  38:src/ccb.cpp   ****     thread_dispatch();
  51              		.loc 1 38 5 is_stmt 1
  52              		.loc 1 38 20 is_stmt 0
  53 0040 97000000 		call	_Z15thread_dispatchv@plt
  53      E7800000 
  54              	.LVL4:
GAS LISTING /tmp/ccykzw8R.s 			page 3


  39:src/ccb.cpp   **** }
  55              		.loc 1 39 1
  56 0048 83308101 		ld	ra,24(sp)
  57              		.cfi_restore 1
  58 004c 03340101 		ld	s0,16(sp)
  59              		.cfi_restore 8
  60              		.cfi_def_cfa 2, 32
  61 0050 83348100 		ld	s1,8(sp)
  62              		.cfi_restore 9
  63 0054 13010102 		addi	sp,sp,32
  64              		.cfi_def_cfa_offset 0
  65 0058 67800000 		jr	ra
  66              		.cfi_endproc
  67              	.LFE35:
  69              		.align	2
  70              		.globl	_ZN3CCB15createCoroutineEPFvPvES0_PPS_
  72              	_ZN3CCB15createCoroutineEPFvPvES0_PPS_:
  73              	.LFB32:
  12:src/ccb.cpp   ****     *handle = new CCB(body, arg);
  74              		.loc 1 12 1 is_stmt 1
  75              		.cfi_startproc
  76              		.cfi_personality 0x9b,DW.ref.__gxx_personality_v0
  77              		.cfi_lsda 0x1b,.LLSDA32
  78              	.LVL5:
  79 005c 130101FD 		addi	sp,sp,-48
  80              		.cfi_def_cfa_offset 48
  81 0060 23341102 		sd	ra,40(sp)
  82 0064 23308102 		sd	s0,32(sp)
  83 0068 233C9100 		sd	s1,24(sp)
  84 006c 23382101 		sd	s2,16(sp)
  85 0070 23343101 		sd	s3,8(sp)
  86 0074 23304101 		sd	s4,0(sp)
  87              		.cfi_offset 1, -8
  88              		.cfi_offset 8, -16
  89              		.cfi_offset 9, -24
  90              		.cfi_offset 18, -32
  91              		.cfi_offset 19, -40
  92              		.cfi_offset 20, -48
  93 0078 13040103 		addi	s0,sp,48
  94              		.cfi_def_cfa 8, 0
  95 007c 13090500 		mv	s2,a0
  96 0080 138A0500 		mv	s4,a1
  97 0084 93090600 		mv	s3,a2
  13:src/ccb.cpp   **** }
  98              		.loc 1 13 5
  13:src/ccb.cpp   **** }
  99              		.loc 1 13 32 is_stmt 0
 100 0088 13050003 		li	a0,48
 101              	.LVL6:
 102              	.LEHB0:
 103 008c 97000000 		call	_Znwm@plt
 103      E7800000 
 104              	.LVL7:
 105              	.LEHE0:
 106 0094 93040500 		mv	s1,a0
 107              	.LVL8:
 108              	.LBB11:
GAS LISTING /tmp/ccykzw8R.s 			page 4


 109              	.LBB12:
  21:src/../h/ccb.hpp **** 
  22:src/../h/ccb.hpp ****     using Body = void (*)(void*);
  23:src/../h/ccb.hpp **** 
  24:src/../h/ccb.hpp ****     static void createCoroutine(Body body, void* arg, thread_t* handle);
  25:src/../h/ccb.hpp **** 
  26:src/../h/ccb.hpp ****     static void yield();
  27:src/../h/ccb.hpp **** 
  28:src/../h/ccb.hpp ****     static void dispatch();
  29:src/../h/ccb.hpp **** 
  30:src/../h/ccb.hpp ****     static CCB *running;
  31:src/../h/ccb.hpp **** 
  32:src/../h/ccb.hpp ****     static void threadWrapper();
  33:src/../h/ccb.hpp **** 
  34:src/../h/ccb.hpp **** private:
  35:src/../h/ccb.hpp ****     explicit CCB(Body body, void* arg) :
  36:src/../h/ccb.hpp ****             body(body),
  37:src/../h/ccb.hpp ****             arg(arg),
  38:src/../h/ccb.hpp ****             stack(body != nullptr ? new uint64[DEFAULT_STACK_SIZE] : nullptr),
  39:src/../h/ccb.hpp ****             context({body != nullptr ? (uint64) &threadWrapper : 0,
  40:src/../h/ccb.hpp ****                      stack != nullptr ? (uint64) &stack[DEFAULT_STACK_SIZE] : 0
  41:src/../h/ccb.hpp ****                     }),
  42:src/../h/ccb.hpp ****             finished(false)
 110              		.loc 2 42 27
 111 0098 23302501 		sd	s2,0(a0)
 112 009c 23344501 		sd	s4,8(a0)
  38:src/../h/ccb.hpp ****             context({body != nullptr ? (uint64) &threadWrapper : 0,
 113              		.loc 2 38 35
 114 00a0 630A0900 		beqz	s2,.L9
  38:src/../h/ccb.hpp ****             context({body != nullptr ? (uint64) &threadWrapper : 0,
 115              		.loc 2 38 66
 116 00a4 37850000 		li	a0,32768
 117              	.LEHB1:
 118 00a8 97000000 		call	_Znam@plt
 118      E7800000 
 119              	.LVL9:
 120 00b0 6F008000 		j	.L4
 121              	.L9:
  38:src/../h/ccb.hpp ****             context({body != nullptr ? (uint64) &threadWrapper : 0,
 122              		.loc 2 38 35
 123 00b4 13050000 		li	a0,0
 124              	.L4:
 125              		.loc 2 42 27
 126 00b8 23B8A400 		sd	a0,16(s1)
  39:src/../h/ccb.hpp ****                      stack != nullptr ? (uint64) &stack[DEFAULT_STACK_SIZE] : 0
 127              		.loc 2 39 38
 128 00bc 630C0902 		beqz	s2,.L10
 129 00c0 97070000 		lla	a5,_ZN3CCB13threadWrapperEv
 129      93870700 
 130              	.L5:
 131              		.loc 2 42 27
 132 00c8 23BCF400 		sd	a5,24(s1)
  40:src/../h/ccb.hpp ****                     }),
 133              		.loc 2 40 39
 134 00cc 63080502 		beqz	a0,.L11
  40:src/../h/ccb.hpp ****                     }),
 135              		.loc 2 40 50
GAS LISTING /tmp/ccykzw8R.s 			page 5


 136 00d0 B7870000 		li	a5,32768
 137 00d4 3305F500 		add	a0,a0,a5
 138              	.L6:
 139              		.loc 2 42 27
 140 00d8 23B0A402 		sd	a0,32(s1)
 141 00dc 23840402 		sb	zero,40(s1)
  43:src/../h/ccb.hpp ****     {
  44:src/../h/ccb.hpp ****         if (body != nullptr) { Scheduler::put(this); }
 142              		.loc 2 44 9 is_stmt 1
 143 00e0 63020902 		beqz	s2,.L7
 144              		.loc 2 44 32
 145              		.loc 2 44 46 is_stmt 0
 146 00e4 13850400 		mv	a0,s1
 147 00e8 97000000 		call	_ZN9Scheduler3putEP3CCB@plt
 147      E7800000 
 148              	.LVL10:
 149              	.LEHE1:
 150 00f0 6F004001 		j	.L7
 151              	.L10:
  39:src/../h/ccb.hpp ****                      stack != nullptr ? (uint64) &stack[DEFAULT_STACK_SIZE] : 0
 152              		.loc 2 39 38
 153 00f4 93070000 		li	a5,0
 154 00f8 6FF01FFD 		j	.L5
 155              	.L11:
  40:src/../h/ccb.hpp ****                     }),
 156              		.loc 2 40 39
 157 00fc 13050000 		li	a0,0
 158 0100 6FF09FFD 		j	.L6
 159              	.L7:
 160              	.LVL11:
 161              	.LBE12:
 162              	.LBE11:
  13:src/ccb.cpp   **** }
 163              		.loc 1 13 13
 164 0104 23B09900 		sd	s1,0(s3)
  14:src/ccb.cpp   **** 
 165              		.loc 1 14 1
 166 0108 83308102 		ld	ra,40(sp)
 167              		.cfi_remember_state
 168              		.cfi_restore 1
 169 010c 03340102 		ld	s0,32(sp)
 170              		.cfi_restore 8
 171              		.cfi_def_cfa 2, 48
 172 0110 83348101 		ld	s1,24(sp)
 173              		.cfi_restore 9
 174 0114 03390101 		ld	s2,16(sp)
 175              		.cfi_restore 18
 176              	.LVL12:
 177 0118 83398100 		ld	s3,8(sp)
 178              		.cfi_restore 19
 179              	.LVL13:
 180 011c 033A0100 		ld	s4,0(sp)
 181              		.cfi_restore 20
 182              	.LVL14:
 183 0120 13010103 		addi	sp,sp,48
 184              		.cfi_def_cfa_offset 0
 185 0124 67800000 		jr	ra
GAS LISTING /tmp/ccykzw8R.s 			page 6


 186              	.LVL15:
 187              	.L12:
 188              		.cfi_restore_state
 189 0128 13090500 		mv	s2,a0
 190              	.LVL16:
  13:src/ccb.cpp   **** }
 191              		.loc 1 13 32
 192 012c 13850400 		mv	a0,s1
 193 0130 97000000 		call	_ZdlPv@plt
 193      E7800000 
 194              	.LVL17:
 195 0138 13050900 		mv	a0,s2
 196              	.LEHB2:
 197 013c 97000000 		call	_Unwind_Resume@plt
 197      E7800000 
 198              	.LVL18:
 199              	.LEHE2:
 200              		.cfi_endproc
 201              	.LFE32:
 202              		.globl	__gxx_personality_v0
 203              		.section	.gcc_except_table,"a",@progbits
 204              	.LLSDA32:
 205 0000 FF       		.byte	0xff
 206 0001 FF       		.byte	0xff
 207 0002 03       		.byte	0x3
 208 0003 27       		.byte	0x27
 209 0004 00000000 		.4byte	.LEHB0-.LFB32
 210 0008 00000000 		.4byte	.LEHE0-.LEHB0
 211 000c 00000000 		.4byte	0
 212 0010 00       		.byte	0
 213 0011 00000000 		.4byte	.LEHB1-.LFB32
 214 0015 00000000 		.4byte	.LEHE1-.LEHB1
 215 0019 00000000 		.4byte	.L12-.LFB32
 216 001d 00       		.byte	0
 217 001e 00000000 		.4byte	.LEHB2-.LFB32
 218 0022 00000000 		.4byte	.LEHE2-.LEHB2
 219 0026 00000000 		.4byte	0
 220 002a 00       		.byte	0
 221              		.text
 223              		.align	2
 224              		.globl	_ZN3CCB8dispatchEv
 226              	_ZN3CCB8dispatchEv:
 227              	.LFB34:
  26:src/ccb.cpp   ****     CCB *old = running;
 228              		.loc 1 26 1 is_stmt 1
 229              		.cfi_startproc
 230 0144 130101FE 		addi	sp,sp,-32
 231              		.cfi_def_cfa_offset 32
 232 0148 233C1100 		sd	ra,24(sp)
 233 014c 23388100 		sd	s0,16(sp)
 234 0150 23349100 		sd	s1,8(sp)
 235              		.cfi_offset 1, -8
 236              		.cfi_offset 8, -16
 237              		.cfi_offset 9, -24
 238 0154 13040102 		addi	s0,sp,32
 239              		.cfi_def_cfa 8, 0
  27:src/ccb.cpp   ****     if (!old->isFinished()) { Scheduler::put(old); }
GAS LISTING /tmp/ccykzw8R.s 			page 7


 240              		.loc 1 27 5
  27:src/ccb.cpp   ****     if (!old->isFinished()) { Scheduler::put(old); }
 241              		.loc 1 27 10 is_stmt 0
 242 0158 97040000 		ld	s1,.LANCHOR0
 242      83B40400 
 243              	.LVL19:
  28:src/ccb.cpp   ****     running = Scheduler::get();
 244              		.loc 1 28 5 is_stmt 1
 245              	.LBB13:
 246              	.LBB14:
  18:src/../h/ccb.hpp **** 
 247              		.loc 2 18 31
  18:src/../h/ccb.hpp **** 
 248              		.loc 2 18 38 is_stmt 0
 249 0160 83C78402 		lbu	a5,40(s1)
 250              	.LVL20:
 251              	.LBE14:
 252              	.LBE13:
  28:src/ccb.cpp   ****     running = Scheduler::get();
 253              		.loc 1 28 5
 254 0164 638C0702 		beqz	a5,.L18
 255              	.L16:
  29:src/ccb.cpp   **** 
 256              		.loc 1 29 5 is_stmt 1
  29:src/ccb.cpp   **** 
 257              		.loc 1 29 29 is_stmt 0
 258 0168 97000000 		call	_ZN9Scheduler3getEv@plt
 258      E7800000 
 259              	.LVL21:
  29:src/ccb.cpp   **** 
 260              		.loc 1 29 13
 261 0170 97070000 		sd	a0,.LANCHOR0,a5
 261      23B0A700 
  31:src/ccb.cpp   **** }
 262              		.loc 1 31 5 is_stmt 1
  31:src/ccb.cpp   **** }
 263              		.loc 1 31 23 is_stmt 0
 264 0178 93058501 		addi	a1,a0,24
 265 017c 13858401 		addi	a0,s1,24
 266 0180 97000000 		call	_ZN3CCB13contextSwitchEPNS_7ContextES1_@plt
 266      E7800000 
 267              	.LVL22:
  32:src/ccb.cpp   **** 
 268              		.loc 1 32 1
 269 0188 83308101 		ld	ra,24(sp)
 270              		.cfi_remember_state
 271              		.cfi_restore 1
 272 018c 03340101 		ld	s0,16(sp)
 273              		.cfi_restore 8
 274              		.cfi_def_cfa 2, 32
 275 0190 83348100 		ld	s1,8(sp)
 276              		.cfi_restore 9
 277              	.LVL23:
 278 0194 13010102 		addi	sp,sp,32
 279              		.cfi_def_cfa_offset 0
 280 0198 67800000 		jr	ra
 281              	.LVL24:
GAS LISTING /tmp/ccykzw8R.s 			page 8


 282              	.L18:
 283              		.cfi_restore_state
  28:src/ccb.cpp   ****     running = Scheduler::get();
 284              		.loc 1 28 31 is_stmt 1 discriminator 1
  28:src/ccb.cpp   ****     running = Scheduler::get();
 285              		.loc 1 28 45 is_stmt 0 discriminator 1
 286 019c 13850400 		mv	a0,s1
 287 01a0 97000000 		call	_ZN9Scheduler3putEP3CCB@plt
 287      E7800000 
 288              	.LVL25:
 289 01a8 6FF01FFC 		j	.L16
 290              		.cfi_endproc
 291              	.LFE34:
 293              		.align	2
 294              		.globl	_ZN3CCB5yieldEv
 296              	_ZN3CCB5yieldEv:
 297              	.LFB33:
  17:src/ccb.cpp   ****     //Riscv::pushRegisters();
 298              		.loc 1 17 1 is_stmt 1
 299              		.cfi_startproc
 300 01ac 130101FF 		addi	sp,sp,-16
 301              		.cfi_def_cfa_offset 16
 302 01b0 23341100 		sd	ra,8(sp)
 303 01b4 23308100 		sd	s0,0(sp)
 304              		.cfi_offset 1, -8
 305              		.cfi_offset 8, -16
 306 01b8 13040101 		addi	s0,sp,16
 307              		.cfi_def_cfa 8, 0
  20:src/ccb.cpp   **** 
 308              		.loc 1 20 5
  20:src/ccb.cpp   **** 
 309              		.loc 1 20 18 is_stmt 0
 310 01bc 97000000 		call	_ZN3CCB8dispatchEv
 310      E7800000 
 311              	.LVL26:
  23:src/ccb.cpp   **** 
 312              		.loc 1 23 1
 313 01c4 83308100 		ld	ra,8(sp)
 314              		.cfi_restore 1
 315 01c8 03340100 		ld	s0,0(sp)
 316              		.cfi_restore 8
 317              		.cfi_def_cfa 2, 16
 318 01cc 13010101 		addi	sp,sp,16
 319              		.cfi_def_cfa_offset 0
 320 01d0 67800000 		jr	ra
 321              		.cfi_endproc
 322              	.LFE33:
 324              		.globl	_ZN3CCB7runningE
 325              		.bss
 326              		.align	3
 327              		.set	.LANCHOR0,. + 0
 330              	_ZN3CCB7runningE:
 331 0000 00000000 		.zero	8
 331      00000000 
 332              		.text
 333              	.Letext0:
 334              		.file 3 "src/../h/../lib/hw.h"
GAS LISTING /tmp/ccykzw8R.s 			page 9


 335              		.file 4 "src/../h/../h/syscall_c.h"
 336              		.file 5 "src/../h/scheduler.hpp"
 337              		.file 6 "src/../h/riscv.hpp"
 2423              		.align	3
 2426              	DW.ref.__gxx_personality_v0:
 2427 0000 00000000 		.dword	__gxx_personality_v0
 2427      00000000 
 2428              		.ident	"GCC: (Ubuntu 9.4.0-1ubuntu1~20.04) 9.4.0"
 2429              		.section	.note.GNU-stack,"",@progbits
GAS LISTING /tmp/ccykzw8R.s 			page 10


DEFINED SYMBOLS
                            *ABS*:0000000000000000 ccb.cpp
     /tmp/ccykzw8R.s:9      .text:0000000000000000 _ZN3CCB13threadWrapperEv
     /tmp/ccykzw8R.s:13     .text:0000000000000000 .L0 
     /tmp/ccykzw8R.s:14     .text:0000000000000000 .L0 
     /tmp/ccykzw8R.s:15     .text:0000000000000004 .L0 
     /tmp/ccykzw8R.s:19     .text:0000000000000010 .L0 
     /tmp/ccykzw8R.s:20     .text:0000000000000010 .L0 
     /tmp/ccykzw8R.s:21     .text:0000000000000010 .L0 
     /tmp/ccykzw8R.s:23     .text:0000000000000014 .L0 
     /tmp/ccykzw8R.s:25     .text:0000000000000014 .L0 
     /tmp/ccykzw8R.s:26     .text:0000000000000014 .L0 
     /tmp/ccykzw8R.s:29     .text:000000000000001c .L0 
     /tmp/ccykzw8R.s:30     .text:000000000000001c .L0 
     /tmp/ccykzw8R.s:34     .text:000000000000002c .L0 
     /tmp/ccykzw8R.s:38     .text:0000000000000034 .L0 
     /tmp/ccykzw8R.s:39     .text:0000000000000034 .L0 
     /tmp/ccykzw8R.s:45     .text:0000000000000038 .L0 
     /tmp/ccykzw8R.s:46     .text:0000000000000038 .L0 
     /tmp/ccykzw8R.s:52     .text:0000000000000040 .L0 
     /tmp/ccykzw8R.s:53     .text:0000000000000040 .L0 
     /tmp/ccykzw8R.s:56     .text:0000000000000048 .L0 
     /tmp/ccykzw8R.s:57     .text:000000000000004c .L0 
     /tmp/ccykzw8R.s:59     .text:0000000000000050 .L0 
     /tmp/ccykzw8R.s:60     .text:0000000000000050 .L0 
     /tmp/ccykzw8R.s:62     .text:0000000000000054 .L0 
     /tmp/ccykzw8R.s:64     .text:0000000000000058 .L0 
     /tmp/ccykzw8R.s:66     .text:000000000000005c .L0 
     /tmp/ccykzw8R.s:72     .text:000000000000005c _ZN3CCB15createCoroutineEPFvPvES0_PPS_
     /tmp/ccykzw8R.s:75     .text:000000000000005c .L0 
     /tmp/ccykzw8R.s:2426   .data.rel.local.DW.ref.__gxx_personality_v0:0000000000000000 DW.ref.__gxx_personality_v0
     /tmp/ccykzw8R.s:79     .text:000000000000005c .L0 
     /tmp/ccykzw8R.s:80     .text:0000000000000060 .L0 
     /tmp/ccykzw8R.s:87     .text:0000000000000078 .L0 
     /tmp/ccykzw8R.s:88     .text:0000000000000078 .L0 
     /tmp/ccykzw8R.s:89     .text:0000000000000078 .L0 
     /tmp/ccykzw8R.s:90     .text:0000000000000078 .L0 
     /tmp/ccykzw8R.s:91     .text:0000000000000078 .L0 
     /tmp/ccykzw8R.s:92     .text:0000000000000078 .L0 
     /tmp/ccykzw8R.s:94     .text:000000000000007c .L0 
     /tmp/ccykzw8R.s:99     .text:0000000000000088 .L0 
     /tmp/ccykzw8R.s:100    .text:0000000000000088 .L0 
     /tmp/ccykzw8R.s:111    .text:0000000000000098 .L0 
     /tmp/ccykzw8R.s:114    .text:00000000000000a0 .L0 
     /tmp/ccykzw8R.s:116    .text:00000000000000a4 .L0 
     /tmp/ccykzw8R.s:123    .text:00000000000000b4 .L0 
     /tmp/ccykzw8R.s:126    .text:00000000000000b8 .L0 
     /tmp/ccykzw8R.s:128    .text:00000000000000bc .L0 
     /tmp/ccykzw8R.s:132    .text:00000000000000c8 .L0 
     /tmp/ccykzw8R.s:134    .text:00000000000000cc .L0 
     /tmp/ccykzw8R.s:136    .text:00000000000000d0 .L0 
     /tmp/ccykzw8R.s:140    .text:00000000000000d8 .L0 
     /tmp/ccykzw8R.s:143    .text:00000000000000e0 .L0 
     /tmp/ccykzw8R.s:145    .text:00000000000000e4 .L0 
     /tmp/ccykzw8R.s:146    .text:00000000000000e4 .L0 
     /tmp/ccykzw8R.s:153    .text:00000000000000f4 .L0 
     /tmp/ccykzw8R.s:157    .text:00000000000000fc .L0 
GAS LISTING /tmp/ccykzw8R.s 			page 11


     /tmp/ccykzw8R.s:164    .text:0000000000000104 .L0 
     /tmp/ccykzw8R.s:166    .text:0000000000000108 .L0 
     /tmp/ccykzw8R.s:167    .text:000000000000010c .L0 
     /tmp/ccykzw8R.s:168    .text:000000000000010c .L0 
     /tmp/ccykzw8R.s:170    .text:0000000000000110 .L0 
     /tmp/ccykzw8R.s:171    .text:0000000000000110 .L0 
     /tmp/ccykzw8R.s:173    .text:0000000000000114 .L0 
     /tmp/ccykzw8R.s:175    .text:0000000000000118 .L0 
     /tmp/ccykzw8R.s:178    .text:000000000000011c .L0 
     /tmp/ccykzw8R.s:181    .text:0000000000000120 .L0 
     /tmp/ccykzw8R.s:184    .text:0000000000000124 .L0 
     /tmp/ccykzw8R.s:188    .text:0000000000000128 .L0 
     /tmp/ccykzw8R.s:192    .text:000000000000012c .L0 
     /tmp/ccykzw8R.s:200    .text:0000000000000144 .L0 
     /tmp/ccykzw8R.s:226    .text:0000000000000144 _ZN3CCB8dispatchEv
     /tmp/ccykzw8R.s:229    .text:0000000000000144 .L0 
     /tmp/ccykzw8R.s:230    .text:0000000000000144 .L0 
     /tmp/ccykzw8R.s:231    .text:0000000000000148 .L0 
     /tmp/ccykzw8R.s:235    .text:0000000000000154 .L0 
     /tmp/ccykzw8R.s:236    .text:0000000000000154 .L0 
     /tmp/ccykzw8R.s:237    .text:0000000000000154 .L0 
     /tmp/ccykzw8R.s:239    .text:0000000000000158 .L0 
     /tmp/ccykzw8R.s:241    .text:0000000000000158 .L0 
     /tmp/ccykzw8R.s:242    .text:0000000000000158 .L0 
     /tmp/ccykzw8R.s:247    .text:0000000000000160 .L0 
     /tmp/ccykzw8R.s:248    .text:0000000000000160 .L0 
     /tmp/ccykzw8R.s:249    .text:0000000000000160 .L0 
     /tmp/ccykzw8R.s:254    .text:0000000000000164 .L0 
     /tmp/ccykzw8R.s:257    .text:0000000000000168 .L0 
     /tmp/ccykzw8R.s:258    .text:0000000000000168 .L0 
     /tmp/ccykzw8R.s:261    .text:0000000000000170 .L0 
     /tmp/ccykzw8R.s:263    .text:0000000000000178 .L0 
     /tmp/ccykzw8R.s:264    .text:0000000000000178 .L0 
     /tmp/ccykzw8R.s:269    .text:0000000000000188 .L0 
     /tmp/ccykzw8R.s:270    .text:000000000000018c .L0 
     /tmp/ccykzw8R.s:271    .text:000000000000018c .L0 
     /tmp/ccykzw8R.s:273    .text:0000000000000190 .L0 
     /tmp/ccykzw8R.s:274    .text:0000000000000190 .L0 
     /tmp/ccykzw8R.s:276    .text:0000000000000194 .L0 
     /tmp/ccykzw8R.s:279    .text:0000000000000198 .L0 
     /tmp/ccykzw8R.s:283    .text:000000000000019c .L0 
     /tmp/ccykzw8R.s:285    .text:000000000000019c .L0 
     /tmp/ccykzw8R.s:286    .text:000000000000019c .L0 
     /tmp/ccykzw8R.s:290    .text:00000000000001ac .L0 
     /tmp/ccykzw8R.s:296    .text:00000000000001ac _ZN3CCB5yieldEv
     /tmp/ccykzw8R.s:299    .text:00000000000001ac .L0 
     /tmp/ccykzw8R.s:300    .text:00000000000001ac .L0 
     /tmp/ccykzw8R.s:301    .text:00000000000001b0 .L0 
     /tmp/ccykzw8R.s:304    .text:00000000000001b8 .L0 
     /tmp/ccykzw8R.s:305    .text:00000000000001b8 .L0 
     /tmp/ccykzw8R.s:307    .text:00000000000001bc .L0 
     /tmp/ccykzw8R.s:309    .text:00000000000001bc .L0 
     /tmp/ccykzw8R.s:310    .text:00000000000001bc .L0 
     /tmp/ccykzw8R.s:313    .text:00000000000001c4 .L0 
     /tmp/ccykzw8R.s:314    .text:00000000000001c8 .L0 
     /tmp/ccykzw8R.s:316    .text:00000000000001cc .L0 
     /tmp/ccykzw8R.s:317    .text:00000000000001cc .L0 
GAS LISTING /tmp/ccykzw8R.s 			page 12


     /tmp/ccykzw8R.s:319    .text:00000000000001d0 .L0 
     /tmp/ccykzw8R.s:321    .text:00000000000001d4 .L0 
     /tmp/ccykzw8R.s:330    .bss:0000000000000000 _ZN3CCB7runningE
     /tmp/ccykzw8R.s:327    .bss:0000000000000000 .LANCHOR0
     /tmp/ccykzw8R.s:338    .text:00000000000001d4 .L0 
     /tmp/ccykzw8R.s:30     .text:000000000000001c .L0 
     /tmp/ccykzw8R.s:129    .text:00000000000000c0 .L0 
     /tmp/ccykzw8R.s:242    .text:0000000000000158 .L0 
     /tmp/ccykzw8R.s:261    .text:0000000000000170 .L0 
     /tmp/ccykzw8R.s:121    .text:00000000000000b4 .L9
     /tmp/ccykzw8R.s:124    .text:00000000000000b8 .L4
     /tmp/ccykzw8R.s:151    .text:00000000000000f4 .L10
     /tmp/ccykzw8R.s:155    .text:00000000000000fc .L11
     /tmp/ccykzw8R.s:159    .text:0000000000000104 .L7
     /tmp/ccykzw8R.s:130    .text:00000000000000c8 .L5
     /tmp/ccykzw8R.s:138    .text:00000000000000d8 .L6
     /tmp/ccykzw8R.s:282    .text:000000000000019c .L18
     /tmp/ccykzw8R.s:255    .text:0000000000000168 .L16
     /tmp/ccykzw8R.s:102    .text:000000000000008c .LEHB0
     /tmp/ccykzw8R.s:73     .text:000000000000005c .LFB32
     /tmp/ccykzw8R.s:105    .text:0000000000000094 .LEHE0
     /tmp/ccykzw8R.s:117    .text:00000000000000a8 .LEHB1
     /tmp/ccykzw8R.s:149    .text:00000000000000f0 .LEHE1
     /tmp/ccykzw8R.s:187    .text:0000000000000128 .L12
     /tmp/ccykzw8R.s:196    .text:000000000000013c .LEHB2
     /tmp/ccykzw8R.s:199    .text:0000000000000144 .LEHE2
     /tmp/ccykzw8R.s:1205   .debug_abbrev:0000000000000000 .Ldebug_abbrev0
     /tmp/ccykzw8R.s:2390   .debug_str:000000000000051c .LASF84
     /tmp/ccykzw8R.s:2364   .debug_str:000000000000045f .LASF85
     /tmp/ccykzw8R.s:2394   .debug_str:00000000000005ef .LASF86
     /tmp/ccykzw8R.s:5      .text:0000000000000000 .Ltext0
     /tmp/ccykzw8R.s:333    .text:00000000000001d4 .Letext0
     /tmp/ccykzw8R.s:2208   .debug_line:0000000000000000 .Ldebug_line0
     /tmp/ccykzw8R.s:2322   .debug_str:000000000000032a .LASF0
     /tmp/ccykzw8R.s:2334   .debug_str:000000000000037c .LASF1
     /tmp/ccykzw8R.s:2308   .debug_str:00000000000002ad .LASF2
     /tmp/ccykzw8R.s:2286   .debug_str:000000000000020a .LASF4
     /tmp/ccykzw8R.s:2366   .debug_str:000000000000046b .LASF3
     /tmp/ccykzw8R.s:2224   .debug_str:0000000000000041 .LASF5
     /tmp/ccykzw8R.s:2336   .debug_str:000000000000038f .LASF6
     /tmp/ccykzw8R.s:2320   .debug_str:0000000000000317 .LASF7
     /tmp/ccykzw8R.s:2396   .debug_str:0000000000000616 .LASF8
     /tmp/ccykzw8R.s:2276   .debug_str:00000000000001af .LASF9
     /tmp/ccykzw8R.s:2342   .debug_str:00000000000003b7 .LASF10
     /tmp/ccykzw8R.s:2392   .debug_str:00000000000005e0 .LASF11
     /tmp/ccykzw8R.s:2226   .debug_str:0000000000000048 .LASF12
     /tmp/ccykzw8R.s:2214   .debug_str:0000000000000011 .LASF13
     /tmp/ccykzw8R.s:2238   .debug_str:00000000000000bb .LASF14
     /tmp/ccykzw8R.s:2356   .debug_str:000000000000041b .LASF15
     /tmp/ccykzw8R.s:2248   .debug_str:00000000000000ff .LASF16
     /tmp/ccykzw8R.s:2340   .debug_str:00000000000003ad .LASF17
     /tmp/ccykzw8R.s:2268   .debug_str:000000000000017d .LASF87
     /tmp/ccykzw8R.s:2284   .debug_str:00000000000001f6 .LASF88
     /tmp/ccykzw8R.s:2330   .debug_str:000000000000035e .LASF89
     /tmp/ccykzw8R.s:2218   .debug_str:000000000000002a .LASF90
     /tmp/ccykzw8R.s:2254   .debug_str:000000000000012e .LASF91
     /tmp/ccykzw8R.s:2252   .debug_str:0000000000000129 .LASF18
GAS LISTING /tmp/ccykzw8R.s 			page 13


     /tmp/ccykzw8R.s:2414   .debug_str:00000000000006b1 .LASF20
     /tmp/ccykzw8R.s:2338   .debug_str:00000000000003a2 .LASF92
     /tmp/ccykzw8R.s:2328   .debug_str:0000000000000347 .LASF93
     /tmp/ccykzw8R.s:2310   .debug_str:00000000000002bb .LASF19
     /tmp/ccykzw8R.s:2354   .debug_str:0000000000000404 .LASF21
     /tmp/ccykzw8R.s:2402   .debug_str:0000000000000653 .LASF38
     /tmp/ccykzw8R.s:2316   .debug_str:00000000000002e5 .LASF40
     /tmp/ccykzw8R.s:2350   .debug_str:00000000000003f4 .LASF94
     /tmp/ccykzw8R.s:2358   .debug_str:0000000000000431 .LASF22
     /tmp/ccykzw8R.s:2234   .debug_str:00000000000000a1 .LASF24
     /tmp/ccykzw8R.s:2326   .debug_str:000000000000033e .LASF23
     /tmp/ccykzw8R.s:2368   .debug_str:000000000000047d .LASF25
     /tmp/ccykzw8R.s:2260   .debug_str:0000000000000154 .LASF95
     /tmp/ccykzw8R.s:2304   .debug_str:0000000000000298 .LASF26
     /tmp/ccykzw8R.s:2228   .debug_str:0000000000000058 .LASF27
     /tmp/ccykzw8R.s:2312   .debug_str:00000000000002c7 .LASF96
     /tmp/ccykzw8R.s:2290   .debug_str:000000000000021a .LASF28
     /tmp/ccykzw8R.s:2240   .debug_str:00000000000000c7 .LASF29
     /tmp/ccykzw8R.s:2294   .debug_str:000000000000022a .LASF30
     /tmp/ccykzw8R.s:2288   .debug_str:0000000000000211 .LASF31
     /tmp/ccykzw8R.s:2244   .debug_str:00000000000000dd .LASF97
     /tmp/ccykzw8R.s:2298   .debug_str:0000000000000254 .LASF98
     /tmp/ccykzw8R.s:2210   .debug_str:0000000000000000 .LASF32
     /tmp/ccykzw8R.s:2266   .debug_str:0000000000000178 .LASF33
     /tmp/ccykzw8R.s:2332   .debug_str:0000000000000376 .LASF34
     /tmp/ccykzw8R.s:2352   .debug_str:00000000000003f9 .LASF35
     /tmp/ccykzw8R.s:2412   .debug_str:0000000000000699 .LASF36
     /tmp/ccykzw8R.s:2216   .debug_str:0000000000000021 .LASF37
     /tmp/ccykzw8R.s:2378   .debug_str:00000000000004bc .LASF43
     /tmp/ccykzw8R.s:2258   .debug_str:000000000000014b .LASF39
     /tmp/ccykzw8R.s:2256   .debug_str:0000000000000136 .LASF41
     /tmp/ccykzw8R.s:2370   .debug_str:0000000000000490 .LASF42
     /tmp/ccykzw8R.s:2348   .debug_str:00000000000003e1 .LASF44
     /tmp/ccykzw8R.s:2388   .debug_str:0000000000000515 .LASF45
     /tmp/ccykzw8R.s:2384   .debug_str:00000000000004f0 .LASF46
     /tmp/ccykzw8R.s:2272   .debug_str:00000000000001a1 .LASF47
     /tmp/ccykzw8R.s:2250   .debug_str:0000000000000115 .LASF48
     /tmp/ccykzw8R.s:2212   .debug_str:0000000000000009 .LASF49
     /tmp/ccykzw8R.s:2280   .debug_str:00000000000001d3 .LASF50
     /tmp/ccykzw8R.s:2262   .debug_str:000000000000015c .LASF51
     /tmp/ccykzw8R.s:2230   .debug_str:0000000000000071 .LASF52
     /tmp/ccykzw8R.s:2416   .debug_str:00000000000006bd .LASF53
     /tmp/ccykzw8R.s:2264   .debug_str:0000000000000164 .LASF54
     /tmp/ccykzw8R.s:2324   .debug_str:0000000000000337 .LASF55
     /tmp/ccykzw8R.s:2408   .debug_str:0000000000000681 .LASF56
     /tmp/ccykzw8R.s:2222   .debug_str:000000000000003a .LASF57
     /tmp/ccykzw8R.s:2270   .debug_str:000000000000018e .LASF58
     /tmp/ccykzw8R.s:2274   .debug_str:00000000000001a9 .LASF59
     /tmp/ccykzw8R.s:2386   .debug_str:0000000000000503 .LASF60
     /tmp/ccykzw8R.s:2220   .debug_str:0000000000000034 .LASF61
     /tmp/ccykzw8R.s:2418   .debug_str:00000000000006c5 .LASF62
     /tmp/ccykzw8R.s:2318   .debug_str:000000000000030c .LASF63
     /tmp/ccykzw8R.s:2362   .debug_str:0000000000000447 .LASF64
     /tmp/ccykzw8R.s:2292   .debug_str:000000000000021f .LASF65
     /tmp/ccykzw8R.s:2380   .debug_str:00000000000004d1 .LASF66
     /tmp/ccykzw8R.s:2236   .debug_str:00000000000000b1 .LASF67
     /tmp/ccykzw8R.s:2302   .debug_str:0000000000000282 .LASF68
GAS LISTING /tmp/ccykzw8R.s 			page 14


     /tmp/ccykzw8R.s:2314   .debug_str:00000000000002db .LASF69
     /tmp/ccykzw8R.s:2278   .debug_str:00000000000001bd .LASF70
     /tmp/ccykzw8R.s:2372   .debug_str:0000000000000497 .LASF71
     /tmp/ccykzw8R.s:2232   .debug_str:0000000000000085 .LASF72
     /tmp/ccykzw8R.s:2400   .debug_str:000000000000063e .LASF99
     /tmp/ccykzw8R.s:2296   .debug_str:0000000000000232 .LASF100
     /tmp/ccykzw8R.s:2404   .debug_str:0000000000000663 .LASF101
     /tmp/ccykzw8R.s:10     .text:0000000000000000 .LFB35
     /tmp/ccykzw8R.s:67     .text:000000000000005c .LFE35
     /tmp/ccykzw8R.s:41     .text:0000000000000038 .LBB6
     /tmp/ccykzw8R.s:50     .text:0000000000000040 .LBE6
     /tmp/ccykzw8R.s:2049   .debug_loc:0000000000000000 .LLST0
     /tmp/ccykzw8R.s:2057   .debug_loc:0000000000000024 .LLST1
     /tmp/ccykzw8R.s:27     .text:000000000000001c .LVL0
     /tmp/ccykzw8R.s:54     .text:0000000000000048 .LVL4
     /tmp/ccykzw8R.s:227    .text:0000000000000144 .LFB34
     /tmp/ccykzw8R.s:291    .text:00000000000001ac .LFE34
     /tmp/ccykzw8R.s:2064   .debug_loc:0000000000000047 .LLST8
     /tmp/ccykzw8R.s:245    .text:0000000000000160 .LBB13
     /tmp/ccykzw8R.s:252    .text:0000000000000164 .LBE13
     /tmp/ccykzw8R.s:2075   .debug_loc:000000000000007d .LLST9
     /tmp/ccykzw8R.s:259    .text:0000000000000170 .LVL21
     /tmp/ccykzw8R.s:267    .text:0000000000000188 .LVL22
     /tmp/ccykzw8R.s:288    .text:00000000000001a8 .LVL25
     /tmp/ccykzw8R.s:297    .text:00000000000001ac .LFB33
     /tmp/ccykzw8R.s:322    .text:00000000000001d4 .LFE33
     /tmp/ccykzw8R.s:311    .text:00000000000001c4 .LVL26
     /tmp/ccykzw8R.s:201    .text:0000000000000144 .LFE32
     /tmp/ccykzw8R.s:2082   .debug_loc:00000000000000a0 .LLST2
     /tmp/ccykzw8R.s:2111   .debug_loc:0000000000000115 .LLST3
     /tmp/ccykzw8R.s:2382   .debug_str:00000000000004e9 .LASF73
     /tmp/ccykzw8R.s:2133   .debug_loc:0000000000000174 .LLST4
     /tmp/ccykzw8R.s:108    .text:0000000000000098 .LBB11
     /tmp/ccykzw8R.s:162    .text:0000000000000104 .LBE11
     /tmp/ccykzw8R.s:2155   .debug_loc:00000000000001d3 .LLST5
     /tmp/ccykzw8R.s:2166   .debug_loc:0000000000000209 .LLST6
     /tmp/ccykzw8R.s:2184   .debug_loc:0000000000000255 .LLST7
     /tmp/ccykzw8R.s:119    .text:00000000000000b0 .LVL9
     /tmp/ccykzw8R.s:148    .text:00000000000000f0 .LVL10
     /tmp/ccykzw8R.s:104    .text:0000000000000094 .LVL7
     /tmp/ccykzw8R.s:194    .text:0000000000000138 .LVL17
     /tmp/ccykzw8R.s:198    .text:0000000000000144 .LVL18
     /tmp/ccykzw8R.s:2410   .debug_str:0000000000000694 .LASF74
     /tmp/ccykzw8R.s:2246   .debug_str:00000000000000eb .LASF102
     /tmp/ccykzw8R.s:2344   .debug_str:00000000000003c6 .LASF75
     /tmp/ccykzw8R.s:2346   .debug_str:00000000000003cc .LASF103
     /tmp/ccykzw8R.s:2242   .debug_str:00000000000000cd .LASF104
     /tmp/ccykzw8R.s:2376   .debug_str:00000000000004b6 .LASF76
     /tmp/ccykzw8R.s:2360   .debug_str:0000000000000437 .LASF78
     /tmp/ccykzw8R.s:2300   .debug_str:000000000000027c .LASF77
     /tmp/ccykzw8R.s:2406   .debug_str:0000000000000674 .LASF79
     /tmp/ccykzw8R.s:2306   .debug_str:00000000000002a6 .LASF80
     /tmp/ccykzw8R.s:2374   .debug_str:00000000000004a6 .LASF81
     /tmp/ccykzw8R.s:2282   .debug_str:00000000000001e7 .LASF82
     /tmp/ccykzw8R.s:2398   .debug_str:0000000000000626 .LASF83
     /tmp/ccykzw8R.s:40     .text:0000000000000038 .LVL2
     /tmp/ccykzw8R.s:48     .text:0000000000000040 .LVL3
GAS LISTING /tmp/ccykzw8R.s 			page 15


     /tmp/ccykzw8R.s:243    .text:0000000000000160 .LVL19
     /tmp/ccykzw8R.s:277    .text:0000000000000194 .LVL23
     /tmp/ccykzw8R.s:281    .text:000000000000019c .LVL24
     /tmp/ccykzw8R.s:250    .text:0000000000000164 .LVL20
     /tmp/ccykzw8R.s:78     .text:000000000000005c .LVL5
     /tmp/ccykzw8R.s:101    .text:000000000000008c .LVL6
     /tmp/ccykzw8R.s:176    .text:0000000000000118 .LVL12
     /tmp/ccykzw8R.s:186    .text:0000000000000128 .LVL15
     /tmp/ccykzw8R.s:190    .text:000000000000012c .LVL16
     /tmp/ccykzw8R.s:182    .text:0000000000000120 .LVL14
     /tmp/ccykzw8R.s:179    .text:000000000000011c .LVL13
     /tmp/ccykzw8R.s:107    .text:0000000000000098 .LVL8
     /tmp/ccykzw8R.s:160    .text:0000000000000104 .LVL11
     /tmp/ccykzw8R.s:339    .debug_info:0000000000000000 .Ldebug_info0
     /tmp/ccykzw8R.s:204    .gcc_except_table:0000000000000000 .LLSDA32

UNDEFINED SYMBOLS
_ZN5Riscv10popSppSpieEv
_Z15thread_dispatchv
_Znwm
_Znam
_ZN9Scheduler3putEP3CCB
_ZdlPv
_Unwind_Resume
__gxx_personality_v0
_ZN9Scheduler3getEv
_ZN3CCB13contextSwitchEPNS_7ContextES1_
