GAS LISTING /tmp/ccGZmqfz.s 			page 1


   1              		.file	"riscv.cpp"
   2              		.option pic
   3              		.option norelax
   4              		.text
   5              	.Ltext0:
   6              		.align	2
   7              		.globl	_ZN5Riscv10popSppSpieEv
   9              	_ZN5Riscv10popSppSpieEv:
  10              	.LFB35:
  11              		.file 1 "src/riscv.cpp"
   1:src/riscv.cpp **** //
   2:src/riscv.cpp **** // Created by marko on 20.4.22..
   3:src/riscv.cpp **** //
   4:src/riscv.cpp **** 
   5:src/riscv.cpp **** #include "../h/riscv.hpp"
   6:src/riscv.cpp **** #include "../h/ccb.hpp"
   7:src/riscv.cpp **** #include "../lib/console.h"
   8:src/riscv.cpp **** #include "../h/memAlloc.h"
   9:src/riscv.cpp **** #include "../h/sem.h"
  10:src/riscv.cpp **** 
  11:src/riscv.cpp **** void Riscv::popSppSpie()
  12:src/riscv.cpp **** {
  12              		.loc 1 12 1
  13              		.cfi_startproc
  14 0000 130101FF 		addi	sp,sp,-16
  15              		.cfi_def_cfa_offset 16
  16 0004 23348100 		sd	s0,8(sp)
  17              		.cfi_offset 8, -8
  18 0008 13040101 		addi	s0,sp,16
  19              		.cfi_def_cfa 8, 0
  13:src/riscv.cpp ****     __asm__ volatile("csrw sepc, ra");
  20              		.loc 1 13 5
  21              		.loc 1 13 38 is_stmt 0
  22              	#APP
  23              	# 13 "src/riscv.cpp" 1
  14              	    __asm__ volatile("sret");
  24              		csrw sepc, ra
  25              	# 0 "" 2
  26              		.loc 1 14 5 is_stmt 1
  27              		.loc 1 14 29 is_stmt 0
  28              	# 14 "src/riscv.cpp" 1
  15              	}
  29              		sret
  30              	# 0 "" 2
  31              		.loc 1 15 1
  32              	#NO_APP
  33 0014 03348100 		ld	s0,8(sp)
  34              		.cfi_restore 8
  35              		.cfi_def_cfa 2, 16
  36 0018 13010101 		addi	sp,sp,16
  37              		.cfi_def_cfa_offset 0
  38 001c 67800000 		jr	ra
  39              		.cfi_endproc
  40              	.LFE35:
  42              		.align	2
  43              		.globl	_ZN5Riscv20handleSupervisorTrapEv
  45              	_ZN5Riscv20handleSupervisorTrapEv:
GAS LISTING /tmp/ccGZmqfz.s 			page 2


  46              	.LFB36:
  16:src/riscv.cpp **** 
  17:src/riscv.cpp **** void Riscv::handleSupervisorTrap()
  18:src/riscv.cpp **** {
  47              		.loc 1 18 1 is_stmt 1
  48              		.cfi_startproc
  49 0020 130101FB 		addi	sp,sp,-80
  50              		.cfi_def_cfa_offset 80
  51 0024 23341104 		sd	ra,72(sp)
  52 0028 23308104 		sd	s0,64(sp)
  53 002c 233C9102 		sd	s1,56(sp)
  54              		.cfi_offset 1, -8
  55              		.cfi_offset 8, -16
  56              		.cfi_offset 9, -24
  57 0030 13040105 		addi	s0,sp,80
  58              		.cfi_def_cfa 8, 0
  19:src/riscv.cpp ****     uint64 scause = r_scause();
  59              		.loc 1 19 5
  60              	.LBB41:
  61              	.LBB42:
  62              		.file 2 "src/../h/riscv.hpp"
   1:src/../h/riscv.hpp **** //
   2:src/../h/riscv.hpp **** // Created by marko on 20.4.22..
   3:src/../h/riscv.hpp **** //
   4:src/../h/riscv.hpp **** 
   5:src/../h/riscv.hpp **** #ifndef OS1_VEZBE07_RISCV_CONTEXT_SWITCH_2_INTERRUPT_RISCV_HPP
   6:src/../h/riscv.hpp **** #define OS1_VEZBE07_RISCV_CONTEXT_SWITCH_2_INTERRUPT_RISCV_HPP
   7:src/../h/riscv.hpp **** 
   8:src/../h/riscv.hpp **** #include "../lib/hw.h"
   9:src/../h/riscv.hpp **** 
  10:src/../h/riscv.hpp **** class Riscv
  11:src/../h/riscv.hpp **** {
  12:src/../h/riscv.hpp **** public:
  13:src/../h/riscv.hpp **** 
  14:src/../h/riscv.hpp ****     // pop sstatus.spp and sstatus.spie bits (has to be a non inline function)
  15:src/../h/riscv.hpp ****     static void popSppSpie();
  16:src/../h/riscv.hpp **** 
  17:src/../h/riscv.hpp ****     // read register scause
  18:src/../h/riscv.hpp ****     static uint64 r_scause();
  19:src/../h/riscv.hpp **** 
  20:src/../h/riscv.hpp ****     // write register scause
  21:src/../h/riscv.hpp ****     static void w_scause(uint64 scause);
  22:src/../h/riscv.hpp **** 
  23:src/../h/riscv.hpp ****     // read register sepc
  24:src/../h/riscv.hpp ****     static uint64 r_sepc();
  25:src/../h/riscv.hpp **** 
  26:src/../h/riscv.hpp ****     // write register sepc
  27:src/../h/riscv.hpp ****     static void w_sepc(uint64 sepc);
  28:src/../h/riscv.hpp **** 
  29:src/../h/riscv.hpp ****     // read register stvec
  30:src/../h/riscv.hpp ****     static uint64 r_stvec();
  31:src/../h/riscv.hpp **** 
  32:src/../h/riscv.hpp ****     // write register stvec
  33:src/../h/riscv.hpp ****     static void w_stvec(uint64 stvec);
  34:src/../h/riscv.hpp **** 
  35:src/../h/riscv.hpp ****     // read register stval
  36:src/../h/riscv.hpp ****     static uint64 r_stval();
GAS LISTING /tmp/ccGZmqfz.s 			page 3


  37:src/../h/riscv.hpp **** 
  38:src/../h/riscv.hpp ****     // write register stval
  39:src/../h/riscv.hpp ****     static void w_stval(uint64 stval);
  40:src/../h/riscv.hpp **** 
  41:src/../h/riscv.hpp ****     enum BitMaskSip
  42:src/../h/riscv.hpp ****     {
  43:src/../h/riscv.hpp ****         SIP_SSIP = (1 << 1),
  44:src/../h/riscv.hpp ****         SIP_STIP = (1 << 5),
  45:src/../h/riscv.hpp ****         SIP_SEIP = (1 << 9),
  46:src/../h/riscv.hpp ****     };
  47:src/../h/riscv.hpp **** 
  48:src/../h/riscv.hpp ****     // mask set register sip
  49:src/../h/riscv.hpp ****     static void ms_sip(uint64 mask);
  50:src/../h/riscv.hpp **** 
  51:src/../h/riscv.hpp ****     // mask clear register sip
  52:src/../h/riscv.hpp ****     static void mc_sip(uint64 mask);
  53:src/../h/riscv.hpp **** 
  54:src/../h/riscv.hpp ****     // read register sip
  55:src/../h/riscv.hpp ****     static uint64 r_sip();
  56:src/../h/riscv.hpp **** 
  57:src/../h/riscv.hpp ****     // write register sip
  58:src/../h/riscv.hpp ****     static void w_sip(uint64 sip);
  59:src/../h/riscv.hpp **** 
  60:src/../h/riscv.hpp ****     enum BitMaskSstatus
  61:src/../h/riscv.hpp ****     {
  62:src/../h/riscv.hpp ****         SSTATUS_SIE = (1 << 1),
  63:src/../h/riscv.hpp ****         SSTATUS_SPIE = (1 << 5),
  64:src/../h/riscv.hpp ****         SSTATUS_SPP = (1 << 8),
  65:src/../h/riscv.hpp ****     };
  66:src/../h/riscv.hpp **** 
  67:src/../h/riscv.hpp ****     // mask set register sstatus
  68:src/../h/riscv.hpp ****     static void ms_sstatus(uint64 mask);
  69:src/../h/riscv.hpp **** 
  70:src/../h/riscv.hpp ****     // mask clear register sstatus
  71:src/../h/riscv.hpp ****     static void mc_sstatus(uint64 mask);
  72:src/../h/riscv.hpp **** 
  73:src/../h/riscv.hpp ****     // read register sstatus
  74:src/../h/riscv.hpp ****     static uint64 r_sstatus();
  75:src/../h/riscv.hpp **** 
  76:src/../h/riscv.hpp ****     // write register sstatus
  77:src/../h/riscv.hpp ****     static void w_sstatus(uint64 sstatus);
  78:src/../h/riscv.hpp **** 
  79:src/../h/riscv.hpp ****     // supervisor trap
  80:src/../h/riscv.hpp ****     static void supervisorTrap();
  81:src/../h/riscv.hpp **** 
  82:src/../h/riscv.hpp **** private:
  83:src/../h/riscv.hpp **** 
  84:src/../h/riscv.hpp ****     // supervisor trap handler
  85:src/../h/riscv.hpp ****     static void handleSupervisorTrap();
  86:src/../h/riscv.hpp **** 
  87:src/../h/riscv.hpp **** };
  88:src/../h/riscv.hpp **** 
  89:src/../h/riscv.hpp **** inline uint64 Riscv::r_scause()
  90:src/../h/riscv.hpp **** {
  91:src/../h/riscv.hpp ****     uint64 volatile scause;
  63              		.loc 2 91 5
  92:src/../h/riscv.hpp ****     __asm__ volatile ("csrr %[scause], scause" : [scause] "=r"(scause));
GAS LISTING /tmp/ccGZmqfz.s 			page 4


  64              		.loc 2 92 5
  65              		.loc 2 92 72 is_stmt 0
  66              	#APP
  67              	# 92 "src/../h/riscv.hpp" 1
  93              	    return scause;
  68              		csrr a5, scause
  69              	# 0 "" 2
  70              	#NO_APP
  71 0038 2330F4FC 		sd	a5,-64(s0)
  72              		.loc 2 93 5 is_stmt 1
  73              		.loc 2 93 12 is_stmt 0
  74 003c 033704FC 		ld	a4,-64(s0)
  75              	.LVL0:
  76              	.LBE42:
  77              	.LBE41:
  20:src/riscv.cpp **** 
  21:src/riscv.cpp ****     uint64 volatile code;
  78              		.loc 1 21 5 is_stmt 1
  22:src/riscv.cpp ****     __asm__ volatile("ld %0, 80(s0)" : "=r" (code));
  79              		.loc 1 22 5
  80              		.loc 1 22 52 is_stmt 0
  81              	#APP
  82              	# 22 "src/riscv.cpp" 1
  23              	
  83              		ld a5, 80(s0)
  84              	# 0 "" 2
  85              	#NO_APP
  86 0044 233CF4FC 		sd	a5,-40(s0)
  24:src/riscv.cpp ****     if (scause == 0x0000000000000008UL || scause == 0x0000000000000009UL)
  87              		.loc 1 24 5 is_stmt 1
  88              	.LBB43:
  89              		.loc 1 24 40 is_stmt 0
  90 0048 930687FF 		addi	a3,a4,-8
  91              		.loc 1 24 5
  92 004c 93071000 		li	a5,1
  93 0050 63F8D702 		bleu	a3,a5,.L39
  25:src/riscv.cpp ****     {
  26:src/riscv.cpp ****         // interrupt: no; cause code: environment call from U-mode(8) or S-mode(9)
  27:src/riscv.cpp ****         uint64 volatile sepc = r_sepc()	+ 4;
  28:src/riscv.cpp ****         uint64 volatile sstatus = r_sstatus();
  29:src/riscv.cpp **** 
  30:src/riscv.cpp ****         switch(code){
  31:src/riscv.cpp ****             case 0x01:{
  32:src/riscv.cpp ****                 uint64 block;
  33:src/riscv.cpp ****                 __asm__ volatile ( "mv %0, a1" : "=r"( block ) );
  34:src/riscv.cpp ****                 size_t size = block;
  35:src/riscv.cpp **** 
  36:src/riscv.cpp ****                 void *ptr = MemAlloc::getInstance()->mem_alloc(size);
  37:src/riscv.cpp **** 
  38:src/riscv.cpp ****                 __asm__ volatile("sd %0, 80(fp)" : : "r" (ptr));
  39:src/riscv.cpp **** 
  40:src/riscv.cpp ****                 break;
  41:src/riscv.cpp ****             }
  42:src/riscv.cpp **** 
  43:src/riscv.cpp ****             case 0x02:{
  44:src/riscv.cpp ****                 void *addr;
  45:src/riscv.cpp ****                 __asm__ volatile ( "mv %0, a1" : "=r"( addr ) );
GAS LISTING /tmp/ccGZmqfz.s 			page 5


  46:src/riscv.cpp **** 
  47:src/riscv.cpp ****                 int x = MemAlloc::getInstance()->mem_free(addr);
  48:src/riscv.cpp **** 
  49:src/riscv.cpp ****                 __asm__ volatile("sd %0, 80(fp)" : : "r" (x));
  50:src/riscv.cpp **** 
  51:src/riscv.cpp ****                 break;
  52:src/riscv.cpp ****             }
  53:src/riscv.cpp **** 
  54:src/riscv.cpp ****             case 0x11: {
  55:src/riscv.cpp ****                 uint64 handle;
  56:src/riscv.cpp ****                 uint64 startRoutine;
  57:src/riscv.cpp ****                 uint64 arg;
  58:src/riscv.cpp **** 
  59:src/riscv.cpp ****                 __asm__ volatile ( "mv %0, a1" : "=r"( handle ) );
  60:src/riscv.cpp ****                 __asm__ volatile ( "mv %0, a2" : "=r"( startRoutine ) );
  61:src/riscv.cpp ****                 __asm__ volatile ( "mv %0, t0" : "=r"( arg ) );
  62:src/riscv.cpp **** 
  63:src/riscv.cpp ****                 CCB::createCoroutine((CCB::Body)startRoutine, (void*)arg, (thread_t*)handle);
  64:src/riscv.cpp **** 
  65:src/riscv.cpp ****                 int ret;
  66:src/riscv.cpp **** 
  67:src/riscv.cpp ****                 if((thread_t*)handle){
  68:src/riscv.cpp ****                     ret = 0;
  69:src/riscv.cpp ****                 }
  70:src/riscv.cpp ****                 else{
  71:src/riscv.cpp ****                     ret = -1;
  72:src/riscv.cpp ****                 }
  73:src/riscv.cpp **** 
  74:src/riscv.cpp ****                 __asm__ volatile("sd %0, 80(fp)" : : "r" (ret));
  75:src/riscv.cpp **** 
  76:src/riscv.cpp ****                 break;
  77:src/riscv.cpp ****             }
  78:src/riscv.cpp **** 
  79:src/riscv.cpp ****             case 0x12: {
  80:src/riscv.cpp **** 
  81:src/riscv.cpp ****                 uint64 ret;
  82:src/riscv.cpp **** 
  83:src/riscv.cpp ****                 if (CCB::running == 0) ret = -1;
  84:src/riscv.cpp ****                 else {
  85:src/riscv.cpp ****                     CCB::running->setFinished(true);
  86:src/riscv.cpp ****                     CCB::dispatch();
  87:src/riscv.cpp ****                     ret=0;
  88:src/riscv.cpp ****                 }
  89:src/riscv.cpp ****                 if(!(CCB::running->isFinished())) ret=-1;
  90:src/riscv.cpp **** 
  91:src/riscv.cpp ****                 __asm__ volatile("sd %0, 80(fp)" : : "r" (ret));
  92:src/riscv.cpp **** 
  93:src/riscv.cpp ****                 break;
  94:src/riscv.cpp ****             }
  95:src/riscv.cpp **** 
  96:src/riscv.cpp ****             case 0x13: {
  97:src/riscv.cpp **** 
  98:src/riscv.cpp ****                 CCB::dispatch();
  99:src/riscv.cpp **** 
 100:src/riscv.cpp ****                 break;
 101:src/riscv.cpp ****             }
 102:src/riscv.cpp **** 
GAS LISTING /tmp/ccGZmqfz.s 			page 6


 103:src/riscv.cpp ****             //sem_open
 104:src/riscv.cpp ****             case 0x21:{
 105:src/riscv.cpp ****                 sem_t *handle;
 106:src/riscv.cpp ****                 uint64 init;
 107:src/riscv.cpp ****                 uint64 ret;
 108:src/riscv.cpp **** 
 109:src/riscv.cpp ****                 __asm__ volatile ("mv %0, a1" : "=r"(handle));
 110:src/riscv.cpp ****                 __asm__ volatile ("mv %0, a2" : "=r"(init));
 111:src/riscv.cpp **** 
 112:src/riscv.cpp ****                 Sem::createSem((sem_t*)handle,init);
 113:src/riscv.cpp **** 
 114:src/riscv.cpp ****                 if ((sem_t*)handle) {
 115:src/riscv.cpp ****                     ret = 0;
 116:src/riscv.cpp ****                 }
 117:src/riscv.cpp ****                 else {
 118:src/riscv.cpp ****                     ret = -1;
 119:src/riscv.cpp ****                 }
 120:src/riscv.cpp **** 
 121:src/riscv.cpp ****                 __asm__ volatile("sd %0, 80(fp)" : : "r" (ret));
 122:src/riscv.cpp **** 
 123:src/riscv.cpp ****                 break;
 124:src/riscv.cpp ****             }
 125:src/riscv.cpp **** 
 126:src/riscv.cpp ****             //sem_close
 127:src/riscv.cpp ****             case 0x22: {
 128:src/riscv.cpp ****                 sem_t handle;
 129:src/riscv.cpp ****                 uint64 ret;
 130:src/riscv.cpp **** 
 131:src/riscv.cpp ****                 __asm__ volatile ("mv %0, a1" : "=r"(handle));
 132:src/riscv.cpp **** 
 133:src/riscv.cpp ****                 if(handle == 0) ret= -1;
 134:src/riscv.cpp ****                 else{
 135:src/riscv.cpp ****                     handle->~Sem();
 136:src/riscv.cpp ****                     ret=0;
 137:src/riscv.cpp ****                 }
 138:src/riscv.cpp **** 
 139:src/riscv.cpp ****                 __asm__ volatile("sd %0, 80(fp)" : : "r" ((uint64)ret));
 140:src/riscv.cpp **** 
 141:src/riscv.cpp ****                 break;
 142:src/riscv.cpp **** 
 143:src/riscv.cpp ****             }
 144:src/riscv.cpp **** 
 145:src/riscv.cpp ****             //wait
 146:src/riscv.cpp ****             case 0x23:{
 147:src/riscv.cpp ****                 sem_t handle;
 148:src/riscv.cpp ****                 uint64 ret;
 149:src/riscv.cpp **** 
 150:src/riscv.cpp ****                 __asm__ volatile ("mv %0, a1" : "=r"(handle));
 151:src/riscv.cpp ****                 if(handle == 0) ret= -1;
 152:src/riscv.cpp ****                 else {
 153:src/riscv.cpp ****                     ret=handle->wait();
 154:src/riscv.cpp ****                 }
 155:src/riscv.cpp **** 
 156:src/riscv.cpp ****                 __asm__ volatile("sd %0, 80(fp)" : : "r" (ret));
 157:src/riscv.cpp **** 
 158:src/riscv.cpp ****                 break;
 159:src/riscv.cpp **** 
GAS LISTING /tmp/ccGZmqfz.s 			page 7


 160:src/riscv.cpp ****             }
 161:src/riscv.cpp **** 
 162:src/riscv.cpp ****             //signal
 163:src/riscv.cpp ****             case 0x24:{
 164:src/riscv.cpp ****                 sem_t handle;
 165:src/riscv.cpp ****                 uint64 ret;
 166:src/riscv.cpp **** 
 167:src/riscv.cpp ****                 __asm__ volatile ("mv %0, a1" : "=r"(handle));
 168:src/riscv.cpp ****                 if(handle == 0) ret= -1;
 169:src/riscv.cpp ****                 else {
 170:src/riscv.cpp ****                     ret = handle->signal();
 171:src/riscv.cpp ****                 }
 172:src/riscv.cpp **** 
 173:src/riscv.cpp ****                 __asm__ volatile("sd %0, 80(fp)" : : "r" (ret));
 174:src/riscv.cpp **** 
 175:src/riscv.cpp ****                 break;
 176:src/riscv.cpp **** 
 177:src/riscv.cpp **** 
 178:src/riscv.cpp ****             }
 179:src/riscv.cpp **** 
 180:src/riscv.cpp ****             //trywait
 181:src/riscv.cpp ****             case 0x26:{
 182:src/riscv.cpp ****                 sem_t id;
 183:src/riscv.cpp ****                 uint64 ret;
 184:src/riscv.cpp **** 
 185:src/riscv.cpp ****                 __asm__ volatile ("mv %0, a1" : "=r"(id));
 186:src/riscv.cpp **** 
 187:src/riscv.cpp ****                 if(id == 0) ret= -1;
 188:src/riscv.cpp ****                 else {
 189:src/riscv.cpp ****                     ret = id->value;
 190:src/riscv.cpp ****                 }
 191:src/riscv.cpp **** 
 192:src/riscv.cpp ****                 __asm__ volatile("sd %0, 80(s0)" : : "r" (ret));
 193:src/riscv.cpp **** 
 194:src/riscv.cpp ****                 break;
 195:src/riscv.cpp **** 
 196:src/riscv.cpp ****             }
 197:src/riscv.cpp **** 
 198:src/riscv.cpp ****             //getc
 199:src/riscv.cpp ****             case 0x41:{
 200:src/riscv.cpp ****                 char ret= __getc();
 201:src/riscv.cpp ****                 __asm__ volatile("sd %0, 80(s0)" : : "r" (ret));
 202:src/riscv.cpp **** 
 203:src/riscv.cpp ****                 break;
 204:src/riscv.cpp ****             }
 205:src/riscv.cpp **** 
 206:src/riscv.cpp ****             //putc
 207:src/riscv.cpp ****             case 0x42:{
 208:src/riscv.cpp ****                 uint64 c;
 209:src/riscv.cpp ****                 __asm__ volatile ("mv %0, a1" : "=r"(c));
 210:src/riscv.cpp ****                 __putc(c);
 211:src/riscv.cpp **** 
 212:src/riscv.cpp ****                 break;
 213:src/riscv.cpp ****             }
 214:src/riscv.cpp **** 
 215:src/riscv.cpp ****             case 0x51:{
 216:src/riscv.cpp ****                 w_sstatus(sstatus);
GAS LISTING /tmp/ccGZmqfz.s 			page 8


 217:src/riscv.cpp ****                 w_sepc(sepc);
 218:src/riscv.cpp ****                 mc_sip(SIP_SSIP);
 219:src/riscv.cpp ****                 mc_sstatus(SSTATUS_SPP);
 220:src/riscv.cpp ****                 return;
 221:src/riscv.cpp ****             }
 222:src/riscv.cpp ****         }
 223:src/riscv.cpp ****         w_sstatus(sstatus);
 224:src/riscv.cpp ****         w_sepc(sepc);
 225:src/riscv.cpp ****     }
 226:src/riscv.cpp ****     else if (scause == 0x8000000000000001UL)
  94              		.loc 1 226 10 is_stmt 1
  95 0054 9307F0FF 		li	a5,-1
  96 0058 9397F703 		slli	a5,a5,63
  97 005c 93871700 		addi	a5,a5,1
  98 0060 6304F724 		beq	a4,a5,.L40
 227:src/riscv.cpp ****     {
 228:src/riscv.cpp ****         // interrupt: yes; cause code: supervisor software interrupt (CLINT; machine timer interrup
 229:src/riscv.cpp ****         mc_sip(SIP_SSIP);
 230:src/riscv.cpp ****     }
 231:src/riscv.cpp ****     else if (scause == 0x8000000000000009UL)
  99              		.loc 1 231 10
 100 0064 9307F0FF 		li	a5,-1
 101 0068 9397F703 		slli	a5,a5,63
 102 006c 93879700 		addi	a5,a5,9
 103 0070 6314F708 		bne	a4,a5,.L3
 232:src/riscv.cpp ****     {
 233:src/riscv.cpp ****         // interrupt: yes; cause code: supervisor external interrupt (PLIC; could be keyboard)
 234:src/riscv.cpp ****         console_handler();
 104              		.loc 1 234 9
 105              		.loc 1 234 24 is_stmt 0
 106 0074 97000000 		call	console_handler@plt
 106      E7800000 
 107              	.LVL1:
 108 007c 6F00C007 		j	.L3
 109              	.LVL2:
 110              	.L39:
 111              	.LBB44:
  27:src/riscv.cpp ****         uint64 volatile sstatus = r_sstatus();
 112              		.loc 1 27 9 is_stmt 1
 113              	.LBB45:
 114              	.LBB46:
  94:src/../h/riscv.hpp **** }
  95:src/../h/riscv.hpp **** 
  96:src/../h/riscv.hpp **** inline void Riscv::w_scause(uint64 scause)
  97:src/../h/riscv.hpp **** {
  98:src/../h/riscv.hpp ****     __asm__ volatile ("csrw scause, %[scause]" : : [scause] "r"(scause));
  99:src/../h/riscv.hpp **** }
 100:src/../h/riscv.hpp **** 
 101:src/../h/riscv.hpp **** inline uint64 Riscv::r_sepc()
 102:src/../h/riscv.hpp **** {
 103:src/../h/riscv.hpp ****     uint64 volatile sepc;
 115              		.loc 2 103 5
 104:src/../h/riscv.hpp ****     __asm__ volatile ("csrr %[sepc], sepc" : [sepc] "=r"(sepc));
 116              		.loc 2 104 5
 117              		.loc 2 104 64 is_stmt 0
 118              	#APP
 119              	# 104 "src/../h/riscv.hpp" 1
GAS LISTING /tmp/ccGZmqfz.s 			page 9


 105              	    return sepc;
 120              		csrr a5, sepc
 121              	# 0 "" 2
 122              	#NO_APP
 123 0084 2338F4FC 		sd	a5,-48(s0)
 124              		.loc 2 105 5 is_stmt 1
 125              		.loc 2 105 12 is_stmt 0
 126 0088 833704FD 		ld	a5,-48(s0)
 127              	.LBE46:
 128              	.LBE45:
  27:src/riscv.cpp ****         uint64 volatile sstatus = r_sstatus();
 129              		.loc 1 27 41
 130 008c 93874700 		addi	a5,a5,4
  27:src/riscv.cpp ****         uint64 volatile sstatus = r_sstatus();
 131              		.loc 1 27 43
 132 0090 2338F4FA 		sd	a5,-80(s0)
  28:src/riscv.cpp **** 
 133              		.loc 1 28 9 is_stmt 1
 134              	.LBB47:
 135              	.LBB48:
 106:src/../h/riscv.hpp **** }
 107:src/../h/riscv.hpp **** 
 108:src/../h/riscv.hpp **** inline void Riscv::w_sepc(uint64 sepc)
 109:src/../h/riscv.hpp **** {
 110:src/../h/riscv.hpp ****     __asm__ volatile ("csrw sepc, %[sepc]" : : [sepc] "r"(sepc));
 111:src/../h/riscv.hpp **** }
 112:src/../h/riscv.hpp **** 
 113:src/../h/riscv.hpp **** inline uint64 Riscv::r_stvec()
 114:src/../h/riscv.hpp **** {
 115:src/../h/riscv.hpp ****     uint64 volatile stvec;
 116:src/../h/riscv.hpp ****     __asm__ volatile ("csrr %[stvec], stvec" : [stvec] "=r"(stvec));
 117:src/../h/riscv.hpp ****     return stvec;
 118:src/../h/riscv.hpp **** }
 119:src/../h/riscv.hpp **** 
 120:src/../h/riscv.hpp **** inline void Riscv::w_stvec(uint64 stvec)
 121:src/../h/riscv.hpp **** {
 122:src/../h/riscv.hpp ****     __asm__ volatile ("csrw stvec, %[stvec]" : : [stvec] "r"(stvec));
 123:src/../h/riscv.hpp **** }
 124:src/../h/riscv.hpp **** 
 125:src/../h/riscv.hpp **** inline uint64 Riscv::r_stval()
 126:src/../h/riscv.hpp **** {
 127:src/../h/riscv.hpp ****     uint64 volatile stval;
 128:src/../h/riscv.hpp ****     __asm__ volatile ("csrr %[stval], stval" : [stval] "=r"(stval));
 129:src/../h/riscv.hpp ****     return stval;
 130:src/../h/riscv.hpp **** }
 131:src/../h/riscv.hpp **** 
 132:src/../h/riscv.hpp **** inline void Riscv::w_stval(uint64 stval)
 133:src/../h/riscv.hpp **** {
 134:src/../h/riscv.hpp ****     __asm__ volatile ("csrw stval, %[stval]" : : [stval] "r"(stval));
 135:src/../h/riscv.hpp **** }
 136:src/../h/riscv.hpp **** 
 137:src/../h/riscv.hpp **** inline void Riscv::ms_sip(uint64 mask)
 138:src/../h/riscv.hpp **** {
 139:src/../h/riscv.hpp ****     __asm__ volatile ("csrs sip, %[mask]" : : [mask] "r"(mask));
 140:src/../h/riscv.hpp **** }
 141:src/../h/riscv.hpp **** 
 142:src/../h/riscv.hpp **** inline void Riscv::mc_sip(uint64 mask)
GAS LISTING /tmp/ccGZmqfz.s 			page 10


 143:src/../h/riscv.hpp **** {
 144:src/../h/riscv.hpp ****     __asm__ volatile ("csrc sip, %[mask]" : : [mask] "r"(mask));
 145:src/../h/riscv.hpp **** }
 146:src/../h/riscv.hpp **** 
 147:src/../h/riscv.hpp **** inline uint64 Riscv::r_sip()
 148:src/../h/riscv.hpp **** {
 149:src/../h/riscv.hpp ****     uint64 volatile sip;
 150:src/../h/riscv.hpp ****     __asm__ volatile ("csrr %[sip], sip" : [sip] "=r"(sip));
 151:src/../h/riscv.hpp ****     return sip;
 152:src/../h/riscv.hpp **** }
 153:src/../h/riscv.hpp **** 
 154:src/../h/riscv.hpp **** inline void Riscv::w_sip(uint64 sip)
 155:src/../h/riscv.hpp **** {
 156:src/../h/riscv.hpp ****     __asm__ volatile ("csrw sip, %[sip]" : : [sip] "r"(sip));
 157:src/../h/riscv.hpp **** }
 158:src/../h/riscv.hpp **** 
 159:src/../h/riscv.hpp **** inline void Riscv::ms_sstatus(uint64 mask)
 160:src/../h/riscv.hpp **** {
 161:src/../h/riscv.hpp ****     __asm__ volatile ("csrs sstatus, %[mask]" : : [mask] "r"(mask));
 162:src/../h/riscv.hpp **** }
 163:src/../h/riscv.hpp **** 
 164:src/../h/riscv.hpp **** inline void Riscv::mc_sstatus(uint64 mask)
 165:src/../h/riscv.hpp **** {
 166:src/../h/riscv.hpp ****     __asm__ volatile ("csrc sstatus, %[mask]" : : [mask] "r"(mask));
 167:src/../h/riscv.hpp **** }
 168:src/../h/riscv.hpp **** 
 169:src/../h/riscv.hpp **** inline uint64 Riscv::r_sstatus()
 170:src/../h/riscv.hpp **** {
 171:src/../h/riscv.hpp ****     uint64 volatile sstatus;
 136              		.loc 2 171 5
 172:src/../h/riscv.hpp ****     __asm__ volatile ("csrr %[sstatus], sstatus" : [sstatus] "=r"(sstatus));
 137              		.loc 2 172 5
 138              		.loc 2 172 76 is_stmt 0
 139              	#APP
 140              	# 172 "src/../h/riscv.hpp" 1
 173              	    return sstatus;
 141              		csrr a5, sstatus
 142              	# 0 "" 2
 143              	#NO_APP
 144 0098 2334F4FC 		sd	a5,-56(s0)
 145              		.loc 2 173 5 is_stmt 1
 146              		.loc 2 173 12 is_stmt 0
 147 009c 833784FC 		ld	a5,-56(s0)
 148              	.LBE48:
 149              	.LBE47:
  28:src/riscv.cpp **** 
 150              		.loc 1 28 45
 151 00a0 233CF4FA 		sd	a5,-72(s0)
  30:src/riscv.cpp ****             case 0x01:{
 152              		.loc 1 30 9 is_stmt 1
 153              	.LBB49:
  30:src/riscv.cpp ****             case 0x01:{
 154              		.loc 1 30 16 is_stmt 0
 155 00a4 833784FD 		ld	a5,-40(s0)
 156 00a8 13071005 		li	a4,81
 157              	.LVL3:
 158 00ac 636EF702 		bgtu	a5,a4,.L5
GAS LISTING /tmp/ccGZmqfz.s 			page 11


 159 00b0 93972700 		slli	a5,a5,2
 160 00b4 17070000 		lla	a4,.L7
 160      13070700 
 161 00bc B387E700 		add	a5,a5,a4
 162 00c0 83A70700 		lw	a5,0(a5)
 163 00c4 B387E700 		add	a5,a5,a4
 164 00c8 67800700 		jr	a5
 165              		.section	.rodata
 166              		.align	2
 167              		.align	2
 168              	.L7:
 169 0000 00000000 		.word	.L5-.L7
 170 0004 00000000 		.word	.L19-.L7
 171 0008 00000000 		.word	.L18-.L7
 172 000c 00000000 		.word	.L5-.L7
 173 0010 00000000 		.word	.L5-.L7
 174 0014 00000000 		.word	.L5-.L7
 175 0018 00000000 		.word	.L5-.L7
 176 001c 00000000 		.word	.L5-.L7
 177 0020 00000000 		.word	.L5-.L7
 178 0024 00000000 		.word	.L5-.L7
 179 0028 00000000 		.word	.L5-.L7
 180 002c 00000000 		.word	.L5-.L7
 181 0030 00000000 		.word	.L5-.L7
 182 0034 00000000 		.word	.L5-.L7
 183 0038 00000000 		.word	.L5-.L7
 184 003c 00000000 		.word	.L5-.L7
 185 0040 00000000 		.word	.L5-.L7
 186 0044 00000000 		.word	.L17-.L7
 187 0048 00000000 		.word	.L16-.L7
 188 004c 00000000 		.word	.L15-.L7
 189 0050 00000000 		.word	.L5-.L7
 190 0054 00000000 		.word	.L5-.L7
 191 0058 00000000 		.word	.L5-.L7
 192 005c 00000000 		.word	.L5-.L7
 193 0060 00000000 		.word	.L5-.L7
 194 0064 00000000 		.word	.L5-.L7
 195 0068 00000000 		.word	.L5-.L7
 196 006c 00000000 		.word	.L5-.L7
 197 0070 00000000 		.word	.L5-.L7
 198 0074 00000000 		.word	.L5-.L7
 199 0078 00000000 		.word	.L5-.L7
 200 007c 00000000 		.word	.L5-.L7
 201 0080 00000000 		.word	.L5-.L7
 202 0084 00000000 		.word	.L14-.L7
 203 0088 00000000 		.word	.L13-.L7
 204 008c 00000000 		.word	.L12-.L7
 205 0090 00000000 		.word	.L11-.L7
 206 0094 00000000 		.word	.L5-.L7
 207 0098 00000000 		.word	.L10-.L7
 208 009c 00000000 		.word	.L5-.L7
 209 00a0 00000000 		.word	.L5-.L7
 210 00a4 00000000 		.word	.L5-.L7
 211 00a8 00000000 		.word	.L5-.L7
 212 00ac 00000000 		.word	.L5-.L7
 213 00b0 00000000 		.word	.L5-.L7
 214 00b4 00000000 		.word	.L5-.L7
GAS LISTING /tmp/ccGZmqfz.s 			page 12


 215 00b8 00000000 		.word	.L5-.L7
 216 00bc 00000000 		.word	.L5-.L7
 217 00c0 00000000 		.word	.L5-.L7
 218 00c4 00000000 		.word	.L5-.L7
 219 00c8 00000000 		.word	.L5-.L7
 220 00cc 00000000 		.word	.L5-.L7
 221 00d0 00000000 		.word	.L5-.L7
 222 00d4 00000000 		.word	.L5-.L7
 223 00d8 00000000 		.word	.L5-.L7
 224 00dc 00000000 		.word	.L5-.L7
 225 00e0 00000000 		.word	.L5-.L7
 226 00e4 00000000 		.word	.L5-.L7
 227 00e8 00000000 		.word	.L5-.L7
 228 00ec 00000000 		.word	.L5-.L7
 229 00f0 00000000 		.word	.L5-.L7
 230 00f4 00000000 		.word	.L5-.L7
 231 00f8 00000000 		.word	.L5-.L7
 232 00fc 00000000 		.word	.L5-.L7
 233 0100 00000000 		.word	.L5-.L7
 234 0104 00000000 		.word	.L9-.L7
 235 0108 00000000 		.word	.L8-.L7
 236 010c 00000000 		.word	.L5-.L7
 237 0110 00000000 		.word	.L5-.L7
 238 0114 00000000 		.word	.L5-.L7
 239 0118 00000000 		.word	.L5-.L7
 240 011c 00000000 		.word	.L5-.L7
 241 0120 00000000 		.word	.L5-.L7
 242 0124 00000000 		.word	.L5-.L7
 243 0128 00000000 		.word	.L5-.L7
 244 012c 00000000 		.word	.L5-.L7
 245 0130 00000000 		.word	.L5-.L7
 246 0134 00000000 		.word	.L5-.L7
 247 0138 00000000 		.word	.L5-.L7
 248 013c 00000000 		.word	.L5-.L7
 249 0140 00000000 		.word	.L5-.L7
 250 0144 00000000 		.word	.L6-.L7
 251              		.text
 252              	.L19:
 253              	.LBB50:
  31:src/riscv.cpp ****                 uint64 block;
 254              		.loc 1 31 13 is_stmt 1
  31:src/riscv.cpp ****                 uint64 block;
 255              		.loc 1 31 23
 256              	.LBB51:
  32:src/riscv.cpp ****                 __asm__ volatile ( "mv %0, a1" : "=r"( block ) );
 257              		.loc 1 32 17
  33:src/riscv.cpp ****                 size_t size = block;
 258              		.loc 1 33 17
  33:src/riscv.cpp ****                 size_t size = block;
 259              		.loc 1 33 65 is_stmt 0
 260              	#APP
 261              	# 33 "src/riscv.cpp" 1
 262              		mv s1, a1
 263              	# 0 "" 2
 264              	.LVL4:
  34:src/riscv.cpp **** 
 265              		.loc 1 34 17 is_stmt 1
GAS LISTING /tmp/ccGZmqfz.s 			page 13


  36:src/riscv.cpp **** 
 266              		.loc 1 36 17
  36:src/riscv.cpp **** 
 267              		.loc 1 36 63 is_stmt 0
 268              	#NO_APP
 269 00d0 97000000 		call	_ZN8MemAlloc11getInstanceEv@plt
 269      E7800000 
 270              	.LVL5:
 271 00d8 93850400 		mv	a1,s1
 272 00dc 97000000 		call	_ZN8MemAlloc9mem_allocEm@plt
 272      E7800000 
 273              	.LVL6:
  38:src/riscv.cpp **** 
 274              		.loc 1 38 17 is_stmt 1
  38:src/riscv.cpp **** 
 275              		.loc 1 38 64 is_stmt 0
 276              	#APP
 277              	# 38 "src/riscv.cpp" 1
  40:src/riscv.cpp ****             }
 278              		sd a0, 80(fp)
 279              	# 0 "" 2
 280              		.loc 1 40 17 is_stmt 1
 281              	.LVL7:
 282              	#NO_APP
 283              	.L5:
 284              	.LBE51:
 285              	.LBE50:
 286              	.LBE49:
 223:src/riscv.cpp ****         w_sepc(sepc);
 287              		.loc 1 223 9
 223:src/riscv.cpp ****         w_sepc(sepc);
 288              		.loc 1 223 18 is_stmt 0
 289 00e8 833784FB 		ld	a5,-72(s0)
 290              	.LVL8:
 291              	.LBB75:
 292              	.LBB76:
 174:src/../h/riscv.hpp **** }
 175:src/../h/riscv.hpp **** 
 176:src/../h/riscv.hpp **** inline void Riscv::w_sstatus(uint64 sstatus)
 177:src/../h/riscv.hpp **** {
 178:src/../h/riscv.hpp ****     __asm__ volatile ("csrw sstatus, %[sstatus]" : : [sstatus] "r"(sstatus));
 293              		.loc 2 178 5 is_stmt 1
 294              		.loc 2 178 77 is_stmt 0
 295              	#APP
 296              	# 178 "src/../h/riscv.hpp" 1
 179              	}
 297              		csrw sstatus, a5
 298              	# 0 "" 2
 299              	.LVL9:
 300              	#NO_APP
 301              	.LBE76:
 302              	.LBE75:
 224:src/riscv.cpp ****     }
 303              		.loc 1 224 9 is_stmt 1
 224:src/riscv.cpp ****     }
 304              		.loc 1 224 15 is_stmt 0
 305 00f0 833704FB 		ld	a5,-80(s0)
GAS LISTING /tmp/ccGZmqfz.s 			page 14


 306              	.LVL10:
 307              	.LBB77:
 308              	.LBB78:
 110:src/../h/riscv.hpp **** }
 309              		.loc 2 110 5 is_stmt 1
 110:src/../h/riscv.hpp **** }
 310              		.loc 2 110 65 is_stmt 0
 311              	#APP
 312              	# 110 "src/../h/riscv.hpp" 1
 313              		csrw sepc, a5
 314              	# 0 "" 2
 315              	.LVL11:
 316              	#NO_APP
 317              	.L3:
 318              	.LBE78:
 319              	.LBE77:
 320              	.LBE44:
 321              	.LBE43:
 235:src/riscv.cpp ****     }
 236:src/riscv.cpp ****     else
 237:src/riscv.cpp ****     {
 238:src/riscv.cpp ****         // unexpected trap cause
 239:src/riscv.cpp ****     }
 240:src/riscv.cpp **** }...
 322              		.loc 1 240 1
 323 00f8 83308104 		ld	ra,72(sp)
 324              		.cfi_remember_state
 325              		.cfi_restore 1
 326 00fc 03340104 		ld	s0,64(sp)
 327              		.cfi_restore 8
 328              		.cfi_def_cfa 2, 80
 329 0100 83348103 		ld	s1,56(sp)
 330              		.cfi_restore 9
 331 0104 13010105 		addi	sp,sp,80
 332              		.cfi_def_cfa_offset 0
 333 0108 67800000 		jr	ra
 334              	.LVL12:
 335              	.L18:
 336              		.cfi_restore_state
 337              	.LBB83:
 338              	.LBB80:
 339              	.LBB79:
 340              	.LBB74:
  43:src/riscv.cpp ****             case 0x02:{
 341              		.loc 1 43 13 is_stmt 1
  43:src/riscv.cpp ****             case 0x02:{
 342              		.loc 1 43 23
 343              	.LBB52:
  44:src/riscv.cpp ****                 void *addr;
 344              		.loc 1 44 17
  45:src/riscv.cpp ****                 __asm__ volatile ( "mv %0, a1" : "=r"( addr ) );
 345              		.loc 1 45 17
  45:src/riscv.cpp ****                 __asm__ volatile ( "mv %0, a1" : "=r"( addr ) );
 346              		.loc 1 45 64 is_stmt 0
 347              	#APP
 348              	# 45 "src/riscv.cpp" 1
 349              		mv s1, a1
GAS LISTING /tmp/ccGZmqfz.s 			page 15


 350              	# 0 "" 2
 351              	.LVL13:
  47:src/riscv.cpp ****                 int x = MemAlloc::getInstance()->mem_free(addr);
 352              		.loc 1 47 17 is_stmt 1
  47:src/riscv.cpp ****                 int x = MemAlloc::getInstance()->mem_free(addr);
 353              		.loc 1 47 58 is_stmt 0
 354              	#NO_APP
 355 0110 97000000 		call	_ZN8MemAlloc11getInstanceEv@plt
 355      E7800000 
 356              	.LVL14:
 357 0118 93850400 		mv	a1,s1
 358 011c 97000000 		call	_ZN8MemAlloc8mem_freeEPv@plt
 358      E7800000 
 359              	.LVL15:
  49:src/riscv.cpp ****                 __asm__ volatile("sd %0, 80(fp)" : : "r" (x));
 360              		.loc 1 49 17 is_stmt 1
  49:src/riscv.cpp ****                 __asm__ volatile("sd %0, 80(fp)" : : "r" (x));
 361              		.loc 1 49 62 is_stmt 0
 362              	#APP
 363              	# 49 "src/riscv.cpp" 1
  51:src/riscv.cpp ****                 break;
 364              		sd a0, 80(fp)
 365              	# 0 "" 2
 366              		.loc 1 51 17 is_stmt 1
 367              	#NO_APP
 368 0128 6FF01FFC 		j	.L5
 369              	.LVL16:
 370              	.L17:
 371              	.LBE52:
  54:src/riscv.cpp ****             case 0x11: {
 372              		.loc 1 54 13
  54:src/riscv.cpp ****             case 0x11: {
 373              		.loc 1 54 24
 374              	.LBB53:
  55:src/riscv.cpp ****                 uint64 handle;
 375              		.loc 1 55 17
  56:src/riscv.cpp ****                 uint64 startRoutine;
 376              		.loc 1 56 17
  57:src/riscv.cpp ****                 uint64 arg;
 377              		.loc 1 57 17
  59:src/riscv.cpp ****                 __asm__ volatile ( "mv %0, a1" : "=r"( handle ) );
 378              		.loc 1 59 17
  59:src/riscv.cpp ****                 __asm__ volatile ( "mv %0, a1" : "=r"( handle ) );
 379              		.loc 1 59 66 is_stmt 0
 380              	#APP
 381              	# 59 "src/riscv.cpp" 1
 382              		mv s1, a1
 383              	# 0 "" 2
 384              	.LVL17:
  60:src/riscv.cpp ****                 __asm__ volatile ( "mv %0, a2" : "=r"( startRoutine ) );
 385              		.loc 1 60 17 is_stmt 1
  60:src/riscv.cpp ****                 __asm__ volatile ( "mv %0, a2" : "=r"( startRoutine ) );
 386              		.loc 1 60 72 is_stmt 0
 387              	# 60 "src/riscv.cpp" 1
 388              		mv a0, a2
 389              	# 0 "" 2
 390              	.LVL18:
GAS LISTING /tmp/ccGZmqfz.s 			page 16


  61:src/riscv.cpp ****                 __asm__ volatile ( "mv %0, t0" : "=r"( arg ) );
 391              		.loc 1 61 17 is_stmt 1
  61:src/riscv.cpp ****                 __asm__ volatile ( "mv %0, t0" : "=r"( arg ) );
 392              		.loc 1 61 63 is_stmt 0
 393              	# 61 "src/riscv.cpp" 1
 394              		mv a1, t0
 395              	# 0 "" 2
 396              	.LVL19:
  63:src/riscv.cpp ****                 CCB::createCoroutine((CCB::Body)startRoutine, (void*)arg, (thread_t*)handle);
 397              		.loc 1 63 17 is_stmt 1
  63:src/riscv.cpp ****                 CCB::createCoroutine((CCB::Body)startRoutine, (void*)arg, (thread_t*)handle);
 398              		.loc 1 63 37 is_stmt 0
 399              	#NO_APP
 400 0138 13860400 		mv	a2,s1
 401 013c 97000000 		call	_ZN3CCB15createCoroutineEPFvPvES0_PPS_@plt
 401      E7800000 
 402              	.LVL20:
  65:src/riscv.cpp ****                 int ret;
 403              		.loc 1 65 17 is_stmt 1
  67:src/riscv.cpp ****                 if((thread_t*)handle){
 404              		.loc 1 67 17
 405 0144 63880400 		beqz	s1,.L30
  68:src/riscv.cpp ****                     ret = 0;
 406              		.loc 1 68 25 is_stmt 0
 407 0148 93070000 		li	a5,0
 408              	.L20:
 409              	.LVL21:
  74:src/riscv.cpp ****                 __asm__ volatile("sd %0, 80(fp)" : : "r" (ret));
 410              		.loc 1 74 17 is_stmt 1
  74:src/riscv.cpp ****                 __asm__ volatile("sd %0, 80(fp)" : : "r" (ret));
 411              		.loc 1 74 64 is_stmt 0
 412              	#APP
 413              	# 74 "src/riscv.cpp" 1
  76:src/riscv.cpp ****                 break;
 414              		sd a5, 80(fp)
 415              	# 0 "" 2
 416              		.loc 1 76 17 is_stmt 1
 417              	#NO_APP
 418 0150 6FF09FF9 		j	.L5
 419              	.LVL22:
 420              	.L30:
  71:src/riscv.cpp ****                     ret = -1;
 421              		.loc 1 71 25 is_stmt 0
 422 0154 9307F0FF 		li	a5,-1
 423 0158 6FF05FFF 		j	.L20
 424              	.LVL23:
 425              	.L16:
 426              	.LBE53:
  79:src/riscv.cpp ****             case 0x12: {
 427              		.loc 1 79 13 is_stmt 1
  79:src/riscv.cpp ****             case 0x12: {
 428              		.loc 1 79 24
 429              	.LBB54:
  81:src/riscv.cpp ****                 uint64 ret;
 430              		.loc 1 81 17
  83:src/riscv.cpp ****                 if (CCB::running == 0) ret = -1;
 431              		.loc 1 83 17
GAS LISTING /tmp/ccGZmqfz.s 			page 17


  83:src/riscv.cpp ****                 if (CCB::running == 0) ret = -1;
 432              		.loc 1 83 34 is_stmt 0
 433 015c 97070000 		la	a5,_ZN3CCB7runningE
 433      83B70700 
 434 0164 83B70700 		ld	a5,0(a5)
  83:src/riscv.cpp ****                 if (CCB::running == 0) ret = -1;
 435              		.loc 1 83 17
 436 0168 638C0702 		beqz	a5,.L31
  85:src/riscv.cpp ****                     CCB::running->setFinished(true);
 437              		.loc 1 85 21 is_stmt 1
 438              	.LVL24:
 439              	.LBB55:
 440              	.LBB56:
 441              		.file 3 "src/../h/ccb.hpp"
   1:src/../h/ccb.hpp **** //
   2:src/../h/ccb.hpp **** // Created by marko on 20.4.22..
   3:src/../h/ccb.hpp **** // PREUZETO SA VEZBI
   4:src/../h/ccb.hpp **** //
   5:src/../h/ccb.hpp **** 
   6:src/../h/ccb.hpp **** #ifndef OS1_VEZBE07_RISCV_CONTEXT_SWITCH_1_SYNCHRONOUS_CCB_HPP
   7:src/../h/ccb.hpp **** #define OS1_VEZBE07_RISCV_CONTEXT_SWITCH_1_SYNCHRONOUS_CCB_HPP
   8:src/../h/ccb.hpp **** 
   9:src/../h/ccb.hpp **** #include "../lib/hw.h"
  10:src/../h/ccb.hpp **** #include "scheduler.hpp"
  11:src/../h/ccb.hpp **** #include "../h/syscall_c.h"
  12:src/../h/ccb.hpp **** 
  13:src/../h/ccb.hpp **** // Coroutine Control Block
  14:src/../h/ccb.hpp **** class CCB{
  15:src/../h/ccb.hpp **** public:
  16:src/../h/ccb.hpp ****     ~CCB() { delete[] stack; }
  17:src/../h/ccb.hpp **** 
  18:src/../h/ccb.hpp ****     bool isFinished() const { return finished; }
  19:src/../h/ccb.hpp **** 
  20:src/../h/ccb.hpp ****     void setFinished(bool value) { finished = value; }
 442              		.loc 3 20 36
 443              		.loc 3 20 45 is_stmt 0
 444 016c 13071000 		li	a4,1
 445 0170 2384E702 		sb	a4,40(a5)
 446              	.LVL25:
 447              	.LBE56:
 448              	.LBE55:
  86:src/riscv.cpp ****                     CCB::dispatch();
 449              		.loc 1 86 21 is_stmt 1
  86:src/riscv.cpp ****                     CCB::dispatch();
 450              		.loc 1 86 34 is_stmt 0
 451 0174 97000000 		call	_ZN3CCB8dispatchEv@plt
 451      E7800000 
 452              	.LVL26:
  87:src/riscv.cpp ****                     ret=0;
 453              		.loc 1 87 21 is_stmt 1
  87:src/riscv.cpp ****                     ret=0;
 454              		.loc 1 87 24 is_stmt 0
 455 017c 93070000 		li	a5,0
 456              	.LVL27:
 457              	.L21:
  89:src/riscv.cpp ****                 if(!(CCB::running->isFinished())) ret=-1;
 458              		.loc 1 89 17 is_stmt 1
GAS LISTING /tmp/ccGZmqfz.s 			page 18


  89:src/riscv.cpp ****                 if(!(CCB::running->isFinished())) ret=-1;
 459              		.loc 1 89 46 is_stmt 0
 460 0180 17070000 		la	a4,_ZN3CCB7runningE
 460      03370700 
 461 0188 03370700 		ld	a4,0(a4)
 462              	.LVL28:
 463              	.LBB57:
 464              	.LBB58:
  18:src/../h/ccb.hpp **** 
 465              		.loc 3 18 31 is_stmt 1
  18:src/../h/ccb.hpp **** 
 466              		.loc 3 18 38 is_stmt 0
 467 018c 03478702 		lbu	a4,40(a4)
 468              	.LVL29:
 469              	.LBE58:
 470              	.LBE57:
  89:src/riscv.cpp ****                 if(!(CCB::running->isFinished())) ret=-1;
 471              		.loc 1 89 17
 472 0190 63140700 		bnez	a4,.L22
  89:src/riscv.cpp ****                 if(!(CCB::running->isFinished())) ret=-1;
 473              		.loc 1 89 54
 474 0194 9307F0FF 		li	a5,-1
 475              	.LVL30:
 476              	.L22:
  91:src/riscv.cpp ****                 __asm__ volatile("sd %0, 80(fp)" : : "r" (ret));
 477              		.loc 1 91 17 is_stmt 1
  91:src/riscv.cpp ****                 __asm__ volatile("sd %0, 80(fp)" : : "r" (ret));
 478              		.loc 1 91 64 is_stmt 0
 479              	#APP
 480              	# 91 "src/riscv.cpp" 1
  93:src/riscv.cpp ****                 break;
 481              		sd a5, 80(fp)
 482              	# 0 "" 2
 483              		.loc 1 93 17 is_stmt 1
 484              	#NO_APP
 485 019c 6FF0DFF4 		j	.L5
 486              	.LVL31:
 487              	.L31:
  83:src/riscv.cpp ****                 if (CCB::running == 0) ret = -1;
 488              		.loc 1 83 44 is_stmt 0
 489 01a0 9307F0FF 		li	a5,-1
 490 01a4 6FF0DFFD 		j	.L21
 491              	.L15:
 492              	.LBE54:
  96:src/riscv.cpp ****             case 0x13: {
 493              		.loc 1 96 13 is_stmt 1
  96:src/riscv.cpp ****             case 0x13: {
 494              		.loc 1 96 24
  98:src/riscv.cpp ****                 CCB::dispatch();
 495              		.loc 1 98 17
  98:src/riscv.cpp ****                 CCB::dispatch();
 496              		.loc 1 98 30 is_stmt 0
 497 01a8 97000000 		call	_ZN3CCB8dispatchEv@plt
 497      E7800000 
 498              	.LVL32:
 100:src/riscv.cpp ****                 break;
 499              		.loc 1 100 17 is_stmt 1
GAS LISTING /tmp/ccGZmqfz.s 			page 19


 500 01b0 6FF09FF3 		j	.L5
 501              	.LVL33:
 502              	.L14:
 104:src/riscv.cpp ****             case 0x21:{
 503              		.loc 1 104 13
 104:src/riscv.cpp ****             case 0x21:{
 504              		.loc 1 104 23
 505              	.LBB59:
 105:src/riscv.cpp ****                 sem_t *handle;
 506              		.loc 1 105 17
 106:src/riscv.cpp ****                 uint64 init;
 507              		.loc 1 106 17
 107:src/riscv.cpp ****                 uint64 ret;
 508              		.loc 1 107 17
 109:src/riscv.cpp ****                 __asm__ volatile ("mv %0, a1" : "=r"(handle));
 509              		.loc 1 109 17
 109:src/riscv.cpp ****                 __asm__ volatile ("mv %0, a1" : "=r"(handle));
 510              		.loc 1 109 62 is_stmt 0
 511              	#APP
 512              	# 109 "src/riscv.cpp" 1
 513              		mv s1, a1
 514              	# 0 "" 2
 515              	.LVL34:
 110:src/riscv.cpp ****                 __asm__ volatile ("mv %0, a2" : "=r"(init));
 516              		.loc 1 110 17 is_stmt 1
 110:src/riscv.cpp ****                 __asm__ volatile ("mv %0, a2" : "=r"(init));
 517              		.loc 1 110 60 is_stmt 0
 518              	# 110 "src/riscv.cpp" 1
 519              		mv a1, a2
 520              	# 0 "" 2
 521              	.LVL35:
 112:src/riscv.cpp ****                 Sem::createSem((sem_t*)handle,init);
 522              		.loc 1 112 17 is_stmt 1
 112:src/riscv.cpp ****                 Sem::createSem((sem_t*)handle,init);
 523              		.loc 1 112 31 is_stmt 0
 524              	#NO_APP
 525 01bc 13850400 		mv	a0,s1
 526 01c0 97000000 		call	_ZN3Sem9createSemEPPS_m@plt
 526      E7800000 
 527              	.LVL36:
 114:src/riscv.cpp ****                 if ((sem_t*)handle) {
 528              		.loc 1 114 17 is_stmt 1
 529 01c8 63880400 		beqz	s1,.L33
 115:src/riscv.cpp ****                     ret = 0;
 530              		.loc 1 115 25 is_stmt 0
 531 01cc 93070000 		li	a5,0
 532              	.L23:
 533              	.LVL37:
 121:src/riscv.cpp ****                 __asm__ volatile("sd %0, 80(fp)" : : "r" (ret));
 534              		.loc 1 121 17 is_stmt 1
 121:src/riscv.cpp ****                 __asm__ volatile("sd %0, 80(fp)" : : "r" (ret));
 535              		.loc 1 121 64 is_stmt 0
 536              	#APP
 537              	# 121 "src/riscv.cpp" 1
 123:src/riscv.cpp ****                 break;
 538              		sd a5, 80(fp)
 539              	# 0 "" 2
GAS LISTING /tmp/ccGZmqfz.s 			page 20


 540              		.loc 1 123 17 is_stmt 1
 541              	#NO_APP
 542 01d4 6FF05FF1 		j	.L5
 543              	.LVL38:
 544              	.L33:
 118:src/riscv.cpp ****                     ret = -1;
 545              		.loc 1 118 25 is_stmt 0
 546 01d8 9307F0FF 		li	a5,-1
 547 01dc 6FF05FFF 		j	.L23
 548              	.LVL39:
 549              	.L13:
 550              	.LBE59:
 127:src/riscv.cpp ****             case 0x22: {
 551              		.loc 1 127 13 is_stmt 1
 127:src/riscv.cpp ****             case 0x22: {
 552              		.loc 1 127 24
 553              	.LBB60:
 128:src/riscv.cpp ****                 sem_t handle;
 554              		.loc 1 128 17
 129:src/riscv.cpp ****                 uint64 ret;
 555              		.loc 1 129 17
 131:src/riscv.cpp ****                 __asm__ volatile ("mv %0, a1" : "=r"(handle));
 556              		.loc 1 131 17
 131:src/riscv.cpp ****                 __asm__ volatile ("mv %0, a1" : "=r"(handle));
 557              		.loc 1 131 62 is_stmt 0
 558              	#APP
 559              	# 131 "src/riscv.cpp" 1
 560              		mv a0, a1
 561              	# 0 "" 2
 562              	.LVL40:
 133:src/riscv.cpp ****                 if(handle == 0) ret= -1;
 563              		.loc 1 133 17 is_stmt 1
 564              	#NO_APP
 565 01e4 630C0500 		beqz	a0,.L34
 135:src/riscv.cpp ****                     handle->~Sem();
 566              		.loc 1 135 21
 135:src/riscv.cpp ****                     handle->~Sem();
 567              		.loc 1 135 33 is_stmt 0
 568 01e8 97000000 		call	_ZN3SemD1Ev@plt
 568      E7800000 
 569              	.LVL41:
 136:src/riscv.cpp ****                     ret=0;
 570              		.loc 1 136 21 is_stmt 1
 136:src/riscv.cpp ****                     ret=0;
 571              		.loc 1 136 24 is_stmt 0
 572 01f0 93070000 		li	a5,0
 573              	.LVL42:
 574              	.L24:
 139:src/riscv.cpp ****                 __asm__ volatile("sd %0, 80(fp)" : : "r" ((uint64)ret));
 575              		.loc 1 139 17 is_stmt 1
 139:src/riscv.cpp ****                 __asm__ volatile("sd %0, 80(fp)" : : "r" ((uint64)ret));
 576              		.loc 1 139 72 is_stmt 0
 577              	#APP
 578              	# 139 "src/riscv.cpp" 1
 141:src/riscv.cpp ****                 break;
 579              		sd a5, 80(fp)
 580              	# 0 "" 2
GAS LISTING /tmp/ccGZmqfz.s 			page 21


 581              		.loc 1 141 17 is_stmt 1
 582              	#NO_APP
 583 01f8 6FF01FEF 		j	.L5
 584              	.LVL43:
 585              	.L34:
 133:src/riscv.cpp ****                 if(handle == 0) ret= -1;
 586              		.loc 1 133 36 is_stmt 0
 587 01fc 9307F0FF 		li	a5,-1
 588 0200 6FF05FFF 		j	.L24
 589              	.LVL44:
 590              	.L12:
 591              	.LBE60:
 146:src/riscv.cpp ****             case 0x23:{
 592              		.loc 1 146 13 is_stmt 1
 146:src/riscv.cpp ****             case 0x23:{
 593              		.loc 1 146 23
 594              	.LBB61:
 147:src/riscv.cpp ****                 sem_t handle;
 595              		.loc 1 147 17
 148:src/riscv.cpp ****                 uint64 ret;
 596              		.loc 1 148 17
 150:src/riscv.cpp ****                 __asm__ volatile ("mv %0, a1" : "=r"(handle));
 597              		.loc 1 150 17
 150:src/riscv.cpp ****                 __asm__ volatile ("mv %0, a1" : "=r"(handle));
 598              		.loc 1 150 62 is_stmt 0
 599              	#APP
 600              	# 150 "src/riscv.cpp" 1
 601              		mv a0, a1
 602              	# 0 "" 2
 603              	.LVL45:
 151:src/riscv.cpp ****                 if(handle == 0) ret= -1;
 604              		.loc 1 151 17 is_stmt 1
 605              	#NO_APP
 606 0208 630A0500 		beqz	a0,.L35
 153:src/riscv.cpp ****                     ret=handle->wait();
 607              		.loc 1 153 21
 153:src/riscv.cpp ****                     ret=handle->wait();
 608              		.loc 1 153 37 is_stmt 0
 609 020c 97000000 		call	_ZN3Sem4waitEv@plt
 609      E7800000 
 610              	.LVL46:
 611              	.L25:
 156:src/riscv.cpp ****                 __asm__ volatile("sd %0, 80(fp)" : : "r" (ret));
 612              		.loc 1 156 17 is_stmt 1
 156:src/riscv.cpp ****                 __asm__ volatile("sd %0, 80(fp)" : : "r" (ret));
 613              		.loc 1 156 64 is_stmt 0
 614              	#APP
 615              	# 156 "src/riscv.cpp" 1
 158:src/riscv.cpp ****                 break;
 616              		sd a0, 80(fp)
 617              	# 0 "" 2
 618              		.loc 1 158 17 is_stmt 1
 619              	#NO_APP
 620 0218 6FF01FED 		j	.L5
 621              	.LVL47:
 622              	.L35:
 151:src/riscv.cpp ****                 if(handle == 0) ret= -1;
GAS LISTING /tmp/ccGZmqfz.s 			page 22


 623              		.loc 1 151 36 is_stmt 0
 624 021c 1305F0FF 		li	a0,-1
 625              	.LVL48:
 626 0220 6FF05FFF 		j	.L25
 627              	.L11:
 628              	.LBE61:
 163:src/riscv.cpp ****             case 0x24:{
 629              		.loc 1 163 13 is_stmt 1
 163:src/riscv.cpp ****             case 0x24:{
 630              		.loc 1 163 23
 631              	.LBB62:
 164:src/riscv.cpp ****                 sem_t handle;
 632              		.loc 1 164 17
 165:src/riscv.cpp ****                 uint64 ret;
 633              		.loc 1 165 17
 167:src/riscv.cpp ****                 __asm__ volatile ("mv %0, a1" : "=r"(handle));
 634              		.loc 1 167 17
 167:src/riscv.cpp ****                 __asm__ volatile ("mv %0, a1" : "=r"(handle));
 635              		.loc 1 167 62 is_stmt 0
 636              	#APP
 637              	# 167 "src/riscv.cpp" 1
 638              		mv a0, a1
 639              	# 0 "" 2
 640              	.LVL49:
 168:src/riscv.cpp ****                 if(handle == 0) ret= -1;
 641              		.loc 1 168 17 is_stmt 1
 642              	#NO_APP
 643 0228 630A0500 		beqz	a0,.L36
 170:src/riscv.cpp ****                     ret = handle->signal();
 644              		.loc 1 170 21
 170:src/riscv.cpp ****                     ret = handle->signal();
 645              		.loc 1 170 41 is_stmt 0
 646 022c 97000000 		call	_ZN3Sem6signalEv@plt
 646      E7800000 
 647              	.LVL50:
 648              	.L26:
 173:src/riscv.cpp ****                 __asm__ volatile("sd %0, 80(fp)" : : "r" (ret));
 649              		.loc 1 173 17 is_stmt 1
 173:src/riscv.cpp ****                 __asm__ volatile("sd %0, 80(fp)" : : "r" (ret));
 650              		.loc 1 173 64 is_stmt 0
 651              	#APP
 652              	# 173 "src/riscv.cpp" 1
 175:src/riscv.cpp ****                 break;
 653              		sd a0, 80(fp)
 654              	# 0 "" 2
 655              		.loc 1 175 17 is_stmt 1
 656              	#NO_APP
 657 0238 6FF01FEB 		j	.L5
 658              	.LVL51:
 659              	.L36:
 168:src/riscv.cpp ****                 if(handle == 0) ret= -1;
 660              		.loc 1 168 36 is_stmt 0
 661 023c 1305F0FF 		li	a0,-1
 662              	.LVL52:
 663 0240 6FF05FFF 		j	.L26
 664              	.L10:
 665              	.LBE62:
GAS LISTING /tmp/ccGZmqfz.s 			page 23


 181:src/riscv.cpp ****             case 0x26:{
 666              		.loc 1 181 13 is_stmt 1
 181:src/riscv.cpp ****             case 0x26:{
 667              		.loc 1 181 23
 668              	.LBB63:
 182:src/riscv.cpp ****                 sem_t id;
 669              		.loc 1 182 17
 183:src/riscv.cpp ****                 uint64 ret;
 670              		.loc 1 183 17
 185:src/riscv.cpp ****                 __asm__ volatile ("mv %0, a1" : "=r"(id));
 671              		.loc 1 185 17
 185:src/riscv.cpp ****                 __asm__ volatile ("mv %0, a1" : "=r"(id));
 672              		.loc 1 185 58 is_stmt 0
 673              	#APP
 674              	# 185 "src/riscv.cpp" 1
 675              		mv a5, a1
 676              	# 0 "" 2
 677              	.LVL53:
 187:src/riscv.cpp ****                 if(id == 0) ret= -1;
 678              		.loc 1 187 17 is_stmt 1
 679              	#NO_APP
 680 0248 63880700 		beqz	a5,.L37
 189:src/riscv.cpp ****                     ret = id->value;
 681              		.loc 1 189 21
 189:src/riscv.cpp ****                     ret = id->value;
 682              		.loc 1 189 31 is_stmt 0
 683 024c 83A70701 		lw	a5,16(a5)
 684              	.LVL54:
 685              	.L27:
 192:src/riscv.cpp ****                 __asm__ volatile("sd %0, 80(s0)" : : "r" (ret));
 686              		.loc 1 192 17 is_stmt 1
 192:src/riscv.cpp ****                 __asm__ volatile("sd %0, 80(s0)" : : "r" (ret));
 687              		.loc 1 192 64 is_stmt 0
 688              	#APP
 689              	# 192 "src/riscv.cpp" 1
 194:src/riscv.cpp ****                 break;
 690              		sd a5, 80(s0)
 691              	# 0 "" 2
 692              		.loc 1 194 17 is_stmt 1
 693              	#NO_APP
 694 0254 6FF05FE9 		j	.L5
 695              	.LVL55:
 696              	.L37:
 187:src/riscv.cpp ****                 if(id == 0) ret= -1;
 697              		.loc 1 187 32 is_stmt 0
 698 0258 9307F0FF 		li	a5,-1
 699              	.LVL56:
 700 025c 6FF05FFF 		j	.L27
 701              	.L9:
 702              	.LBE63:
 199:src/riscv.cpp ****             case 0x41:{
 703              		.loc 1 199 13 is_stmt 1
 199:src/riscv.cpp ****             case 0x41:{
 704              		.loc 1 199 23
 705              	.LBB64:
 200:src/riscv.cpp ****                 char ret= __getc();
 706              		.loc 1 200 17
GAS LISTING /tmp/ccGZmqfz.s 			page 24


 200:src/riscv.cpp ****                 char ret= __getc();
 707              		.loc 1 200 33 is_stmt 0
 708 0260 97000000 		call	__getc@plt
 708      E7800000 
 709              	.LVL57:
 201:src/riscv.cpp ****                 __asm__ volatile("sd %0, 80(s0)" : : "r" (ret));
 710              		.loc 1 201 17 is_stmt 1
 201:src/riscv.cpp ****                 __asm__ volatile("sd %0, 80(s0)" : : "r" (ret));
 711              		.loc 1 201 64 is_stmt 0
 712              	#APP
 713              	# 201 "src/riscv.cpp" 1
 203:src/riscv.cpp ****                 break;
 714              		sd a0, 80(s0)
 715              	# 0 "" 2
 716              		.loc 1 203 17 is_stmt 1
 717              	#NO_APP
 718 026c 6FF0DFE7 		j	.L5
 719              	.LVL58:
 720              	.L8:
 721              	.LBE64:
 207:src/riscv.cpp ****             case 0x42:{
 722              		.loc 1 207 13
 207:src/riscv.cpp ****             case 0x42:{
 723              		.loc 1 207 23
 724              	.LBB65:
 208:src/riscv.cpp ****                 uint64 c;
 725              		.loc 1 208 17
 209:src/riscv.cpp ****                 __asm__ volatile ("mv %0, a1" : "=r"(c));
 726              		.loc 1 209 17
 209:src/riscv.cpp ****                 __asm__ volatile ("mv %0, a1" : "=r"(c));
 727              		.loc 1 209 57 is_stmt 0
 728              	#APP
 729              	# 209 "src/riscv.cpp" 1
 730              		mv a0, a1
 731              	# 0 "" 2
 732              	.LVL59:
 210:src/riscv.cpp ****                 __putc(c);
 733              		.loc 1 210 17 is_stmt 1
 210:src/riscv.cpp ****                 __putc(c);
 734              		.loc 1 210 23 is_stmt 0
 735              	#NO_APP
 736 0274 1375F50F 		andi	a0,a0,0xff
 737              	.LVL60:
 738 0278 97000000 		call	__putc@plt
 738      E7800000 
 739              	.LVL61:
 212:src/riscv.cpp ****                 break;
 740              		.loc 1 212 17 is_stmt 1
 741 0280 6FF09FE6 		j	.L5
 742              	.LVL62:
 743              	.L6:
 744              	.LBE65:
 215:src/riscv.cpp ****             case 0x51:{
 745              		.loc 1 215 13
 215:src/riscv.cpp ****             case 0x51:{
 746              		.loc 1 215 23
 216:src/riscv.cpp ****                 w_sstatus(sstatus);
GAS LISTING /tmp/ccGZmqfz.s 			page 25


 747              		.loc 1 216 17
 216:src/riscv.cpp ****                 w_sstatus(sstatus);
 748              		.loc 1 216 26 is_stmt 0
 749 0284 833784FB 		ld	a5,-72(s0)
 750              	.LVL63:
 751              	.LBB66:
 752              	.LBB67:
 178:src/../h/riscv.hpp **** }
 753              		.loc 2 178 5 is_stmt 1
 178:src/../h/riscv.hpp **** }
 754              		.loc 2 178 77 is_stmt 0
 755              	#APP
 756              	# 178 "src/../h/riscv.hpp" 1
 757              		csrw sstatus, a5
 758              	# 0 "" 2
 759              	.LVL64:
 760              	#NO_APP
 761              	.LBE67:
 762              	.LBE66:
 217:src/riscv.cpp ****                 w_sepc(sepc);
 763              		.loc 1 217 17 is_stmt 1
 217:src/riscv.cpp ****                 w_sepc(sepc);
 764              		.loc 1 217 23 is_stmt 0
 765 028c 833704FB 		ld	a5,-80(s0)
 766              	.LVL65:
 767              	.LBB68:
 768              	.LBB69:
 110:src/../h/riscv.hpp **** }
 769              		.loc 2 110 5 is_stmt 1
 110:src/../h/riscv.hpp **** }
 770              		.loc 2 110 65 is_stmt 0
 771              	#APP
 772              	# 110 "src/../h/riscv.hpp" 1
 773              		csrw sepc, a5
 774              	# 0 "" 2
 775              	.LVL66:
 776              	#NO_APP
 777              	.LBE69:
 778              	.LBE68:
 218:src/riscv.cpp ****                 mc_sip(SIP_SSIP);
 779              		.loc 1 218 17 is_stmt 1
 780              	.LBB70:
 781              	.LBB71:
 144:src/../h/riscv.hpp **** }
 782              		.loc 2 144 5
 144:src/../h/riscv.hpp **** }
 783              		.loc 2 144 64 is_stmt 0
 784 0294 93072000 		li	a5,2
 785              	#APP
 786              	# 144 "src/../h/riscv.hpp" 1
 787              		csrc sip, a5
 788              	# 0 "" 2
 789              	.LVL67:
 790              	#NO_APP
 791              	.LBE71:
 792              	.LBE70:
 219:src/riscv.cpp ****                 mc_sstatus(SSTATUS_SPP);
GAS LISTING /tmp/ccGZmqfz.s 			page 26


 793              		.loc 1 219 17 is_stmt 1
 794              	.LBB72:
 795              	.LBB73:
 166:src/../h/riscv.hpp **** }
 796              		.loc 2 166 5
 166:src/../h/riscv.hpp **** }
 797              		.loc 2 166 68 is_stmt 0
 798 029c 93070010 		li	a5,256
 799              	#APP
 800              	# 166 "src/../h/riscv.hpp" 1
 801              		csrc sstatus, a5
 802              	# 0 "" 2
 803              	.LVL68:
 804              	#NO_APP
 805              	.LBE73:
 806              	.LBE72:
 220:src/riscv.cpp ****                 return;
 807              		.loc 1 220 17 is_stmt 1
 808 02a4 6FF05FE5 		j	.L3
 809              	.LVL69:
 810              	.L40:
 811              	.LBE74:
 812              	.LBE79:
 813              	.LBE80:
 229:src/riscv.cpp ****         mc_sip(SIP_SSIP);
 814              		.loc 1 229 9
 815              	.LBB81:
 816              	.LBB82:
 144:src/../h/riscv.hpp **** }
 817              		.loc 2 144 5
 144:src/../h/riscv.hpp **** }
 818              		.loc 2 144 64 is_stmt 0
 819 02a8 93072000 		li	a5,2
 820              	#APP
 821              	# 144 "src/../h/riscv.hpp" 1
 145:src/../h/riscv.hpp **** 
 822              		csrc sip, a5
 823              	# 0 "" 2
 824              		.loc 2 145 1
 825              	#NO_APP
 826 02b0 6FF09FE4 		j	.L3
 827              	.LBE82:
 828              	.LBE81:
 829              	.LBE83:
 830              		.cfi_endproc
 831              	.LFE36:
 833              	.Letext0:
 834              		.file 4 "src/../h/../lib/hw.h"
 835              		.file 5 "src/../h/list.hpp"
 836              		.file 6 "src/../h/../h/syscall_c.h"
 837              		.file 7 "src/../h/sem.h"
 838              		.file 8 "src/../h/memAlloc.h"
 839              		.file 9 "src/../lib/console.h"
GAS LISTING /tmp/ccGZmqfz.s 			page 27


DEFINED SYMBOLS
                            *ABS*:0000000000000000 riscv.cpp
     /tmp/ccGZmqfz.s:9      .text:0000000000000000 _ZN5Riscv10popSppSpieEv
     /tmp/ccGZmqfz.s:13     .text:0000000000000000 .L0 
     /tmp/ccGZmqfz.s:14     .text:0000000000000000 .L0 
     /tmp/ccGZmqfz.s:15     .text:0000000000000004 .L0 
     /tmp/ccGZmqfz.s:17     .text:0000000000000008 .L0 
     /tmp/ccGZmqfz.s:19     .text:000000000000000c .L0 
     /tmp/ccGZmqfz.s:21     .text:000000000000000c .L0 
       src/riscv.cpp:13     .text:000000000000000c .L0 
     /tmp/ccGZmqfz.s:27     .text:0000000000000010 .L0 
       src/riscv.cpp:14     .text:0000000000000010 .L0 
     /tmp/ccGZmqfz.s:33     .text:0000000000000014 .L0 
     /tmp/ccGZmqfz.s:34     .text:0000000000000018 .L0 
     /tmp/ccGZmqfz.s:35     .text:0000000000000018 .L0 
     /tmp/ccGZmqfz.s:37     .text:000000000000001c .L0 
     /tmp/ccGZmqfz.s:39     .text:0000000000000020 .L0 
     /tmp/ccGZmqfz.s:45     .text:0000000000000020 _ZN5Riscv20handleSupervisorTrapEv
     /tmp/ccGZmqfz.s:48     .text:0000000000000020 .L0 
     /tmp/ccGZmqfz.s:49     .text:0000000000000020 .L0 
     /tmp/ccGZmqfz.s:50     .text:0000000000000024 .L0 
     /tmp/ccGZmqfz.s:54     .text:0000000000000030 .L0 
     /tmp/ccGZmqfz.s:55     .text:0000000000000030 .L0 
     /tmp/ccGZmqfz.s:56     .text:0000000000000030 .L0 
     /tmp/ccGZmqfz.s:58     .text:0000000000000034 .L0 
     /tmp/ccGZmqfz.s:63     .text:0000000000000034 .L0 
     /tmp/ccGZmqfz.s:64     .text:0000000000000034 .L0 
     /tmp/ccGZmqfz.s:65     .text:0000000000000034 .L0 
  src/../h/riscv.hpp:92     .text:0000000000000034 .L0 
     /tmp/ccGZmqfz.s:73     .text:000000000000003c .L0 
     /tmp/ccGZmqfz.s:74     .text:000000000000003c .L0 
     /tmp/ccGZmqfz.s:79     .text:0000000000000040 .L0 
     /tmp/ccGZmqfz.s:80     .text:0000000000000040 .L0 
       src/riscv.cpp:22     .text:0000000000000040 .L0 
     /tmp/ccGZmqfz.s:89     .text:0000000000000048 .L0 
     /tmp/ccGZmqfz.s:90     .text:0000000000000048 .L0 
     /tmp/ccGZmqfz.s:92     .text:000000000000004c .L0 
     /tmp/ccGZmqfz.s:95     .text:0000000000000054 .L0 
     /tmp/ccGZmqfz.s:100    .text:0000000000000064 .L0 
     /tmp/ccGZmqfz.s:105    .text:0000000000000074 .L0 
     /tmp/ccGZmqfz.s:106    .text:0000000000000074 .L0 
     /tmp/ccGZmqfz.s:115    .text:0000000000000080 .L0 
     /tmp/ccGZmqfz.s:116    .text:0000000000000080 .L0 
     /tmp/ccGZmqfz.s:117    .text:0000000000000080 .L0 
  src/../h/riscv.hpp:104    .text:0000000000000080 .L0 
     /tmp/ccGZmqfz.s:125    .text:0000000000000088 .L0 
     /tmp/ccGZmqfz.s:126    .text:0000000000000088 .L0 
     /tmp/ccGZmqfz.s:130    .text:000000000000008c .L0 
     /tmp/ccGZmqfz.s:132    .text:0000000000000090 .L0 
     /tmp/ccGZmqfz.s:136    .text:0000000000000094 .L0 
     /tmp/ccGZmqfz.s:137    .text:0000000000000094 .L0 
     /tmp/ccGZmqfz.s:138    .text:0000000000000094 .L0 
  src/../h/riscv.hpp:172    .text:0000000000000094 .L0 
     /tmp/ccGZmqfz.s:146    .text:000000000000009c .L0 
     /tmp/ccGZmqfz.s:147    .text:000000000000009c .L0 
     /tmp/ccGZmqfz.s:151    .text:00000000000000a0 .L0 
     /tmp/ccGZmqfz.s:154    .text:00000000000000a4 .L0 
GAS LISTING /tmp/ccGZmqfz.s 			page 28


     /tmp/ccGZmqfz.s:155    .text:00000000000000a4 .L0 
     /tmp/ccGZmqfz.s:255    .text:00000000000000cc .L0 
     /tmp/ccGZmqfz.s:257    .text:00000000000000cc .L0 
     /tmp/ccGZmqfz.s:258    .text:00000000000000cc .L0 
     /tmp/ccGZmqfz.s:259    .text:00000000000000cc .L0 
       src/riscv.cpp:33     .text:00000000000000cc .L0 
     /tmp/ccGZmqfz.s:266    .text:00000000000000d0 .L0 
     /tmp/ccGZmqfz.s:267    .text:00000000000000d0 .L0 
     /tmp/ccGZmqfz.s:269    .text:00000000000000d0 .L0 
     /tmp/ccGZmqfz.s:275    .text:00000000000000e4 .L0 
       src/riscv.cpp:38     .text:00000000000000e4 .L0 
     /tmp/ccGZmqfz.s:287    .text:00000000000000e8 .L0 
     /tmp/ccGZmqfz.s:288    .text:00000000000000e8 .L0 
     /tmp/ccGZmqfz.s:289    .text:00000000000000e8 .L0 
     /tmp/ccGZmqfz.s:294    .text:00000000000000ec .L0 
  src/../h/riscv.hpp:178    .text:00000000000000ec .L0 
     /tmp/ccGZmqfz.s:304    .text:00000000000000f0 .L0 
     /tmp/ccGZmqfz.s:305    .text:00000000000000f0 .L0 
     /tmp/ccGZmqfz.s:310    .text:00000000000000f4 .L0 
  src/../h/riscv.hpp:110    .text:00000000000000f4 .L0 
     /tmp/ccGZmqfz.s:323    .text:00000000000000f8 .L0 
     /tmp/ccGZmqfz.s:324    .text:00000000000000fc .L0 
     /tmp/ccGZmqfz.s:325    .text:00000000000000fc .L0 
     /tmp/ccGZmqfz.s:327    .text:0000000000000100 .L0 
     /tmp/ccGZmqfz.s:328    .text:0000000000000100 .L0 
     /tmp/ccGZmqfz.s:330    .text:0000000000000104 .L0 
     /tmp/ccGZmqfz.s:332    .text:0000000000000108 .L0 
     /tmp/ccGZmqfz.s:336    .text:000000000000010c .L0 
     /tmp/ccGZmqfz.s:342    .text:000000000000010c .L0 
     /tmp/ccGZmqfz.s:344    .text:000000000000010c .L0 
     /tmp/ccGZmqfz.s:345    .text:000000000000010c .L0 
     /tmp/ccGZmqfz.s:346    .text:000000000000010c .L0 
       src/riscv.cpp:45     .text:000000000000010c .L0 
     /tmp/ccGZmqfz.s:353    .text:0000000000000110 .L0 
     /tmp/ccGZmqfz.s:355    .text:0000000000000110 .L0 
     /tmp/ccGZmqfz.s:361    .text:0000000000000124 .L0 
       src/riscv.cpp:49     .text:0000000000000124 .L0 
     /tmp/ccGZmqfz.s:368    .text:0000000000000128 .L0 
     /tmp/ccGZmqfz.s:373    .text:000000000000012c .L0 
     /tmp/ccGZmqfz.s:375    .text:000000000000012c .L0 
     /tmp/ccGZmqfz.s:376    .text:000000000000012c .L0 
     /tmp/ccGZmqfz.s:377    .text:000000000000012c .L0 
     /tmp/ccGZmqfz.s:378    .text:000000000000012c .L0 
     /tmp/ccGZmqfz.s:379    .text:000000000000012c .L0 
       src/riscv.cpp:59     .text:000000000000012c .L0 
     /tmp/ccGZmqfz.s:386    .text:0000000000000130 .L0 
       src/riscv.cpp:60     .text:0000000000000130 .L0 
     /tmp/ccGZmqfz.s:392    .text:0000000000000134 .L0 
       src/riscv.cpp:61     .text:0000000000000134 .L0 
     /tmp/ccGZmqfz.s:398    .text:0000000000000138 .L0 
     /tmp/ccGZmqfz.s:400    .text:0000000000000138 .L0 
     /tmp/ccGZmqfz.s:404    .text:0000000000000144 .L0 
     /tmp/ccGZmqfz.s:405    .text:0000000000000144 .L0 
     /tmp/ccGZmqfz.s:407    .text:0000000000000148 .L0 
     /tmp/ccGZmqfz.s:411    .text:000000000000014c .L0 
       src/riscv.cpp:74     .text:000000000000014c .L0 
     /tmp/ccGZmqfz.s:418    .text:0000000000000150 .L0 
GAS LISTING /tmp/ccGZmqfz.s 			page 29


     /tmp/ccGZmqfz.s:422    .text:0000000000000154 .L0 
     /tmp/ccGZmqfz.s:428    .text:000000000000015c .L0 
     /tmp/ccGZmqfz.s:430    .text:000000000000015c .L0 
     /tmp/ccGZmqfz.s:431    .text:000000000000015c .L0 
     /tmp/ccGZmqfz.s:432    .text:000000000000015c .L0 
     /tmp/ccGZmqfz.s:433    .text:000000000000015c .L0 
     /tmp/ccGZmqfz.s:436    .text:0000000000000168 .L0 
     /tmp/ccGZmqfz.s:442    .text:000000000000016c .L0 
     /tmp/ccGZmqfz.s:443    .text:000000000000016c .L0 
     /tmp/ccGZmqfz.s:444    .text:000000000000016c .L0 
     /tmp/ccGZmqfz.s:450    .text:0000000000000174 .L0 
     /tmp/ccGZmqfz.s:451    .text:0000000000000174 .L0 
     /tmp/ccGZmqfz.s:454    .text:000000000000017c .L0 
     /tmp/ccGZmqfz.s:455    .text:000000000000017c .L0 
     /tmp/ccGZmqfz.s:459    .text:0000000000000180 .L0 
     /tmp/ccGZmqfz.s:460    .text:0000000000000180 .L0 
     /tmp/ccGZmqfz.s:466    .text:000000000000018c .L0 
     /tmp/ccGZmqfz.s:467    .text:000000000000018c .L0 
     /tmp/ccGZmqfz.s:472    .text:0000000000000190 .L0 
     /tmp/ccGZmqfz.s:474    .text:0000000000000194 .L0 
     /tmp/ccGZmqfz.s:478    .text:0000000000000198 .L0 
       src/riscv.cpp:91     .text:0000000000000198 .L0 
     /tmp/ccGZmqfz.s:485    .text:000000000000019c .L0 
     /tmp/ccGZmqfz.s:489    .text:00000000000001a0 .L0 
     /tmp/ccGZmqfz.s:494    .text:00000000000001a8 .L0 
     /tmp/ccGZmqfz.s:495    .text:00000000000001a8 .L0 
     /tmp/ccGZmqfz.s:496    .text:00000000000001a8 .L0 
     /tmp/ccGZmqfz.s:497    .text:00000000000001a8 .L0 
     /tmp/ccGZmqfz.s:500    .text:00000000000001b0 .L0 
     /tmp/ccGZmqfz.s:504    .text:00000000000001b4 .L0 
     /tmp/ccGZmqfz.s:506    .text:00000000000001b4 .L0 
     /tmp/ccGZmqfz.s:507    .text:00000000000001b4 .L0 
     /tmp/ccGZmqfz.s:508    .text:00000000000001b4 .L0 
     /tmp/ccGZmqfz.s:509    .text:00000000000001b4 .L0 
     /tmp/ccGZmqfz.s:510    .text:00000000000001b4 .L0 
       src/riscv.cpp:109    .text:00000000000001b4 .L0 
     /tmp/ccGZmqfz.s:517    .text:00000000000001b8 .L0 
       src/riscv.cpp:110    .text:00000000000001b8 .L0 
     /tmp/ccGZmqfz.s:523    .text:00000000000001bc .L0 
     /tmp/ccGZmqfz.s:525    .text:00000000000001bc .L0 
     /tmp/ccGZmqfz.s:529    .text:00000000000001c8 .L0 
     /tmp/ccGZmqfz.s:531    .text:00000000000001cc .L0 
     /tmp/ccGZmqfz.s:535    .text:00000000000001d0 .L0 
       src/riscv.cpp:121    .text:00000000000001d0 .L0 
     /tmp/ccGZmqfz.s:542    .text:00000000000001d4 .L0 
     /tmp/ccGZmqfz.s:546    .text:00000000000001d8 .L0 
     /tmp/ccGZmqfz.s:552    .text:00000000000001e0 .L0 
     /tmp/ccGZmqfz.s:554    .text:00000000000001e0 .L0 
     /tmp/ccGZmqfz.s:555    .text:00000000000001e0 .L0 
     /tmp/ccGZmqfz.s:556    .text:00000000000001e0 .L0 
     /tmp/ccGZmqfz.s:557    .text:00000000000001e0 .L0 
       src/riscv.cpp:131    .text:00000000000001e0 .L0 
     /tmp/ccGZmqfz.s:565    .text:00000000000001e4 .L0 
     /tmp/ccGZmqfz.s:567    .text:00000000000001e8 .L0 
     /tmp/ccGZmqfz.s:568    .text:00000000000001e8 .L0 
     /tmp/ccGZmqfz.s:571    .text:00000000000001f0 .L0 
     /tmp/ccGZmqfz.s:572    .text:00000000000001f0 .L0 
GAS LISTING /tmp/ccGZmqfz.s 			page 30


     /tmp/ccGZmqfz.s:576    .text:00000000000001f4 .L0 
       src/riscv.cpp:139    .text:00000000000001f4 .L0 
     /tmp/ccGZmqfz.s:583    .text:00000000000001f8 .L0 
     /tmp/ccGZmqfz.s:587    .text:00000000000001fc .L0 
     /tmp/ccGZmqfz.s:593    .text:0000000000000204 .L0 
     /tmp/ccGZmqfz.s:595    .text:0000000000000204 .L0 
     /tmp/ccGZmqfz.s:596    .text:0000000000000204 .L0 
     /tmp/ccGZmqfz.s:597    .text:0000000000000204 .L0 
     /tmp/ccGZmqfz.s:598    .text:0000000000000204 .L0 
       src/riscv.cpp:150    .text:0000000000000204 .L0 
     /tmp/ccGZmqfz.s:606    .text:0000000000000208 .L0 
     /tmp/ccGZmqfz.s:608    .text:000000000000020c .L0 
     /tmp/ccGZmqfz.s:609    .text:000000000000020c .L0 
     /tmp/ccGZmqfz.s:613    .text:0000000000000214 .L0 
       src/riscv.cpp:156    .text:0000000000000214 .L0 
     /tmp/ccGZmqfz.s:620    .text:0000000000000218 .L0 
     /tmp/ccGZmqfz.s:624    .text:000000000000021c .L0 
     /tmp/ccGZmqfz.s:630    .text:0000000000000224 .L0 
     /tmp/ccGZmqfz.s:632    .text:0000000000000224 .L0 
     /tmp/ccGZmqfz.s:633    .text:0000000000000224 .L0 
     /tmp/ccGZmqfz.s:634    .text:0000000000000224 .L0 
     /tmp/ccGZmqfz.s:635    .text:0000000000000224 .L0 
       src/riscv.cpp:167    .text:0000000000000224 .L0 
     /tmp/ccGZmqfz.s:643    .text:0000000000000228 .L0 
     /tmp/ccGZmqfz.s:645    .text:000000000000022c .L0 
     /tmp/ccGZmqfz.s:646    .text:000000000000022c .L0 
     /tmp/ccGZmqfz.s:650    .text:0000000000000234 .L0 
       src/riscv.cpp:173    .text:0000000000000234 .L0 
     /tmp/ccGZmqfz.s:657    .text:0000000000000238 .L0 
     /tmp/ccGZmqfz.s:661    .text:000000000000023c .L0 
     /tmp/ccGZmqfz.s:667    .text:0000000000000244 .L0 
     /tmp/ccGZmqfz.s:669    .text:0000000000000244 .L0 
     /tmp/ccGZmqfz.s:670    .text:0000000000000244 .L0 
     /tmp/ccGZmqfz.s:671    .text:0000000000000244 .L0 
     /tmp/ccGZmqfz.s:672    .text:0000000000000244 .L0 
       src/riscv.cpp:185    .text:0000000000000244 .L0 
     /tmp/ccGZmqfz.s:680    .text:0000000000000248 .L0 
     /tmp/ccGZmqfz.s:682    .text:000000000000024c .L0 
     /tmp/ccGZmqfz.s:683    .text:000000000000024c .L0 
     /tmp/ccGZmqfz.s:687    .text:0000000000000250 .L0 
       src/riscv.cpp:192    .text:0000000000000250 .L0 
     /tmp/ccGZmqfz.s:694    .text:0000000000000254 .L0 
     /tmp/ccGZmqfz.s:698    .text:0000000000000258 .L0 
     /tmp/ccGZmqfz.s:704    .text:0000000000000260 .L0 
     /tmp/ccGZmqfz.s:706    .text:0000000000000260 .L0 
     /tmp/ccGZmqfz.s:707    .text:0000000000000260 .L0 
     /tmp/ccGZmqfz.s:708    .text:0000000000000260 .L0 
     /tmp/ccGZmqfz.s:711    .text:0000000000000268 .L0 
       src/riscv.cpp:201    .text:0000000000000268 .L0 
     /tmp/ccGZmqfz.s:718    .text:000000000000026c .L0 
     /tmp/ccGZmqfz.s:723    .text:0000000000000270 .L0 
     /tmp/ccGZmqfz.s:725    .text:0000000000000270 .L0 
     /tmp/ccGZmqfz.s:726    .text:0000000000000270 .L0 
     /tmp/ccGZmqfz.s:727    .text:0000000000000270 .L0 
       src/riscv.cpp:209    .text:0000000000000270 .L0 
     /tmp/ccGZmqfz.s:734    .text:0000000000000274 .L0 
     /tmp/ccGZmqfz.s:736    .text:0000000000000274 .L0 
GAS LISTING /tmp/ccGZmqfz.s 			page 31


     /tmp/ccGZmqfz.s:741    .text:0000000000000280 .L0 
     /tmp/ccGZmqfz.s:746    .text:0000000000000284 .L0 
     /tmp/ccGZmqfz.s:747    .text:0000000000000284 .L0 
     /tmp/ccGZmqfz.s:748    .text:0000000000000284 .L0 
     /tmp/ccGZmqfz.s:749    .text:0000000000000284 .L0 
     /tmp/ccGZmqfz.s:754    .text:0000000000000288 .L0 
  src/../h/riscv.hpp:178    .text:0000000000000288 .L0 
     /tmp/ccGZmqfz.s:764    .text:000000000000028c .L0 
     /tmp/ccGZmqfz.s:765    .text:000000000000028c .L0 
     /tmp/ccGZmqfz.s:770    .text:0000000000000290 .L0 
  src/../h/riscv.hpp:110    .text:0000000000000290 .L0 
     /tmp/ccGZmqfz.s:782    .text:0000000000000294 .L0 
     /tmp/ccGZmqfz.s:783    .text:0000000000000294 .L0 
     /tmp/ccGZmqfz.s:784    .text:0000000000000294 .L0 
     /tmp/ccGZmqfz.s:796    .text:000000000000029c .L0 
     /tmp/ccGZmqfz.s:797    .text:000000000000029c .L0 
     /tmp/ccGZmqfz.s:798    .text:000000000000029c .L0 
     /tmp/ccGZmqfz.s:808    .text:00000000000002a4 .L0 
     /tmp/ccGZmqfz.s:817    .text:00000000000002a8 .L0 
     /tmp/ccGZmqfz.s:818    .text:00000000000002a8 .L0 
     /tmp/ccGZmqfz.s:819    .text:00000000000002a8 .L0 
     /tmp/ccGZmqfz.s:826    .text:00000000000002b0 .L0 
     /tmp/ccGZmqfz.s:830    .text:00000000000002b4 .L0 
     /tmp/ccGZmqfz.s:840    .text:00000000000002b4 .L0 
     /tmp/ccGZmqfz.s:168    .rodata:0000000000000000 .L7
     /tmp/ccGZmqfz.s:160    .text:00000000000000b4 .L0 
     /tmp/ccGZmqfz.s:433    .text:000000000000015c .L0 
     /tmp/ccGZmqfz.s:460    .text:0000000000000180 .L0 
     /tmp/ccGZmqfz.s:110    .text:0000000000000080 .L39
     /tmp/ccGZmqfz.s:810    .text:00000000000002a8 .L40
     /tmp/ccGZmqfz.s:317    .text:00000000000000f8 .L3
     /tmp/ccGZmqfz.s:283    .text:00000000000000e8 .L5
     /tmp/ccGZmqfz.s:420    .text:0000000000000154 .L30
     /tmp/ccGZmqfz.s:408    .text:000000000000014c .L20
     /tmp/ccGZmqfz.s:487    .text:00000000000001a0 .L31
     /tmp/ccGZmqfz.s:476    .text:0000000000000198 .L22
     /tmp/ccGZmqfz.s:457    .text:0000000000000180 .L21
     /tmp/ccGZmqfz.s:544    .text:00000000000001d8 .L33
     /tmp/ccGZmqfz.s:532    .text:00000000000001d0 .L23
     /tmp/ccGZmqfz.s:585    .text:00000000000001fc .L34
     /tmp/ccGZmqfz.s:574    .text:00000000000001f4 .L24
     /tmp/ccGZmqfz.s:622    .text:000000000000021c .L35
     /tmp/ccGZmqfz.s:611    .text:0000000000000214 .L25
     /tmp/ccGZmqfz.s:659    .text:000000000000023c .L36
     /tmp/ccGZmqfz.s:648    .text:0000000000000234 .L26
     /tmp/ccGZmqfz.s:696    .text:0000000000000258 .L37
     /tmp/ccGZmqfz.s:685    .text:0000000000000250 .L27
     /tmp/ccGZmqfz.s:252    .text:00000000000000cc .L19
     /tmp/ccGZmqfz.s:335    .text:000000000000010c .L18
     /tmp/ccGZmqfz.s:370    .text:000000000000012c .L17
     /tmp/ccGZmqfz.s:425    .text:000000000000015c .L16
     /tmp/ccGZmqfz.s:491    .text:00000000000001a8 .L15
     /tmp/ccGZmqfz.s:502    .text:00000000000001b4 .L14
     /tmp/ccGZmqfz.s:549    .text:00000000000001e0 .L13
     /tmp/ccGZmqfz.s:590    .text:0000000000000204 .L12
     /tmp/ccGZmqfz.s:627    .text:0000000000000224 .L11
     /tmp/ccGZmqfz.s:664    .text:0000000000000244 .L10
GAS LISTING /tmp/ccGZmqfz.s 			page 32


     /tmp/ccGZmqfz.s:701    .text:0000000000000260 .L9
     /tmp/ccGZmqfz.s:720    .text:0000000000000270 .L8
     /tmp/ccGZmqfz.s:743    .text:0000000000000284 .L6
     /tmp/ccGZmqfz.s:2440   .debug_abbrev:0000000000000000 .Ldebug_abbrev0
     /tmp/ccGZmqfz.s:4043   .debug_str:00000000000006ed .LASF140
     /tmp/ccGZmqfz.s:3977   .debug_str:0000000000000502 .LASF141
     /tmp/ccGZmqfz.s:4051   .debug_str:00000000000007d3 .LASF142
     /tmp/ccGZmqfz.s:5      .text:0000000000000000 .Ltext0
     /tmp/ccGZmqfz.s:833    .text:00000000000002b4 .Letext0
     /tmp/ccGZmqfz.s:3781   .debug_line:0000000000000000 .Ldebug_line0
     /tmp/ccGZmqfz.s:3949   .debug_str:0000000000000467 .LASF0
     /tmp/ccGZmqfz.s:3971   .debug_str:00000000000004d7 .LASF1
     /tmp/ccGZmqfz.s:3933   .debug_str:0000000000000401 .LASF2
     /tmp/ccGZmqfz.s:3903   .debug_str:0000000000000333 .LASF4
     /tmp/ccGZmqfz.s:4019   .debug_str:000000000000063b .LASF3
     /tmp/ccGZmqfz.s:3809   .debug_str:00000000000000a8 .LASF5
     /tmp/ccGZmqfz.s:3975   .debug_str:00000000000004ef .LASF6
     /tmp/ccGZmqfz.s:3947   .debug_str:0000000000000454 .LASF7
     /tmp/ccGZmqfz.s:4053   .debug_str:00000000000007fa .LASF8
     /tmp/ccGZmqfz.s:3889   .debug_str:00000000000002bc .LASF9
     /tmp/ccGZmqfz.s:3991   .debug_str:000000000000056a .LASF10
     /tmp/ccGZmqfz.s:4047   .debug_str:00000000000007bd .LASF11
     /tmp/ccGZmqfz.s:3813   .debug_str:00000000000000bb .LASF12
     /tmp/ccGZmqfz.s:3791   .debug_str:0000000000000030 .LASF13
     /tmp/ccGZmqfz.s:3829   .debug_str:0000000000000147 .LASF14
     /tmp/ccGZmqfz.s:4011   .debug_str:00000000000005ff .LASF15
     /tmp/ccGZmqfz.s:3843   .debug_str:000000000000018d .LASF16
     /tmp/ccGZmqfz.s:3967   .debug_str:00000000000004c6 .LASF61
     /tmp/ccGZmqfz.s:3919   .debug_str:00000000000003b2 .LASF20
     /tmp/ccGZmqfz.s:4029   .debug_str:000000000000068d .LASF17
     /tmp/ccGZmqfz.s:3965   .debug_str:00000000000004bd .LASF18
     /tmp/ccGZmqfz.s:3909   .debug_str:0000000000000348 .LASF19
     /tmp/ccGZmqfz.s:3847   .debug_str:00000000000001b7 .LASF21
     /tmp/ccGZmqfz.s:3839   .debug_str:000000000000017c .LASF22
     /tmp/ccGZmqfz.s:3921   .debug_str:00000000000003bd .LASF23
     /tmp/ccGZmqfz.s:3811   .debug_str:00000000000000af .LASF24
     /tmp/ccGZmqfz.s:4007   .debug_str:00000000000005dd .LASF57
     /tmp/ccGZmqfz.s:4075   .debug_str:00000000000008bb .LASF59
     /tmp/ccGZmqfz.s:3793   .debug_str:0000000000000040 .LASF25
     /tmp/ccGZmqfz.s:3869   .debug_str:000000000000022b .LASF27
     /tmp/ccGZmqfz.s:3861   .debug_str:0000000000000209 .LASF29
     /tmp/ccGZmqfz.s:3859   .debug_str:00000000000001f4 .LASF31
     /tmp/ccGZmqfz.s:4023   .debug_str:0000000000000660 .LASF26
     /tmp/ccGZmqfz.s:3999   .debug_str:0000000000000598 .LASF28
     /tmp/ccGZmqfz.s:4041   .debug_str:00000000000006e6 .LASF30
     /tmp/ccGZmqfz.s:4035   .debug_str:00000000000006b5 .LASF32
     /tmp/ccGZmqfz.s:3883   .debug_str:00000000000002a6 .LASF33
     /tmp/ccGZmqfz.s:3845   .debug_str:00000000000001a3 .LASF34
     /tmp/ccGZmqfz.s:3787   .debug_str:0000000000000011 .LASF35
     /tmp/ccGZmqfz.s:3895   .debug_str:00000000000002f1 .LASF36
     /tmp/ccGZmqfz.s:3807   .debug_str:00000000000000a0 .LASF37
     /tmp/ccGZmqfz.s:3817   .debug_str:00000000000000e4 .LASF38
     /tmp/ccGZmqfz.s:4085   .debug_str:0000000000000908 .LASF39
     /tmp/ccGZmqfz.s:3871   .debug_str:0000000000000240 .LASF40
     /tmp/ccGZmqfz.s:3951   .debug_str:0000000000000474 .LASF41
     /tmp/ccGZmqfz.s:4071   .debug_str:000000000000088e .LASF42
     /tmp/ccGZmqfz.s:3803   .debug_str:0000000000000072 .LASF43
GAS LISTING /tmp/ccGZmqfz.s 			page 33


     /tmp/ccGZmqfz.s:3881   .debug_str:0000000000000293 .LASF44
     /tmp/ccGZmqfz.s:3885   .debug_str:00000000000002ae .LASF45
     /tmp/ccGZmqfz.s:4039   .debug_str:00000000000006d4 .LASF46
     /tmp/ccGZmqfz.s:3801   .debug_str:000000000000006c .LASF47
     /tmp/ccGZmqfz.s:4093   .debug_str:0000000000000929 .LASF48
     /tmp/ccGZmqfz.s:4083   .debug_str:00000000000008fd .LASF49
     /tmp/ccGZmqfz.s:4017   .debug_str:0000000000000623 .LASF50
     /tmp/ccGZmqfz.s:3969   .debug_str:00000000000004cc .LASF51
     /tmp/ccGZmqfz.s:4031   .debug_str:0000000000000696 .LASF52
     /tmp/ccGZmqfz.s:3827   .debug_str:000000000000013d .LASF53
     /tmp/ccGZmqfz.s:3899   .debug_str:0000000000000318 .LASF54
     /tmp/ccGZmqfz.s:3941   .debug_str:0000000000000438 .LASF55
     /tmp/ccGZmqfz.s:3893   .debug_str:00000000000002db .LASF56
     /tmp/ccGZmqfz.s:4025   .debug_str:0000000000000667 .LASF58
     /tmp/ccGZmqfz.s:3819   .debug_str:00000000000000f8 .LASF60
     /tmp/ccGZmqfz.s:4061   .debug_str:0000000000000839 .LASF143
     /tmp/ccGZmqfz.s:3915   .debug_str:0000000000000368 .LASF144
     /tmp/ccGZmqfz.s:3797   .debug_str:0000000000000050 .LASF62
     /tmp/ccGZmqfz.s:3927   .debug_str:00000000000003ef .LASF145
     /tmp/ccGZmqfz.s:3851   .debug_str:00000000000001cb .LASF63
     /tmp/ccGZmqfz.s:3931   .debug_str:00000000000003fc .LASF64
     /tmp/ccGZmqfz.s:3901   .debug_str:000000000000032e .LASF65
     /tmp/ccGZmqfz.s:3897   .debug_str:0000000000000305 .LASF67
     /tmp/ccGZmqfz.s:3985   .debug_str:000000000000053f .LASF72
     /tmp/ccGZmqfz.s:3945   .debug_str:000000000000044a .LASF146
     /tmp/ccGZmqfz.s:4027   .debug_str:0000000000000676 .LASF147
     /tmp/ccGZmqfz.s:3925   .debug_str:00000000000003e6 .LASF66
     /tmp/ccGZmqfz.s:4063   .debug_str:000000000000084e .LASF68
     /tmp/ccGZmqfz.s:3887   .debug_str:00000000000002b4 .LASF69
     /tmp/ccGZmqfz.s:3923   .debug_str:00000000000003ca .LASF70
     /tmp/ccGZmqfz.s:4045   .debug_str:00000000000007b1 .LASF71
     /tmp/ccGZmqfz.s:3979   .debug_str:0000000000000510 .LASF73
     /tmp/ccGZmqfz.s:3823   .debug_str:000000000000011a .LASF74
     /tmp/ccGZmqfz.s:4059   .debug_str:000000000000081e .LASF75
     /tmp/ccGZmqfz.s:3957   .debug_str:00000000000004a0 .LASF76
     /tmp/ccGZmqfz.s:3879   .debug_str:0000000000000276 .LASF77
     /tmp/ccGZmqfz.s:3913   .debug_str:000000000000035f .LASF78
     /tmp/ccGZmqfz.s:4073   .debug_str:00000000000008a1 .LASF79
     /tmp/ccGZmqfz.s:3853   .debug_str:00000000000001d0 .LASF115
     /tmp/ccGZmqfz.s:3849   .debug_str:00000000000001c6 .LASF80
     /tmp/ccGZmqfz.s:4069   .debug_str:0000000000000882 .LASF81
     /tmp/ccGZmqfz.s:3863   .debug_str:0000000000000212 .LASF82
     /tmp/ccGZmqfz.s:3789   .debug_str:0000000000000019 .LASF83
     /tmp/ccGZmqfz.s:3935   .debug_str:000000000000040f .LASF84
     /tmp/ccGZmqfz.s:4009   .debug_str:00000000000005e8 .LASF85
     /tmp/ccGZmqfz.s:4065   .debug_str:000000000000086b .LASF86
     /tmp/ccGZmqfz.s:3805   .debug_str:0000000000000079 .LASF87
     /tmp/ccGZmqfz.s:4003   .debug_str:00000000000005d3 .LASF148
     /tmp/ccGZmqfz.s:4013   .debug_str:0000000000000615 .LASF88
     /tmp/ccGZmqfz.s:3993   .debug_str:0000000000000579 .LASF89
     /tmp/ccGZmqfz.s:3953   .debug_str:000000000000047b .LASF90
     /tmp/ccGZmqfz.s:4021   .debug_str:000000000000064d .LASF91
     /tmp/ccGZmqfz.s:3867   .debug_str:0000000000000223 .LASF149
     /tmp/ccGZmqfz.s:3911   .debug_str:0000000000000351 .LASF92
     /tmp/ccGZmqfz.s:3815   .debug_str:00000000000000cb .LASF93
     /tmp/ccGZmqfz.s:3939   .debug_str:0000000000000424 .LASF150
     /tmp/ccGZmqfz.s:3907   .debug_str:0000000000000343 .LASF94
GAS LISTING /tmp/ccGZmqfz.s 			page 34


     /tmp/ccGZmqfz.s:3831   .debug_str:0000000000000153 .LASF95
     /tmp/ccGZmqfz.s:4015   .debug_str:000000000000061b .LASF96
     /tmp/ccGZmqfz.s:3905   .debug_str:000000000000033a .LASF97
     /tmp/ccGZmqfz.s:3837   .debug_str:000000000000016e .LASF151
     /tmp/ccGZmqfz.s:3917   .debug_str:000000000000038a .LASF152
     /tmp/ccGZmqfz.s:3783   .debug_str:0000000000000000 .LASF98
     /tmp/ccGZmqfz.s:3865   .debug_str:000000000000021d .LASF99
     /tmp/ccGZmqfz.s:3855   .debug_str:00000000000001d8 .LASF153
     /tmp/ccGZmqfz.s:3785   .debug_str:0000000000000009 .LASF100
     /tmp/ccGZmqfz.s:3997   .debug_str:0000000000000592 .LASF101
     /tmp/ccGZmqfz.s:3833   .debug_str:0000000000000159 .LASF102
     /tmp/ccGZmqfz.s:3943   .debug_str:0000000000000442 .LASF103
     /tmp/ccGZmqfz.s:3799   .debug_str:000000000000005a .LASF104
     /tmp/ccGZmqfz.s:3821   .debug_str:0000000000000114 .LASF135
     /tmp/ccGZmqfz.s:4057   .debug_str:0000000000000814 .LASF105
     /tmp/ccGZmqfz.s:3877   .debug_str:000000000000025e .LASF106
     /tmp/ccGZmqfz.s:3873   .debug_str:0000000000000254 .LASF107
     /tmp/ccGZmqfz.s:4087   .debug_str:0000000000000910 .LASF108
     /tmp/ccGZmqfz.s:4049   .debug_str:00000000000007cc .LASF109
     /tmp/ccGZmqfz.s:3891   .debug_str:00000000000002ca .LASF110
     /tmp/ccGZmqfz.s:3973   .debug_str:00000000000004ea .LASF111
     /tmp/ccGZmqfz.s:3981   .debug_str:000000000000052e .LASF112
     /tmp/ccGZmqfz.s:3875   .debug_str:0000000000000259 .LASF113
     /tmp/ccGZmqfz.s:3937   .debug_str:000000000000041b .LASF114
     /tmp/ccGZmqfz.s:3963   .debug_str:00000000000004b5 .LASF116
     /tmp/ccGZmqfz.s:4005   .debug_str:00000000000005d8 .LASF117
     /tmp/ccGZmqfz.s:3835   .debug_str:0000000000000169 .LASF118
     /tmp/ccGZmqfz.s:4055   .debug_str:000000000000080a .LASF119
     /tmp/ccGZmqfz.s:4079   .debug_str:00000000000008d8 .LASF120
     /tmp/ccGZmqfz.s:3995   .debug_str:0000000000000589 .LASF121
     /tmp/ccGZmqfz.s:3825   .debug_str:0000000000000124 .LASF122
     /tmp/ccGZmqfz.s:4081   .debug_str:00000000000008f1 .LASF123
     /tmp/ccGZmqfz.s:3955   .debug_str:0000000000000484 .LASF124
     /tmp/ccGZmqfz.s:4037   .debug_str:00000000000006c8 .LASF154
     /tmp/ccGZmqfz.s:4001   .debug_str:00000000000005ab .LASF155
     /tmp/ccGZmqfz.s:46     .text:0000000000000020 .LFB36
     /tmp/ccGZmqfz.s:831    .text:00000000000002b4 .LFE36
     /tmp/ccGZmqfz.s:3795   .debug_str:0000000000000049 .LASF125
     /tmp/ccGZmqfz.s:3426   .debug_loc:0000000000000000 .LLST0
     /tmp/ccGZmqfz.s:3959   .debug_str:00000000000004ab .LASF126
     /tmp/ccGZmqfz.s:3773   .debug_ranges:0000000000000000 .Ldebug_ranges0
     /tmp/ccGZmqfz.s:3961   .debug_str:00000000000004b0 .LASF127
     /tmp/ccGZmqfz.s:3929   .debug_str:00000000000003f4 .LASF128
     /tmp/ccGZmqfz.s:256    .text:00000000000000cc .LBB51
     /tmp/ccGZmqfz.s:284    .text:00000000000000e8 .LBE51
     /tmp/ccGZmqfz.s:3513   .debug_loc:0000000000000145 .LLST1
     /tmp/ccGZmqfz.s:3520   .debug_loc:0000000000000168 .LLST3
     /tmp/ccGZmqfz.s:270    .text:00000000000000d8 .LVL5
     /tmp/ccGZmqfz.s:273    .text:00000000000000e4 .LVL6
     /tmp/ccGZmqfz.s:343    .text:000000000000010c .LBB52
     /tmp/ccGZmqfz.s:371    .text:000000000000012c .LBE52
     /tmp/ccGZmqfz.s:4077   .debug_str:00000000000008d3 .LASF129
     /tmp/ccGZmqfz.s:3527   .debug_loc:000000000000018b .LLST4
     /tmp/ccGZmqfz.s:3534   .debug_loc:00000000000001ae .LLST5
     /tmp/ccGZmqfz.s:356    .text:0000000000000118 .LVL14
     /tmp/ccGZmqfz.s:359    .text:0000000000000124 .LVL15
     /tmp/ccGZmqfz.s:374    .text:000000000000012c .LBB53
GAS LISTING /tmp/ccGZmqfz.s 			page 35


     /tmp/ccGZmqfz.s:426    .text:000000000000015c .LBE53
     /tmp/ccGZmqfz.s:4033   .debug_str:00000000000006ae .LASF130
     /tmp/ccGZmqfz.s:3541   .debug_loc:00000000000001d1 .LLST6
     /tmp/ccGZmqfz.s:3989   .debug_str:000000000000055d .LASF131
     /tmp/ccGZmqfz.s:3548   .debug_loc:00000000000001f4 .LLST7
     /tmp/ccGZmqfz.s:3555   .debug_loc:0000000000000217 .LLST8
     /tmp/ccGZmqfz.s:3562   .debug_loc:000000000000023a .LLST9
     /tmp/ccGZmqfz.s:402    .text:0000000000000144 .LVL20
     /tmp/ccGZmqfz.s:429    .text:000000000000015c .LBB54
     /tmp/ccGZmqfz.s:492    .text:00000000000001a8 .LBE54
     /tmp/ccGZmqfz.s:3569   .debug_loc:000000000000025d .LLST10
     /tmp/ccGZmqfz.s:439    .text:000000000000016c .LBB55
     /tmp/ccGZmqfz.s:448    .text:0000000000000174 .LBE55
     /tmp/ccGZmqfz.s:3581   .debug_loc:0000000000000294 .LLST11
     /tmp/ccGZmqfz.s:3589   .debug_loc:00000000000002b8 .LLST12
     /tmp/ccGZmqfz.s:463    .text:000000000000018c .LBB57
     /tmp/ccGZmqfz.s:470    .text:0000000000000190 .LBE57
     /tmp/ccGZmqfz.s:3596   .debug_loc:00000000000002db .LLST13
     /tmp/ccGZmqfz.s:452    .text:000000000000017c .LVL26
     /tmp/ccGZmqfz.s:505    .text:00000000000001b4 .LBB59
     /tmp/ccGZmqfz.s:550    .text:00000000000001e0 .LBE59
     /tmp/ccGZmqfz.s:3603   .debug_loc:00000000000002fe .LLST14
     /tmp/ccGZmqfz.s:4091   .debug_str:0000000000000924 .LASF132
     /tmp/ccGZmqfz.s:3610   .debug_loc:0000000000000321 .LLST15
     /tmp/ccGZmqfz.s:3617   .debug_loc:0000000000000344 .LLST16
     /tmp/ccGZmqfz.s:527    .text:00000000000001c8 .LVL36
     /tmp/ccGZmqfz.s:553    .text:00000000000001e0 .LBB60
     /tmp/ccGZmqfz.s:591    .text:0000000000000204 .LBE60
     /tmp/ccGZmqfz.s:3624   .debug_loc:0000000000000367 .LLST17
     /tmp/ccGZmqfz.s:3635   .debug_loc:000000000000039d .LLST18
     /tmp/ccGZmqfz.s:569    .text:00000000000001f0 .LVL41
     /tmp/ccGZmqfz.s:594    .text:0000000000000204 .LBB61
     /tmp/ccGZmqfz.s:628    .text:0000000000000224 .LBE61
     /tmp/ccGZmqfz.s:3647   .debug_loc:00000000000003d4 .LLST19
     /tmp/ccGZmqfz.s:3658   .debug_loc:000000000000040a .LLST20
     /tmp/ccGZmqfz.s:610    .text:0000000000000214 .LVL46
     /tmp/ccGZmqfz.s:631    .text:0000000000000224 .LBB62
     /tmp/ccGZmqfz.s:665    .text:0000000000000244 .LBE62
     /tmp/ccGZmqfz.s:3665   .debug_loc:000000000000042d .LLST21
     /tmp/ccGZmqfz.s:3676   .debug_loc:0000000000000463 .LLST22
     /tmp/ccGZmqfz.s:647    .text:0000000000000234 .LVL50
     /tmp/ccGZmqfz.s:668    .text:0000000000000244 .LBB63
     /tmp/ccGZmqfz.s:702    .text:0000000000000260 .LBE63
     /tmp/ccGZmqfz.s:3683   .debug_loc:0000000000000486 .LLST23
     /tmp/ccGZmqfz.s:3694   .debug_loc:00000000000004bc .LLST24
     /tmp/ccGZmqfz.s:705    .text:0000000000000260 .LBB64
     /tmp/ccGZmqfz.s:721    .text:0000000000000270 .LBE64
     /tmp/ccGZmqfz.s:3701   .debug_loc:00000000000004df .LLST25
     /tmp/ccGZmqfz.s:709    .text:0000000000000268 .LVL57
     /tmp/ccGZmqfz.s:724    .text:0000000000000270 .LBB65
     /tmp/ccGZmqfz.s:744    .text:0000000000000284 .LBE65
     /tmp/ccGZmqfz.s:3708   .debug_loc:0000000000000502 .LLST26
     /tmp/ccGZmqfz.s:739    .text:0000000000000280 .LVL61
     /tmp/ccGZmqfz.s:113    .text:0000000000000080 .LBB45
     /tmp/ccGZmqfz.s:128    .text:000000000000008c .LBE45
     /tmp/ccGZmqfz.s:134    .text:0000000000000094 .LBB47
     /tmp/ccGZmqfz.s:149    .text:00000000000000a0 .LBE47
GAS LISTING /tmp/ccGZmqfz.s 			page 36


     /tmp/ccGZmqfz.s:751    .text:0000000000000288 .LBB66
     /tmp/ccGZmqfz.s:762    .text:000000000000028c .LBE66
     /tmp/ccGZmqfz.s:3715   .debug_loc:0000000000000525 .LLST27
     /tmp/ccGZmqfz.s:767    .text:0000000000000290 .LBB68
     /tmp/ccGZmqfz.s:778    .text:0000000000000294 .LBE68
     /tmp/ccGZmqfz.s:3722   .debug_loc:0000000000000548 .LLST28
     /tmp/ccGZmqfz.s:780    .text:0000000000000294 .LBB70
     /tmp/ccGZmqfz.s:792    .text:000000000000029c .LBE70
     /tmp/ccGZmqfz.s:3729   .debug_loc:000000000000056b .LLST29
     /tmp/ccGZmqfz.s:794    .text:000000000000029c .LBB72
     /tmp/ccGZmqfz.s:806    .text:00000000000002a4 .LBE72
     /tmp/ccGZmqfz.s:3737   .debug_loc:000000000000058f .LLST30
     /tmp/ccGZmqfz.s:291    .text:00000000000000ec .LBB75
     /tmp/ccGZmqfz.s:302    .text:00000000000000f0 .LBE75
     /tmp/ccGZmqfz.s:3746   .debug_loc:00000000000005b5 .LLST31
     /tmp/ccGZmqfz.s:307    .text:00000000000000f4 .LBB77
     /tmp/ccGZmqfz.s:319    .text:00000000000000f8 .LBE77
     /tmp/ccGZmqfz.s:3753   .debug_loc:00000000000005d8 .LLST32
     /tmp/ccGZmqfz.s:498    .text:00000000000001b0 .LVL32
     /tmp/ccGZmqfz.s:60     .text:0000000000000034 .LBB41
     /tmp/ccGZmqfz.s:77     .text:0000000000000040 .LBE41
     /tmp/ccGZmqfz.s:815    .text:00000000000002a8 .LBB81
     /tmp/ccGZmqfz.s:828    .text:00000000000002b4 .LBE81
     /tmp/ccGZmqfz.s:107    .text:000000000000007c .LVL1
     /tmp/ccGZmqfz.s:3983   .debug_str:000000000000053a .LASF133
     /tmp/ccGZmqfz.s:10     .text:0000000000000000 .LFB35
     /tmp/ccGZmqfz.s:40     .text:0000000000000020 .LFE35
     /tmp/ccGZmqfz.s:3841   .debug_str:0000000000000188 .LASF134
     /tmp/ccGZmqfz.s:4089   .debug_str:000000000000091f .LASF136
     /tmp/ccGZmqfz.s:4067   .debug_str:000000000000087b .LASF137
     /tmp/ccGZmqfz.s:3987   .debug_str:0000000000000556 .LASF138
     /tmp/ccGZmqfz.s:3857   .debug_str:00000000000001e4 .LASF139
     /tmp/ccGZmqfz.s:75     .text:0000000000000040 .LVL0
     /tmp/ccGZmqfz.s:109    .text:0000000000000080 .LVL2
     /tmp/ccGZmqfz.s:157    .text:00000000000000ac .LVL3
     /tmp/ccGZmqfz.s:334    .text:000000000000010c .LVL12
     /tmp/ccGZmqfz.s:369    .text:000000000000012c .LVL16
     /tmp/ccGZmqfz.s:424    .text:000000000000015c .LVL23
     /tmp/ccGZmqfz.s:486    .text:00000000000001a0 .LVL31
     /tmp/ccGZmqfz.s:501    .text:00000000000001b4 .LVL33
     /tmp/ccGZmqfz.s:548    .text:00000000000001e0 .LVL39
     /tmp/ccGZmqfz.s:584    .text:00000000000001fc .LVL43
     /tmp/ccGZmqfz.s:621    .text:000000000000021c .LVL47
     /tmp/ccGZmqfz.s:658    .text:000000000000023c .LVL51
     /tmp/ccGZmqfz.s:719    .text:0000000000000270 .LVL58
     /tmp/ccGZmqfz.s:742    .text:0000000000000284 .LVL62
     /tmp/ccGZmqfz.s:809    .text:00000000000002a8 .LVL69
     /tmp/ccGZmqfz.s:264    .text:00000000000000d0 .LVL4
     /tmp/ccGZmqfz.s:281    .text:00000000000000e8 .LVL7
     /tmp/ccGZmqfz.s:351    .text:0000000000000110 .LVL13
     /tmp/ccGZmqfz.s:384    .text:0000000000000130 .LVL17
     /tmp/ccGZmqfz.s:390    .text:0000000000000134 .LVL18
     /tmp/ccGZmqfz.s:396    .text:0000000000000138 .LVL19
     /tmp/ccGZmqfz.s:409    .text:000000000000014c .LVL21
     /tmp/ccGZmqfz.s:419    .text:0000000000000154 .LVL22
     /tmp/ccGZmqfz.s:456    .text:0000000000000180 .LVL27
     /tmp/ccGZmqfz.s:438    .text:000000000000016c .LVL24
GAS LISTING /tmp/ccGZmqfz.s 			page 37


     /tmp/ccGZmqfz.s:446    .text:0000000000000174 .LVL25
     /tmp/ccGZmqfz.s:462    .text:000000000000018c .LVL28
     /tmp/ccGZmqfz.s:468    .text:0000000000000190 .LVL29
     /tmp/ccGZmqfz.s:515    .text:00000000000001b8 .LVL34
     /tmp/ccGZmqfz.s:521    .text:00000000000001bc .LVL35
     /tmp/ccGZmqfz.s:533    .text:00000000000001d0 .LVL37
     /tmp/ccGZmqfz.s:543    .text:00000000000001d8 .LVL38
     /tmp/ccGZmqfz.s:562    .text:00000000000001e4 .LVL40
     /tmp/ccGZmqfz.s:589    .text:0000000000000204 .LVL44
     /tmp/ccGZmqfz.s:573    .text:00000000000001f4 .LVL42
     /tmp/ccGZmqfz.s:603    .text:0000000000000208 .LVL45
     /tmp/ccGZmqfz.s:625    .text:0000000000000220 .LVL48
     /tmp/ccGZmqfz.s:640    .text:0000000000000228 .LVL49
     /tmp/ccGZmqfz.s:662    .text:0000000000000240 .LVL52
     /tmp/ccGZmqfz.s:677    .text:0000000000000248 .LVL53
     /tmp/ccGZmqfz.s:684    .text:0000000000000250 .LVL54
     /tmp/ccGZmqfz.s:695    .text:0000000000000258 .LVL55
     /tmp/ccGZmqfz.s:699    .text:000000000000025c .LVL56
     /tmp/ccGZmqfz.s:732    .text:0000000000000274 .LVL59
     /tmp/ccGZmqfz.s:737    .text:0000000000000278 .LVL60
     /tmp/ccGZmqfz.s:750    .text:0000000000000288 .LVL63
     /tmp/ccGZmqfz.s:759    .text:000000000000028c .LVL64
     /tmp/ccGZmqfz.s:766    .text:0000000000000290 .LVL65
     /tmp/ccGZmqfz.s:775    .text:0000000000000294 .LVL66
     /tmp/ccGZmqfz.s:789    .text:000000000000029c .LVL67
     /tmp/ccGZmqfz.s:803    .text:00000000000002a4 .LVL68
     /tmp/ccGZmqfz.s:290    .text:00000000000000ec .LVL8
     /tmp/ccGZmqfz.s:299    .text:00000000000000f0 .LVL9
     /tmp/ccGZmqfz.s:306    .text:00000000000000f4 .LVL10
     /tmp/ccGZmqfz.s:315    .text:00000000000000f8 .LVL11
     /tmp/ccGZmqfz.s:841    .debug_info:0000000000000000 .Ldebug_info0
     /tmp/ccGZmqfz.s:111    .text:0000000000000080 .LBB44
     /tmp/ccGZmqfz.s:320    .text:00000000000000f8 .LBE44
     /tmp/ccGZmqfz.s:338    .text:000000000000010c .LBB80
     /tmp/ccGZmqfz.s:813    .text:00000000000002a8 .LBE80

UNDEFINED SYMBOLS
console_handler
_ZN8MemAlloc11getInstanceEv
_ZN8MemAlloc9mem_allocEm
_ZN8MemAlloc8mem_freeEPv
_ZN3CCB15createCoroutineEPFvPvES0_PPS_
_ZN3CCB7runningE
_ZN3CCB8dispatchEv
_ZN3Sem9createSemEPPS_m
_ZN3SemD1Ev
_ZN3Sem4waitEv
_ZN3Sem6signalEv
__getc
__putc
