GAS LISTING /tmp/ccYnMLqe.s 			page 1


   1              		.file	"sem.cpp"
   2              		.option pic
   3              		.option norelax
   4              		.text
   5              	.Ltext0:
   6              		.align	2
   7              		.globl	_ZN3Sem5blockEv
   9              	_ZN3Sem5blockEv:
  10              	.LFB21:
  11              		.file 1 "src/sem.cpp"
   1:src/sem.cpp   **** //
   2:src/sem.cpp   **** // Created by os on 7/31/24.
   3:src/sem.cpp   **** //
   4:src/sem.cpp   **** #include "../h/sem.h"
   5:src/sem.cpp   **** #include "../h/ccb.hpp"
   6:src/sem.cpp   **** 
   7:src/sem.cpp   **** int Sem::wait() {
   8:src/sem.cpp   ****     if(--value < 0) block();
   9:src/sem.cpp   ****     return 0;
  10:src/sem.cpp   **** }
  11:src/sem.cpp   **** 
  12:src/sem.cpp   **** int Sem::signal() {
  13:src/sem.cpp   ****     if(++value <= 0) unblock();
  14:src/sem.cpp   ****     return 0;
  15:src/sem.cpp   **** 
  16:src/sem.cpp   **** }
  17:src/sem.cpp   **** 
  18:src/sem.cpp   **** void Sem::block() {
  12              		.loc 1 18 19
  13              		.cfi_startproc
  14              	.LVL0:
  15 0000 130101FE 		addi	sp,sp,-32
  16              		.cfi_def_cfa_offset 32
  17 0004 233C1100 		sd	ra,24(sp)
  18 0008 23388100 		sd	s0,16(sp)
  19 000c 23349100 		sd	s1,8(sp)
  20 0010 23302101 		sd	s2,0(sp)
  21              		.cfi_offset 1, -8
  22              		.cfi_offset 8, -16
  23              		.cfi_offset 9, -24
  24              		.cfi_offset 18, -32
  25 0014 13040102 		addi	s0,sp,32
  26              		.cfi_def_cfa 8, 0
  27 0018 93040500 		mv	s1,a0
  19:src/sem.cpp   ****     CCB *currentThread = CCB::running;
  28              		.loc 1 19 5
  29              		.loc 1 19 10 is_stmt 0
  30 001c 97070000 		la	a5,_ZN3CCB7runningE
  30      83B70700 
  31 0024 03B90700 		ld	s2,0(a5)
  32              	.LVL1:
  20:src/sem.cpp   ****     blocked.addLast(currentThread);
  33              		.loc 1 20 5 is_stmt 1
  34              	.LBB28:
  35              	.LBB29:
  36              		.file 2 "src/../h/../h/list.hpp"
   1:src/../h/../h/list.hpp **** //
GAS LISTING /tmp/ccYnMLqe.s 			page 2


   2:src/../h/../h/list.hpp **** // Created by marko on 20.4.22..
   3:src/../h/../h/list.hpp **** //
   4:src/../h/../h/list.hpp **** 
   5:src/../h/../h/list.hpp **** #ifndef OS1_VEZBE07_RISCV_CONTEXT_SWITCH_2_INTERRUPT_LIST_HPP
   6:src/../h/../h/list.hpp **** #define OS1_VEZBE07_RISCV_CONTEXT_SWITCH_2_INTERRUPT_LIST_HPP
   7:src/../h/../h/list.hpp **** 
   8:src/../h/../h/list.hpp **** template<typename T>
   9:src/../h/../h/list.hpp **** class List
  10:src/../h/../h/list.hpp **** {
  11:src/../h/../h/list.hpp **** private:
  12:src/../h/../h/list.hpp ****     struct Elem
  13:src/../h/../h/list.hpp ****     {
  14:src/../h/../h/list.hpp ****         T *data;
  15:src/../h/../h/list.hpp ****         Elem *next;
  16:src/../h/../h/list.hpp **** 
  17:src/../h/../h/list.hpp ****         Elem(T *data, Elem *next) : data(data), next(next) {}
  18:src/../h/../h/list.hpp ****     };
  19:src/../h/../h/list.hpp **** 
  20:src/../h/../h/list.hpp ****     Elem *head, *tail;
  21:src/../h/../h/list.hpp **** 
  22:src/../h/../h/list.hpp **** public:
  23:src/../h/../h/list.hpp ****     List() : head(0), tail(0) {}
  24:src/../h/../h/list.hpp **** 
  25:src/../h/../h/list.hpp ****     List(const List<T> &) = delete;
  26:src/../h/../h/list.hpp **** 
  27:src/../h/../h/list.hpp ****     List<T> &operator=(const List<T> &) = delete;
  28:src/../h/../h/list.hpp **** 
  29:src/../h/../h/list.hpp ****     void addFirst(T *data)
  30:src/../h/../h/list.hpp ****     {
  31:src/../h/../h/list.hpp ****         Elem *elem = new Elem(data, head);
  32:src/../h/../h/list.hpp ****         head = elem;
  33:src/../h/../h/list.hpp ****         if (!tail) { tail = head; }
  34:src/../h/../h/list.hpp ****     }
  35:src/../h/../h/list.hpp **** 
  36:src/../h/../h/list.hpp ****     void addLast(T *data)
  37:src/../h/../h/list.hpp ****     {
  38:src/../h/../h/list.hpp ****         Elem *elem = new Elem(data, 0);
  37              		.loc 2 38 22 is_stmt 0
  38 0028 13050001 		li	a0,16
  39              	.LVL2:
  40 002c 97000000 		call	_Znwm@plt
  40      E7800000 
  41              	.LVL3:
  42              	.LBB30:
  43              	.LBB31:
  17:src/../h/../h/list.hpp ****     };
  44              		.loc 2 17 58
  45 0034 23302501 		sd	s2,0(a0)
  46 0038 23340500 		sd	zero,8(a0)
  47              	.LVL4:
  48              	.LBE31:
  49              	.LBE30:
  39:src/../h/../h/list.hpp ****         if (tail)
  50              		.loc 2 39 13
  51 003c 83B78400 		ld	a5,8(s1)
  52              		.loc 2 39 9
  53 0040 63840704 		beqz	a5,.L2
GAS LISTING /tmp/ccYnMLqe.s 			page 3


  40:src/../h/../h/list.hpp ****         {
  41:src/../h/../h/list.hpp ****             tail->next = elem;
  54              		.loc 2 41 13
  55 0044 23B4A700 		sd	a0,8(a5)
  42:src/../h/../h/list.hpp ****             tail = elem;
  56              		.loc 2 42 13
  57 0048 23B4A400 		sd	a0,8(s1)
  58              	.L3:
  59              	.LVL5:
  60              	.LBE29:
  61              	.LBE28:
  21:src/sem.cpp   ****     CCB::running = Scheduler::get();
  62              		.loc 1 21 5 is_stmt 1
  63              		.loc 1 21 34 is_stmt 0
  64 004c 97000000 		call	_ZN9Scheduler3getEv@plt
  64      E7800000 
  65              	.LVL6:
  66              		.loc 1 21 18
  67 0054 97070000 		la	a5,_ZN3CCB7runningE
  67      83B70700 
  68 005c 23B0A700 		sd	a0,0(a5)
  22:src/sem.cpp   ****     CCB::contextSwitch(&currentThread->context, &CCB::running->context);
  69              		.loc 1 22 5 is_stmt 1
  70              		.loc 1 22 23 is_stmt 0
  71 0060 93058501 		addi	a1,a0,24
  72 0064 13058901 		addi	a0,s2,24
  73 0068 97000000 		call	_ZN3CCB13contextSwitchEPNS_7ContextES1_@plt
  73      E7800000 
  74              	.LVL7:
  23:src/sem.cpp   **** }
  75              		.loc 1 23 1
  76 0070 83308101 		ld	ra,24(sp)
  77              		.cfi_remember_state
  78              		.cfi_restore 1
  79 0074 03340101 		ld	s0,16(sp)
  80              		.cfi_restore 8
  81              		.cfi_def_cfa 2, 32
  82 0078 83348100 		ld	s1,8(sp)
  83              		.cfi_restore 9
  84              	.LVL8:
  85 007c 03390100 		ld	s2,0(sp)
  86              		.cfi_restore 18
  87              	.LVL9:
  88 0080 13010102 		addi	sp,sp,32
  89              		.cfi_def_cfa_offset 0
  90 0084 67800000 		jr	ra
  91              	.LVL10:
  92              	.L2:
  93              		.cfi_restore_state
  94              	.LBB33:
  95              	.LBB32:
  43:src/../h/../h/list.hpp ****         } else
  44:src/../h/../h/list.hpp ****         {
  45:src/../h/../h/list.hpp ****             head = tail = elem;
  96              		.loc 2 45 13
  97 0088 23B4A400 		sd	a0,8(s1)
  98 008c 23B0A400 		sd	a0,0(s1)
GAS LISTING /tmp/ccYnMLqe.s 			page 4


  99 0090 6FF0DFFB 		j	.L3
 100              	.LBE32:
 101              	.LBE33:
 102              		.cfi_endproc
 103              	.LFE21:
 105              		.align	2
 106              		.globl	_ZN3Sem4waitEv
 108              	_ZN3Sem4waitEv:
 109              	.LFB19:
   7:src/sem.cpp   ****     if(--value < 0) block();
 110              		.loc 1 7 17 is_stmt 1
 111              		.cfi_startproc
 112              	.LVL11:
   8:src/sem.cpp   ****     return 0;
 113              		.loc 1 8 5
   8:src/sem.cpp   ****     return 0;
 114              		.loc 1 8 10 is_stmt 0
 115 0094 83270501 		lw	a5,16(a0)
   8:src/sem.cpp   ****     return 0;
 116              		.loc 1 8 8
 117 0098 9B87F7FF 		addiw	a5,a5,-1
   8:src/sem.cpp   ****     return 0;
 118              		.loc 1 8 16
 119 009c 2328F500 		sw	a5,16(a0)
   8:src/sem.cpp   ****     return 0;
 120              		.loc 1 8 5
 121 00a0 13970702 		slli	a4,a5,32
 122 00a4 63460700 		bltz	a4,.L11
   9:src/sem.cpp   **** }
 123              		.loc 1 9 5 is_stmt 1
  10:src/sem.cpp   **** 
 124              		.loc 1 10 1 is_stmt 0
 125 00a8 13050000 		li	a0,0
 126              	.LVL12:
 127 00ac 67800000 		ret
 128              	.LVL13:
 129              	.L11:
   7:src/sem.cpp   ****     if(--value < 0) block();
 130              		.loc 1 7 17 discriminator 1
 131 00b0 130101FF 		addi	sp,sp,-16
 132              		.cfi_def_cfa_offset 16
 133 00b4 23341100 		sd	ra,8(sp)
 134 00b8 23308100 		sd	s0,0(sp)
 135              		.cfi_offset 1, -8
 136              		.cfi_offset 8, -16
 137 00bc 13040101 		addi	s0,sp,16
 138              		.cfi_def_cfa 8, 0
   8:src/sem.cpp   ****     return 0;
 139              		.loc 1 8 21 is_stmt 1 discriminator 1
   8:src/sem.cpp   ****     return 0;
 140              		.loc 1 8 26 is_stmt 0 discriminator 1
 141 00c0 97000000 		call	_ZN3Sem5blockEv
 141      E7800000 
 142              	.LVL14:
   9:src/sem.cpp   **** }
 143              		.loc 1 9 5 is_stmt 1 discriminator 1
  10:src/sem.cpp   **** 
GAS LISTING /tmp/ccYnMLqe.s 			page 5


 144              		.loc 1 10 1 is_stmt 0 discriminator 1
 145 00c8 13050000 		li	a0,0
 146 00cc 83308100 		ld	ra,8(sp)
 147              		.cfi_restore 1
 148 00d0 03340100 		ld	s0,0(sp)
 149              		.cfi_restore 8
 150              		.cfi_def_cfa 2, 16
 151 00d4 13010101 		addi	sp,sp,16
 152              		.cfi_def_cfa_offset 0
 153 00d8 67800000 		jr	ra
 154              		.cfi_endproc
 155              	.LFE19:
 157              		.align	2
 158              		.globl	_ZN3Sem7unblockEv
 160              	_ZN3Sem7unblockEv:
 161              	.LFB22:
  24:src/sem.cpp   **** 
  25:src/sem.cpp   **** void Sem::unblock() {
 162              		.loc 1 25 21 is_stmt 1
 163              		.cfi_startproc
 164              	.LVL15:
 165 00dc 130101FE 		addi	sp,sp,-32
 166              		.cfi_def_cfa_offset 32
 167 00e0 233C1100 		sd	ra,24(sp)
 168 00e4 23388100 		sd	s0,16(sp)
 169 00e8 23349100 		sd	s1,8(sp)
 170              		.cfi_offset 1, -8
 171              		.cfi_offset 8, -16
 172              		.cfi_offset 9, -24
 173 00ec 13040102 		addi	s0,sp,32
 174              		.cfi_def_cfa 8, 0
 175 00f0 93070500 		mv	a5,a0
  26:src/sem.cpp   ****     CCB* fisrtBlocked = blocked.removeFirst();
 176              		.loc 1 26 5
 177              	.LVL16:
 178              	.LBB34:
 179              	.LBB35:
  46:src/../h/../h/list.hpp ****         }
  47:src/../h/../h/list.hpp ****     }
  48:src/../h/../h/list.hpp **** 
  49:src/../h/../h/list.hpp ****     T *removeFirst()
  50:src/../h/../h/list.hpp ****     {
  51:src/../h/../h/list.hpp ****         if (!head) { return 0; }
 180              		.loc 2 51 14 is_stmt 0
 181 00f4 03350500 		ld	a0,0(a0)
 182              	.LVL17:
 183              		.loc 2 51 9
 184 00f8 63020504 		beqz	a0,.L15
 185              	.LVL18:
  52:src/../h/../h/list.hpp **** 
  53:src/../h/../h/list.hpp ****         Elem *elem = head;
  54:src/../h/../h/list.hpp ****         head = head->next;
 186              		.loc 2 54 22
 187 00fc 03378500 		ld	a4,8(a0)
 188              		.loc 2 54 9
 189 0100 23B0E700 		sd	a4,0(a5)
  55:src/../h/../h/list.hpp ****         if (!head) { tail = 0; }
GAS LISTING /tmp/ccYnMLqe.s 			page 6


 190              		.loc 2 55 9
 191 0104 63080702 		beqz	a4,.L17
 192              	.L14:
  56:src/../h/../h/list.hpp **** 
  57:src/../h/../h/list.hpp ****         T *ret = elem->data;
 193              		.loc 2 57 12
 194 0108 83340500 		ld	s1,0(a0)
 195              	.LVL19:
  58:src/../h/../h/list.hpp ****         delete elem;
 196              		.loc 2 58 9
 197 010c 97000000 		call	_ZdlPv@plt
 197      E7800000 
 198              	.LVL20:
 199              	.L13:
 200              	.LBE35:
 201              	.LBE34:
  27:src/sem.cpp   ****     Scheduler::put(fisrtBlocked);
 202              		.loc 1 27 5 is_stmt 1
 203              		.loc 1 27 19 is_stmt 0
 204 0114 13850400 		mv	a0,s1
 205 0118 97000000 		call	_ZN9Scheduler3putEP3CCB@plt
 205      E7800000 
 206              	.LVL21:
  28:src/sem.cpp   **** }
 207              		.loc 1 28 1
 208 0120 83308101 		ld	ra,24(sp)
 209              		.cfi_remember_state
 210              		.cfi_restore 1
 211 0124 03340101 		ld	s0,16(sp)
 212              		.cfi_restore 8
 213              		.cfi_def_cfa 2, 32
 214 0128 83348100 		ld	s1,8(sp)
 215              		.cfi_restore 9
 216              	.LVL22:
 217 012c 13010102 		addi	sp,sp,32
 218              		.cfi_def_cfa_offset 0
 219 0130 67800000 		jr	ra
 220              	.LVL23:
 221              	.L17:
 222              		.cfi_restore_state
 223              	.LBB37:
 224              	.LBB36:
  55:src/../h/../h/list.hpp **** 
 225              		.loc 2 55 22
 226 0134 23B40700 		sd	zero,8(a5)
 227 0138 6FF01FFD 		j	.L14
 228              	.LVL24:
 229              	.L15:
  51:src/../h/../h/list.hpp **** 
 230              		.loc 2 51 29
 231 013c 93040500 		mv	s1,a0
 232 0140 6FF05FFD 		j	.L13
 233              	.LBE36:
 234              	.LBE37:
 235              		.cfi_endproc
 236              	.LFE22:
 238              		.align	2
GAS LISTING /tmp/ccYnMLqe.s 			page 7


 239              		.globl	_ZN3Sem6signalEv
 241              	_ZN3Sem6signalEv:
 242              	.LFB20:
  12:src/sem.cpp   ****     if(++value <= 0) unblock();
 243              		.loc 1 12 19 is_stmt 1
 244              		.cfi_startproc
 245              	.LVL25:
  13:src/sem.cpp   ****     return 0;
 246              		.loc 1 13 5
  13:src/sem.cpp   ****     return 0;
 247              		.loc 1 13 10 is_stmt 0
 248 0144 83270501 		lw	a5,16(a0)
  13:src/sem.cpp   ****     return 0;
 249              		.loc 1 13 8
 250 0148 9B871700 		addiw	a5,a5,1
 251 014c 1B870700 		sext.w	a4,a5
  13:src/sem.cpp   ****     return 0;
 252              		.loc 1 13 16
 253 0150 2328F500 		sw	a5,16(a0)
  13:src/sem.cpp   ****     return 0;
 254              		.loc 1 13 5
 255 0154 6356E000 		blez	a4,.L24
  14:src/sem.cpp   **** 
 256              		.loc 1 14 5 is_stmt 1
  16:src/sem.cpp   **** 
 257              		.loc 1 16 1 is_stmt 0
 258 0158 13050000 		li	a0,0
 259              	.LVL26:
 260 015c 67800000 		ret
 261              	.LVL27:
 262              	.L24:
  12:src/sem.cpp   ****     if(++value <= 0) unblock();
 263              		.loc 1 12 19 discriminator 1
 264 0160 130101FF 		addi	sp,sp,-16
 265              		.cfi_def_cfa_offset 16
 266 0164 23341100 		sd	ra,8(sp)
 267 0168 23308100 		sd	s0,0(sp)
 268              		.cfi_offset 1, -8
 269              		.cfi_offset 8, -16
 270 016c 13040101 		addi	s0,sp,16
 271              		.cfi_def_cfa 8, 0
  13:src/sem.cpp   ****     return 0;
 272              		.loc 1 13 22 is_stmt 1 discriminator 1
  13:src/sem.cpp   ****     return 0;
 273              		.loc 1 13 29 is_stmt 0 discriminator 1
 274 0170 97000000 		call	_ZN3Sem7unblockEv
 274      E7800000 
 275              	.LVL28:
  14:src/sem.cpp   **** 
 276              		.loc 1 14 5 is_stmt 1 discriminator 1
  16:src/sem.cpp   **** 
 277              		.loc 1 16 1 is_stmt 0 discriminator 1
 278 0178 13050000 		li	a0,0
 279 017c 83308100 		ld	ra,8(sp)
 280              		.cfi_restore 1
 281 0180 03340100 		ld	s0,0(sp)
 282              		.cfi_restore 8
GAS LISTING /tmp/ccYnMLqe.s 			page 8


 283              		.cfi_def_cfa 2, 16
 284 0184 13010101 		addi	sp,sp,16
 285              		.cfi_def_cfa_offset 0
 286 0188 67800000 		jr	ra
 287              		.cfi_endproc
 288              	.LFE20:
 290              		.align	2
 291              		.globl	_ZN3Sem9createSemEPPS_m
 293              	_ZN3Sem9createSemEPPS_m:
 294              	.LFB23:
  29:src/sem.cpp   **** void Sem::createSem(sem_t* handle, uint64 val) {
 295              		.loc 1 29 48 is_stmt 1
 296              		.cfi_startproc
 297              	.LVL29:
 298 018c 130101FE 		addi	sp,sp,-32
 299              		.cfi_def_cfa_offset 32
 300 0190 233C1100 		sd	ra,24(sp)
 301 0194 23388100 		sd	s0,16(sp)
 302 0198 23349100 		sd	s1,8(sp)
 303 019c 23302101 		sd	s2,0(sp)
 304              		.cfi_offset 1, -8
 305              		.cfi_offset 8, -16
 306              		.cfi_offset 9, -24
 307              		.cfi_offset 18, -32
 308 01a0 13040102 		addi	s0,sp,32
 309              		.cfi_def_cfa 8, 0
 310 01a4 13090500 		mv	s2,a0
 311 01a8 93840500 		mv	s1,a1
  30:src/sem.cpp   ****     *handle = new Sem(val);
 312              		.loc 1 30 5
 313              		.loc 1 30 26 is_stmt 0
 314 01ac 13058001 		li	a0,24
 315              	.LVL30:
 316 01b0 97000000 		call	_Znwm@plt
 316      E7800000 
 317              	.LVL31:
 318              	.LBB38:
 319              	.LBB39:
 320              	.LBB40:
 321              	.LBB41:
  23:src/../h/../h/list.hpp **** 
 322              		.loc 2 23 29
 323 01b8 23300500 		sd	zero,0(a0)
 324 01bc 23340500 		sd	zero,8(a0)
 325              	.LVL32:
 326              	.LBE41:
 327              	.LBE40:
 328              		.file 3 "src/../h/sem.h"
   1:src/../h/sem.h **** #ifndef _semaphore_
   2:src/../h/sem.h **** #define _semaphore_
   3:src/../h/sem.h **** 
   4:src/../h/sem.h **** #include "../h/ccb.hpp"
   5:src/../h/sem.h **** #include "../h/list.hpp"
   6:src/../h/sem.h **** 
   7:src/../h/sem.h **** class Sem {
   8:src/../h/sem.h **** private:
   9:src/../h/sem.h ****     Sem (unsigned short init=1) : value(init) {}
GAS LISTING /tmp/ccYnMLqe.s 			page 9


 329              		.loc 3 9 41
 330 01c0 93940403 		slli	s1,s1,48
 331              	.LVL33:
 332 01c4 93D40403 		srli	s1,s1,48
 333              		.loc 3 9 45
 334 01c8 23289500 		sw	s1,16(a0)
 335              	.LVL34:
 336              	.LBE39:
 337              	.LBE38:
 338              		.loc 1 30 13
 339 01cc 2330A900 		sd	a0,0(s2)
  31:src/sem.cpp   **** }
 340              		.loc 1 31 1
 341 01d0 83308101 		ld	ra,24(sp)
 342              		.cfi_restore 1
 343 01d4 03340101 		ld	s0,16(sp)
 344              		.cfi_restore 8
 345              		.cfi_def_cfa 2, 32
 346 01d8 83348100 		ld	s1,8(sp)
 347              		.cfi_restore 9
 348 01dc 03390100 		ld	s2,0(sp)
 349              		.cfi_restore 18
 350              	.LVL35:
 351 01e0 13010102 		addi	sp,sp,32
 352              		.cfi_def_cfa_offset 0
 353 01e4 67800000 		jr	ra
 354              		.cfi_endproc
 355              	.LFE23:
 357              		.align	2
 358              		.globl	_ZN3SemD2Ev
 360              	_ZN3SemD2Ev:
 361              	.LFB25:
  32:src/sem.cpp   **** 
  33:src/sem.cpp   **** Sem::~Sem() {
 362              		.loc 1 33 1 is_stmt 1
 363              		.cfi_startproc
 364              		.cfi_personality 0x9b,DW.ref.__gxx_personality_v0
 365              		.cfi_lsda 0x1b,.LLSDA25
 366              	.LVL36:
 367 01e8 130101FE 		addi	sp,sp,-32
 368              		.cfi_def_cfa_offset 32
 369 01ec 233C1100 		sd	ra,24(sp)
 370 01f0 23388100 		sd	s0,16(sp)
 371 01f4 23349100 		sd	s1,8(sp)
 372 01f8 23302101 		sd	s2,0(sp)
 373              		.cfi_offset 1, -8
 374              		.cfi_offset 8, -16
 375              		.cfi_offset 9, -24
 376              		.cfi_offset 18, -32
 377 01fc 13040102 		addi	s0,sp,32
 378              		.cfi_def_cfa 8, 0
 379 0200 13090500 		mv	s2,a0
  34:src/sem.cpp   ****     for (CCB* blockedThread = blocked.removeFirst(); blockedThread != nullptr; blockedThread = bloc
 380              		.loc 1 34 5
 381              	.LVL37:
 382              	.LBB42:
 383              	.LBB43:
GAS LISTING /tmp/ccYnMLqe.s 			page 10


 384              	.LBB44:
  51:src/../h/../h/list.hpp **** 
 385              		.loc 2 51 14 is_stmt 0
 386 0204 03350500 		ld	a0,0(a0)
 387              	.LVL38:
  51:src/../h/../h/list.hpp **** 
 388              		.loc 2 51 9
 389 0208 63040502 		beqz	a0,.L33
 390              	.LVL39:
  54:src/../h/../h/list.hpp ****         if (!head) { tail = 0; }
 391              		.loc 2 54 22
 392 020c 83378500 		ld	a5,8(a0)
  54:src/../h/../h/list.hpp ****         if (!head) { tail = 0; }
 393              		.loc 2 54 9
 394 0210 2330F900 		sd	a5,0(s2)
  55:src/../h/../h/list.hpp **** 
 395              		.loc 2 55 9
 396 0214 638A0700 		beqz	a5,.L35
 397              	.L29:
  57:src/../h/../h/list.hpp ****         delete elem;
 398              		.loc 2 57 12
 399 0218 83340500 		ld	s1,0(a0)
 400              	.LVL40:
 401              		.loc 2 58 9
 402 021c 97000000 		call	_ZdlPv@plt
 402      E7800000 
 403              	.LVL41:
  59:src/../h/../h/list.hpp ****         return ret;
 404              		.loc 2 59 16
 405 0224 6F004002 		j	.L32
 406              	.LVL42:
 407              	.L35:
  55:src/../h/../h/list.hpp **** 
 408              		.loc 2 55 22
 409 0228 23340900 		sd	zero,8(s2)
 410 022c 6FF0DFFE 		j	.L29
 411              	.LVL43:
 412              	.L33:
  51:src/../h/../h/list.hpp **** 
 413              		.loc 2 51 29
 414 0230 93040500 		mv	s1,a0
 415 0234 6F004001 		j	.L32
 416              	.LVL44:
 417              	.L36:
 418              	.LBE44:
 419              	.LBE43:
 420              	.LBB45:
 421              	.LBB46:
  55:src/../h/../h/list.hpp **** 
 422              		.loc 2 55 22
 423 0238 23340900 		sd	zero,8(s2)
 424              	.L31:
  57:src/../h/../h/list.hpp ****         delete elem;
 425              		.loc 2 57 12
 426 023c 83340500 		ld	s1,0(a0)
 427              	.LVL45:
  58:src/../h/../h/list.hpp ****         return ret;
GAS LISTING /tmp/ccYnMLqe.s 			page 11


 428              		.loc 2 58 9
 429 0240 97000000 		call	_ZdlPv@plt
 429      E7800000 
 430              	.LVL46:
 431              	.L32:
 432              	.LBE46:
 433              	.LBE45:
 434              		.loc 1 34 68 is_stmt 1 discriminator 3
 435 0248 63840402 		beqz	s1,.L27
  35:src/sem.cpp   ****         Scheduler::put(blockedThread);
 436              		.loc 1 35 9 discriminator 2
 437              		.loc 1 35 23 is_stmt 0 discriminator 2
 438 024c 13850400 		mv	a0,s1
 439 0250 97000000 		call	_ZN9Scheduler3putEP3CCB@plt
 439      E7800000 
 440              	.LVL47:
  34:src/sem.cpp   ****         Scheduler::put(blockedThread);
 441              		.loc 1 34 5 is_stmt 1 discriminator 2
 442              	.LBB48:
 443              	.LBB47:
  51:src/../h/../h/list.hpp **** 
 444              		.loc 2 51 14 is_stmt 0 discriminator 2
 445 0258 03350900 		ld	a0,0(s2)
  51:src/../h/../h/list.hpp **** 
 446              		.loc 2 51 9 discriminator 2
 447 025c 630A0500 		beqz	a0,.L27
 448              	.LVL48:
  54:src/../h/../h/list.hpp ****         if (!head) { tail = 0; }
 449              		.loc 2 54 22
 450 0260 83378500 		ld	a5,8(a0)
  54:src/../h/../h/list.hpp ****         if (!head) { tail = 0; }
 451              		.loc 2 54 9
 452 0264 2330F900 		sd	a5,0(s2)
  55:src/../h/../h/list.hpp **** 
 453              		.loc 2 55 9
 454 0268 E39A07FC 		bnez	a5,.L31
 455 026c 6FF0DFFC 		j	.L36
 456              	.LVL49:
 457              	.L27:
 458              	.LBE47:
 459              	.LBE48:
 460              	.LBE42:
  36:src/sem.cpp   ****     }
  37:src/sem.cpp   **** }
 461              		.loc 1 37 1
 462 0270 83308101 		ld	ra,24(sp)
 463              		.cfi_restore 1
 464 0274 03340101 		ld	s0,16(sp)
 465              		.cfi_restore 8
 466              		.cfi_def_cfa 2, 32
 467 0278 83348100 		ld	s1,8(sp)
 468              		.cfi_restore 9
 469              	.LVL50:
 470 027c 03390100 		ld	s2,0(sp)
 471              		.cfi_restore 18
 472              	.LVL51:
 473 0280 13010102 		addi	sp,sp,32
GAS LISTING /tmp/ccYnMLqe.s 			page 12


 474              		.cfi_def_cfa_offset 0
 475 0284 67800000 		jr	ra
 476              		.cfi_endproc
 477              	.LFE25:
 478              		.globl	__gxx_personality_v0
 479              		.section	.gcc_except_table,"a",@progbits
 480              	.LLSDA25:
 481 0000 FF       		.byte	0xff
 482 0001 FF       		.byte	0xff
 483 0002 03       		.byte	0x3
 484 0003 00       		.byte	0
 485              		.text
 487              		.globl	_ZN3SemD1Ev
 488              		.set	_ZN3SemD1Ev,_ZN3SemD2Ev
 489              	.Letext0:
 490              		.file 4 "src/../h/../h/../lib/hw.h"
 491              		.file 5 "src/../h/../h/scheduler.hpp"
 492              		.file 6 "src/../h/../h/ccb.hpp"
 493              		.file 7 "src/../h/../h/../h/syscall_c.h"
 3363              		.align	3
 3366              	DW.ref.__gxx_personality_v0:
 3367 0000 00000000 		.dword	__gxx_personality_v0
 3367      00000000 
 3368              		.ident	"GCC: (Ubuntu 9.4.0-1ubuntu1~20.04) 9.4.0"
 3369              		.section	.note.GNU-stack,"",@progbits
GAS LISTING /tmp/ccYnMLqe.s 			page 13


DEFINED SYMBOLS
                            *ABS*:0000000000000000 sem.cpp
     /tmp/ccYnMLqe.s:9      .text:0000000000000000 _ZN3Sem5blockEv
     /tmp/ccYnMLqe.s:13     .text:0000000000000000 .L0 
     /tmp/ccYnMLqe.s:15     .text:0000000000000000 .L0 
     /tmp/ccYnMLqe.s:16     .text:0000000000000004 .L0 
     /tmp/ccYnMLqe.s:21     .text:0000000000000014 .L0 
     /tmp/ccYnMLqe.s:22     .text:0000000000000014 .L0 
     /tmp/ccYnMLqe.s:23     .text:0000000000000014 .L0 
     /tmp/ccYnMLqe.s:24     .text:0000000000000014 .L0 
     /tmp/ccYnMLqe.s:26     .text:0000000000000018 .L0 
     /tmp/ccYnMLqe.s:29     .text:000000000000001c .L0 
     /tmp/ccYnMLqe.s:30     .text:000000000000001c .L0 
     /tmp/ccYnMLqe.s:37     .text:0000000000000028 .L0 
     /tmp/ccYnMLqe.s:38     .text:0000000000000028 .L0 
     /tmp/ccYnMLqe.s:45     .text:0000000000000034 .L0 
     /tmp/ccYnMLqe.s:51     .text:000000000000003c .L0 
     /tmp/ccYnMLqe.s:53     .text:0000000000000040 .L0 
     /tmp/ccYnMLqe.s:55     .text:0000000000000044 .L0 
     /tmp/ccYnMLqe.s:57     .text:0000000000000048 .L0 
     /tmp/ccYnMLqe.s:63     .text:000000000000004c .L0 
     /tmp/ccYnMLqe.s:64     .text:000000000000004c .L0 
     /tmp/ccYnMLqe.s:67     .text:0000000000000054 .L0 
     /tmp/ccYnMLqe.s:70     .text:0000000000000060 .L0 
     /tmp/ccYnMLqe.s:71     .text:0000000000000060 .L0 
     /tmp/ccYnMLqe.s:76     .text:0000000000000070 .L0 
     /tmp/ccYnMLqe.s:77     .text:0000000000000074 .L0 
     /tmp/ccYnMLqe.s:78     .text:0000000000000074 .L0 
     /tmp/ccYnMLqe.s:80     .text:0000000000000078 .L0 
     /tmp/ccYnMLqe.s:81     .text:0000000000000078 .L0 
     /tmp/ccYnMLqe.s:83     .text:000000000000007c .L0 
     /tmp/ccYnMLqe.s:86     .text:0000000000000080 .L0 
     /tmp/ccYnMLqe.s:89     .text:0000000000000084 .L0 
     /tmp/ccYnMLqe.s:93     .text:0000000000000088 .L0 
     /tmp/ccYnMLqe.s:97     .text:0000000000000088 .L0 
     /tmp/ccYnMLqe.s:102    .text:0000000000000094 .L0 
     /tmp/ccYnMLqe.s:108    .text:0000000000000094 _ZN3Sem4waitEv
     /tmp/ccYnMLqe.s:111    .text:0000000000000094 .L0 
     /tmp/ccYnMLqe.s:113    .text:0000000000000094 .L0 
     /tmp/ccYnMLqe.s:114    .text:0000000000000094 .L0 
     /tmp/ccYnMLqe.s:115    .text:0000000000000094 .L0 
     /tmp/ccYnMLqe.s:117    .text:0000000000000098 .L0 
     /tmp/ccYnMLqe.s:119    .text:000000000000009c .L0 
     /tmp/ccYnMLqe.s:121    .text:00000000000000a0 .L0 
     /tmp/ccYnMLqe.s:124    .text:00000000000000a8 .L0 
     /tmp/ccYnMLqe.s:125    .text:00000000000000a8 .L0 
     /tmp/ccYnMLqe.s:131    .text:00000000000000b0 .L0 
     /tmp/ccYnMLqe.s:132    .text:00000000000000b4 .L0 
     /tmp/ccYnMLqe.s:135    .text:00000000000000bc .L0 
     /tmp/ccYnMLqe.s:136    .text:00000000000000bc .L0 
     /tmp/ccYnMLqe.s:138    .text:00000000000000c0 .L0 
     /tmp/ccYnMLqe.s:140    .text:00000000000000c0 .L0 
     /tmp/ccYnMLqe.s:141    .text:00000000000000c0 .L0 
     /tmp/ccYnMLqe.s:144    .text:00000000000000c8 .L0 
     /tmp/ccYnMLqe.s:145    .text:00000000000000c8 .L0 
     /tmp/ccYnMLqe.s:147    .text:00000000000000d0 .L0 
     /tmp/ccYnMLqe.s:149    .text:00000000000000d4 .L0 
GAS LISTING /tmp/ccYnMLqe.s 			page 14


     /tmp/ccYnMLqe.s:150    .text:00000000000000d4 .L0 
     /tmp/ccYnMLqe.s:152    .text:00000000000000d8 .L0 
     /tmp/ccYnMLqe.s:154    .text:00000000000000dc .L0 
     /tmp/ccYnMLqe.s:160    .text:00000000000000dc _ZN3Sem7unblockEv
     /tmp/ccYnMLqe.s:163    .text:00000000000000dc .L0 
     /tmp/ccYnMLqe.s:165    .text:00000000000000dc .L0 
     /tmp/ccYnMLqe.s:166    .text:00000000000000e0 .L0 
     /tmp/ccYnMLqe.s:170    .text:00000000000000ec .L0 
     /tmp/ccYnMLqe.s:171    .text:00000000000000ec .L0 
     /tmp/ccYnMLqe.s:172    .text:00000000000000ec .L0 
     /tmp/ccYnMLqe.s:174    .text:00000000000000f0 .L0 
     /tmp/ccYnMLqe.s:180    .text:00000000000000f4 .L0 
     /tmp/ccYnMLqe.s:181    .text:00000000000000f4 .L0 
     /tmp/ccYnMLqe.s:184    .text:00000000000000f8 .L0 
     /tmp/ccYnMLqe.s:187    .text:00000000000000fc .L0 
     /tmp/ccYnMLqe.s:189    .text:0000000000000100 .L0 
     /tmp/ccYnMLqe.s:191    .text:0000000000000104 .L0 
     /tmp/ccYnMLqe.s:194    .text:0000000000000108 .L0 
     /tmp/ccYnMLqe.s:197    .text:000000000000010c .L0 
     /tmp/ccYnMLqe.s:203    .text:0000000000000114 .L0 
     /tmp/ccYnMLqe.s:204    .text:0000000000000114 .L0 
     /tmp/ccYnMLqe.s:208    .text:0000000000000120 .L0 
     /tmp/ccYnMLqe.s:209    .text:0000000000000124 .L0 
     /tmp/ccYnMLqe.s:210    .text:0000000000000124 .L0 
     /tmp/ccYnMLqe.s:212    .text:0000000000000128 .L0 
     /tmp/ccYnMLqe.s:213    .text:0000000000000128 .L0 
     /tmp/ccYnMLqe.s:215    .text:000000000000012c .L0 
     /tmp/ccYnMLqe.s:218    .text:0000000000000130 .L0 
     /tmp/ccYnMLqe.s:222    .text:0000000000000134 .L0 
     /tmp/ccYnMLqe.s:226    .text:0000000000000134 .L0 
     /tmp/ccYnMLqe.s:231    .text:000000000000013c .L0 
     /tmp/ccYnMLqe.s:235    .text:0000000000000144 .L0 
     /tmp/ccYnMLqe.s:241    .text:0000000000000144 _ZN3Sem6signalEv
     /tmp/ccYnMLqe.s:244    .text:0000000000000144 .L0 
     /tmp/ccYnMLqe.s:246    .text:0000000000000144 .L0 
     /tmp/ccYnMLqe.s:247    .text:0000000000000144 .L0 
     /tmp/ccYnMLqe.s:248    .text:0000000000000144 .L0 
     /tmp/ccYnMLqe.s:250    .text:0000000000000148 .L0 
     /tmp/ccYnMLqe.s:253    .text:0000000000000150 .L0 
     /tmp/ccYnMLqe.s:255    .text:0000000000000154 .L0 
     /tmp/ccYnMLqe.s:257    .text:0000000000000158 .L0 
     /tmp/ccYnMLqe.s:258    .text:0000000000000158 .L0 
     /tmp/ccYnMLqe.s:264    .text:0000000000000160 .L0 
     /tmp/ccYnMLqe.s:265    .text:0000000000000164 .L0 
     /tmp/ccYnMLqe.s:268    .text:000000000000016c .L0 
     /tmp/ccYnMLqe.s:269    .text:000000000000016c .L0 
     /tmp/ccYnMLqe.s:271    .text:0000000000000170 .L0 
     /tmp/ccYnMLqe.s:273    .text:0000000000000170 .L0 
     /tmp/ccYnMLqe.s:274    .text:0000000000000170 .L0 
     /tmp/ccYnMLqe.s:277    .text:0000000000000178 .L0 
     /tmp/ccYnMLqe.s:278    .text:0000000000000178 .L0 
     /tmp/ccYnMLqe.s:280    .text:0000000000000180 .L0 
     /tmp/ccYnMLqe.s:282    .text:0000000000000184 .L0 
     /tmp/ccYnMLqe.s:283    .text:0000000000000184 .L0 
     /tmp/ccYnMLqe.s:285    .text:0000000000000188 .L0 
     /tmp/ccYnMLqe.s:287    .text:000000000000018c .L0 
     /tmp/ccYnMLqe.s:293    .text:000000000000018c _ZN3Sem9createSemEPPS_m
GAS LISTING /tmp/ccYnMLqe.s 			page 15


     /tmp/ccYnMLqe.s:296    .text:000000000000018c .L0 
     /tmp/ccYnMLqe.s:298    .text:000000000000018c .L0 
     /tmp/ccYnMLqe.s:299    .text:0000000000000190 .L0 
     /tmp/ccYnMLqe.s:304    .text:00000000000001a0 .L0 
     /tmp/ccYnMLqe.s:305    .text:00000000000001a0 .L0 
     /tmp/ccYnMLqe.s:306    .text:00000000000001a0 .L0 
     /tmp/ccYnMLqe.s:307    .text:00000000000001a0 .L0 
     /tmp/ccYnMLqe.s:309    .text:00000000000001a4 .L0 
     /tmp/ccYnMLqe.s:313    .text:00000000000001ac .L0 
     /tmp/ccYnMLqe.s:314    .text:00000000000001ac .L0 
     /tmp/ccYnMLqe.s:323    .text:00000000000001b8 .L0 
     /tmp/ccYnMLqe.s:330    .text:00000000000001c0 .L0 
     /tmp/ccYnMLqe.s:334    .text:00000000000001c8 .L0 
     /tmp/ccYnMLqe.s:339    .text:00000000000001cc .L0 
     /tmp/ccYnMLqe.s:341    .text:00000000000001d0 .L0 
     /tmp/ccYnMLqe.s:342    .text:00000000000001d4 .L0 
     /tmp/ccYnMLqe.s:344    .text:00000000000001d8 .L0 
     /tmp/ccYnMLqe.s:345    .text:00000000000001d8 .L0 
     /tmp/ccYnMLqe.s:347    .text:00000000000001dc .L0 
     /tmp/ccYnMLqe.s:349    .text:00000000000001e0 .L0 
     /tmp/ccYnMLqe.s:352    .text:00000000000001e4 .L0 
     /tmp/ccYnMLqe.s:354    .text:00000000000001e8 .L0 
     /tmp/ccYnMLqe.s:360    .text:00000000000001e8 _ZN3SemD2Ev
     /tmp/ccYnMLqe.s:363    .text:00000000000001e8 .L0 
     /tmp/ccYnMLqe.s:3366   .data.rel.local.DW.ref.__gxx_personality_v0:0000000000000000 DW.ref.__gxx_personality_v0
     /tmp/ccYnMLqe.s:367    .text:00000000000001e8 .L0 
     /tmp/ccYnMLqe.s:368    .text:00000000000001ec .L0 
     /tmp/ccYnMLqe.s:373    .text:00000000000001fc .L0 
     /tmp/ccYnMLqe.s:374    .text:00000000000001fc .L0 
     /tmp/ccYnMLqe.s:375    .text:00000000000001fc .L0 
     /tmp/ccYnMLqe.s:376    .text:00000000000001fc .L0 
     /tmp/ccYnMLqe.s:378    .text:0000000000000200 .L0 
     /tmp/ccYnMLqe.s:385    .text:0000000000000204 .L0 
     /tmp/ccYnMLqe.s:386    .text:0000000000000204 .L0 
     /tmp/ccYnMLqe.s:389    .text:0000000000000208 .L0 
     /tmp/ccYnMLqe.s:392    .text:000000000000020c .L0 
     /tmp/ccYnMLqe.s:394    .text:0000000000000210 .L0 
     /tmp/ccYnMLqe.s:396    .text:0000000000000214 .L0 
     /tmp/ccYnMLqe.s:399    .text:0000000000000218 .L0 
     /tmp/ccYnMLqe.s:402    .text:000000000000021c .L0 
     /tmp/ccYnMLqe.s:405    .text:0000000000000224 .L0 
     /tmp/ccYnMLqe.s:409    .text:0000000000000228 .L0 
     /tmp/ccYnMLqe.s:414    .text:0000000000000230 .L0 
     /tmp/ccYnMLqe.s:423    .text:0000000000000238 .L0 
     /tmp/ccYnMLqe.s:426    .text:000000000000023c .L0 
     /tmp/ccYnMLqe.s:429    .text:0000000000000240 .L0 
     /tmp/ccYnMLqe.s:435    .text:0000000000000248 .L0 
     /tmp/ccYnMLqe.s:437    .text:000000000000024c .L0 
     /tmp/ccYnMLqe.s:438    .text:000000000000024c .L0 
     /tmp/ccYnMLqe.s:444    .text:0000000000000258 .L0 
     /tmp/ccYnMLqe.s:445    .text:0000000000000258 .L0 
     /tmp/ccYnMLqe.s:447    .text:000000000000025c .L0 
     /tmp/ccYnMLqe.s:450    .text:0000000000000260 .L0 
     /tmp/ccYnMLqe.s:452    .text:0000000000000264 .L0 
     /tmp/ccYnMLqe.s:454    .text:0000000000000268 .L0 
     /tmp/ccYnMLqe.s:462    .text:0000000000000270 .L0 
     /tmp/ccYnMLqe.s:463    .text:0000000000000274 .L0 
GAS LISTING /tmp/ccYnMLqe.s 			page 16


     /tmp/ccYnMLqe.s:465    .text:0000000000000278 .L0 
     /tmp/ccYnMLqe.s:466    .text:0000000000000278 .L0 
     /tmp/ccYnMLqe.s:468    .text:000000000000027c .L0 
     /tmp/ccYnMLqe.s:471    .text:0000000000000280 .L0 
     /tmp/ccYnMLqe.s:474    .text:0000000000000284 .L0 
     /tmp/ccYnMLqe.s:476    .text:0000000000000288 .L0 
     /tmp/ccYnMLqe.s:360    .text:00000000000001e8 _ZN3SemD1Ev
     /tmp/ccYnMLqe.s:494    .text:0000000000000288 .L0 
     /tmp/ccYnMLqe.s:30     .text:000000000000001c .L0 
     /tmp/ccYnMLqe.s:67     .text:0000000000000054 .L0 
     /tmp/ccYnMLqe.s:92     .text:0000000000000088 .L2
     /tmp/ccYnMLqe.s:58     .text:000000000000004c .L3
     /tmp/ccYnMLqe.s:129    .text:00000000000000b0 .L11
     /tmp/ccYnMLqe.s:229    .text:000000000000013c .L15
     /tmp/ccYnMLqe.s:221    .text:0000000000000134 .L17
     /tmp/ccYnMLqe.s:192    .text:0000000000000108 .L14
     /tmp/ccYnMLqe.s:199    .text:0000000000000114 .L13
     /tmp/ccYnMLqe.s:262    .text:0000000000000160 .L24
     /tmp/ccYnMLqe.s:412    .text:0000000000000230 .L33
     /tmp/ccYnMLqe.s:407    .text:0000000000000228 .L35
     /tmp/ccYnMLqe.s:431    .text:0000000000000248 .L32
     /tmp/ccYnMLqe.s:397    .text:0000000000000218 .L29
     /tmp/ccYnMLqe.s:457    .text:0000000000000270 .L27
     /tmp/ccYnMLqe.s:424    .text:000000000000023c .L31
     /tmp/ccYnMLqe.s:417    .text:0000000000000238 .L36
     /tmp/ccYnMLqe.s:1674   .debug_abbrev:0000000000000000 .Ldebug_abbrev0
     /tmp/ccYnMLqe.s:3324   .debug_str:00000000000004ba .LASF91
     /tmp/ccYnMLqe.s:3202   .debug_str:000000000000014c .LASF92
     /tmp/ccYnMLqe.s:3332   .debug_str:000000000000059e .LASF93
     /tmp/ccYnMLqe.s:5      .text:0000000000000000 .Ltext0
     /tmp/ccYnMLqe.s:489    .text:0000000000000288 .Letext0
     /tmp/ccYnMLqe.s:3146   .debug_line:0000000000000000 .Ldebug_line0
     /tmp/ccYnMLqe.s:3264   .debug_str:0000000000000319 .LASF0
     /tmp/ccYnMLqe.s:3272   .debug_str:0000000000000352 .LASF1
     /tmp/ccYnMLqe.s:3250   .debug_str:00000000000002b0 .LASF2
     /tmp/ccYnMLqe.s:3226   .debug_str:00000000000001ec .LASF4
     /tmp/ccYnMLqe.s:3308   .debug_str:000000000000043c .LASF3
     /tmp/ccYnMLqe.s:3162   .debug_str:0000000000000077 .LASF5
     /tmp/ccYnMLqe.s:3276   .debug_str:000000000000036a .LASF6
     /tmp/ccYnMLqe.s:3262   .debug_str:0000000000000306 .LASF7
     /tmp/ccYnMLqe.s:3336   .debug_str:00000000000005d3 .LASF8
     /tmp/ccYnMLqe.s:3216   .debug_str:00000000000001aa .LASF9
     /tmp/ccYnMLqe.s:3286   .debug_str:00000000000003c8 .LASF10
     /tmp/ccYnMLqe.s:3328   .debug_str:000000000000058a .LASF11
     /tmp/ccYnMLqe.s:3166   .debug_str:0000000000000086 .LASF12
     /tmp/ccYnMLqe.s:3154   .debug_str:0000000000000024 .LASF13
     /tmp/ccYnMLqe.s:3172   .debug_str:00000000000000b9 .LASF14
     /tmp/ccYnMLqe.s:3300   .debug_str:0000000000000412 .LASF15
     /tmp/ccYnMLqe.s:3182   .debug_str:00000000000000f0 .LASF16
     /tmp/ccYnMLqe.s:3284   .debug_str:00000000000003be .LASF17
     /tmp/ccYnMLqe.s:3210   .debug_str:000000000000017a .LASF64
     /tmp/ccYnMLqe.s:3220   .debug_str:00000000000001c9 .LASF94
     /tmp/ccYnMLqe.s:3270   .debug_str:000000000000033a .LASF95
     /tmp/ccYnMLqe.s:3156   .debug_str:0000000000000034 .LASF18
     /tmp/ccYnMLqe.s:3330   .debug_str:0000000000000599 .LASF21
     /tmp/ccYnMLqe.s:3296   .debug_str:00000000000003f6 .LASF19
     /tmp/ccYnMLqe.s:3354   .debug_str:000000000000067e .LASF20
GAS LISTING /tmp/ccYnMLqe.s 			page 17


     /tmp/ccYnMLqe.s:3310   .debug_str:000000000000044e .LASF96
     /tmp/ccYnMLqe.s:3188   .debug_str:0000000000000111 .LASF22
     /tmp/ccYnMLqe.s:3246   .debug_str:00000000000002a4 .LASF23
     /tmp/ccYnMLqe.s:3224   .debug_str:00000000000001e7 .LASF24
     /tmp/ccYnMLqe.s:3350   .debug_str:000000000000065f .LASF26
     /tmp/ccYnMLqe.s:3282   .debug_str:00000000000003a7 .LASF31
     /tmp/ccYnMLqe.s:3258   .debug_str:00000000000002e9 .LASF97
     /tmp/ccYnMLqe.s:3316   .debug_str:0000000000000487 .LASF98
     /tmp/ccYnMLqe.s:3322   .debug_str:00000000000004b1 .LASF25
     /tmp/ccYnMLqe.s:3340   .debug_str:00000000000005fe .LASF27
     /tmp/ccYnMLqe.s:3214   .debug_str:00000000000001a2 .LASF28
     /tmp/ccYnMLqe.s:3240   .debug_str:000000000000025d .LASF29
     /tmp/ccYnMLqe.s:3326   .debug_str:000000000000057e .LASF30
     /tmp/ccYnMLqe.s:3278   .debug_str:000000000000037d .LASF32
     /tmp/ccYnMLqe.s:3170   .debug_str:00000000000000af .LASF33
     /tmp/ccYnMLqe.s:3338   .debug_str:00000000000005e3 .LASF34
     /tmp/ccYnMLqe.s:3268   .debug_str:000000000000032f .LASF35
     /tmp/ccYnMLqe.s:3238   .debug_str:0000000000000240 .LASF36
     /tmp/ccYnMLqe.s:3236   .debug_str:0000000000000237 .LASF37
     /tmp/ccYnMLqe.s:3348   .debug_str:0000000000000645 .LASF38
     /tmp/ccYnMLqe.s:3190   .debug_str:0000000000000116 .LASF39
     /tmp/ccYnMLqe.s:3186   .debug_str:000000000000010c .LASF40
     /tmp/ccYnMLqe.s:3352   .debug_str:0000000000000672 .LASF41
     /tmp/ccYnMLqe.s:3256   .debug_str:00000000000002de .LASF42
     /tmp/ccYnMLqe.s:3212   .debug_str:000000000000018b .LASF43
     /tmp/ccYnMLqe.s:3252   .debug_str:00000000000002be .LASF44
     /tmp/ccYnMLqe.s:3298   .debug_str:00000000000003fb .LASF45
     /tmp/ccYnMLqe.s:3342   .debug_str:000000000000061b .LASF58
     /tmp/ccYnMLqe.s:3160   .debug_str:0000000000000050 .LASF67
     /tmp/ccYnMLqe.s:3294   .debug_str:00000000000003f1 .LASF99
     /tmp/ccYnMLqe.s:3302   .debug_str:0000000000000428 .LASF46
     /tmp/ccYnMLqe.s:3288   .debug_str:00000000000003d7 .LASF48
     /tmp/ccYnMLqe.s:3266   .debug_str:0000000000000326 .LASF47
     /tmp/ccYnMLqe.s:3152   .debug_str:0000000000000011 .LASF49
     /tmp/ccYnMLqe.s:3200   .debug_str:0000000000000144 .LASF100
     /tmp/ccYnMLqe.s:3232   .debug_str:0000000000000201 .LASF50
     /tmp/ccYnMLqe.s:3168   .debug_str:0000000000000096 .LASF51
     /tmp/ccYnMLqe.s:3254   .debug_str:00000000000002ca .LASF101
     /tmp/ccYnMLqe.s:3230   .debug_str:00000000000001fc .LASF52
     /tmp/ccYnMLqe.s:3174   .debug_str:00000000000000c5 .LASF53
     /tmp/ccYnMLqe.s:3304   .debug_str:000000000000042e .LASF54
     /tmp/ccYnMLqe.s:3228   .debug_str:00000000000001f3 .LASF55
     /tmp/ccYnMLqe.s:3178   .debug_str:00000000000000db .LASF102
     /tmp/ccYnMLqe.s:3234   .debug_str:000000000000020f .LASF103
     /tmp/ccYnMLqe.s:3148   .debug_str:0000000000000000 .LASF56
     /tmp/ccYnMLqe.s:3198   .debug_str:000000000000013e .LASF57
     /tmp/ccYnMLqe.s:3192   .debug_str:000000000000011e .LASF104
     /tmp/ccYnMLqe.s:3150   .debug_str:0000000000000009 .LASF59
     /tmp/ccYnMLqe.s:3196   .debug_str:0000000000000138 .LASF60
     /tmp/ccYnMLqe.s:3176   .debug_str:00000000000000cb .LASF61
     /tmp/ccYnMLqe.s:3164   .debug_str:000000000000007e .LASF62
     /tmp/ccYnMLqe.s:3158   .debug_str:000000000000003e .LASF63
     /tmp/ccYnMLqe.s:3184   .debug_str:0000000000000106 .LASF65
     /tmp/ccYnMLqe.s:3312   .debug_str:000000000000046d .LASF66
     /tmp/ccYnMLqe.s:3208   .debug_str:0000000000000162 .LASF68
     /tmp/ccYnMLqe.s:3204   .debug_str:0000000000000158 .LASF69
     /tmp/ccYnMLqe.s:3356   .debug_str:0000000000000683 .LASF70
GAS LISTING /tmp/ccYnMLqe.s 			page 18


     /tmp/ccYnMLqe.s:3180   .debug_str:00000000000000e9 .LASF71
     /tmp/ccYnMLqe.s:3218   .debug_str:00000000000001b8 .LASF72
     /tmp/ccYnMLqe.s:3274   .debug_str:0000000000000365 .LASF73
     /tmp/ccYnMLqe.s:3280   .debug_str:000000000000039b .LASF74
     /tmp/ccYnMLqe.s:3206   .debug_str:000000000000015d .LASF75
     /tmp/ccYnMLqe.s:3290   .debug_str:00000000000003e7 .LASF76
     /tmp/ccYnMLqe.s:3242   .debug_str:0000000000000279 .LASF78
     /tmp/ccYnMLqe.s:3292   .debug_str:00000000000003ec .LASF77
     /tmp/ccYnMLqe.s:3260   .debug_str:00000000000002f3 .LASF79
     /tmp/ccYnMLqe.s:3222   .debug_str:00000000000001dd .LASF80
     /tmp/ccYnMLqe.s:3334   .debug_str:00000000000005c5 .LASF81
     /tmp/ccYnMLqe.s:3320   .debug_str:00000000000004a5 .LASF105
     /tmp/ccYnMLqe.s:361    .text:00000000000001e8 .LFB25
     /tmp/ccYnMLqe.s:477    .text:0000000000000288 .LFE25
     /tmp/ccYnMLqe.s:2751   .debug_loc:0000000000000000 .LLST20
     /tmp/ccYnMLqe.s:440    .text:0000000000000258 .LVL47
     /tmp/ccYnMLqe.s:382    .text:0000000000000204 .LBB42
     /tmp/ccYnMLqe.s:460    .text:0000000000000270 .LBE42
     /tmp/ccYnMLqe.s:2769   .debug_loc:000000000000004c .LLST21
     /tmp/ccYnMLqe.s:383    .text:0000000000000204 .LBB43
     /tmp/ccYnMLqe.s:419    .text:0000000000000238 .LBE43
     /tmp/ccYnMLqe.s:2780   .debug_loc:0000000000000082 .LLST22
     /tmp/ccYnMLqe.s:2791   .debug_loc:00000000000000b8 .LLST23
     /tmp/ccYnMLqe.s:2802   .debug_loc:00000000000000ee .LLST24
     /tmp/ccYnMLqe.s:403    .text:0000000000000224 .LVL41
     /tmp/ccYnMLqe.s:420    .text:0000000000000238 .LBB45
     /tmp/ccYnMLqe.s:3126   .debug_ranges:0000000000000000 .Ldebug_ranges0
     /tmp/ccYnMLqe.s:2809   .debug_loc:0000000000000111 .LLST25
     /tmp/ccYnMLqe.s:2820   .debug_loc:0000000000000147 .LLST26
     /tmp/ccYnMLqe.s:2831   .debug_loc:000000000000017d .LLST27
     /tmp/ccYnMLqe.s:430    .text:0000000000000248 .LVL46
     /tmp/ccYnMLqe.s:294    .text:000000000000018c .LFB23
     /tmp/ccYnMLqe.s:355    .text:00000000000001e8 .LFE23
     /tmp/ccYnMLqe.s:3318   .debug_str:000000000000049e .LASF82
     /tmp/ccYnMLqe.s:2838   .debug_loc:00000000000001a0 .LLST15
     /tmp/ccYnMLqe.s:2856   .debug_loc:00000000000001ec .LLST16
     /tmp/ccYnMLqe.s:318    .text:00000000000001b8 .LBB38
     /tmp/ccYnMLqe.s:337    .text:00000000000001cc .LBE38
     /tmp/ccYnMLqe.s:2874   .debug_loc:0000000000000238 .LLST17
     /tmp/ccYnMLqe.s:2888   .debug_loc:0000000000000271 .LLST18
     /tmp/ccYnMLqe.s:320    .text:00000000000001b8 .LBB40
     /tmp/ccYnMLqe.s:327    .text:00000000000001c0 .LBE40
     /tmp/ccYnMLqe.s:2895   .debug_loc:0000000000000294 .LLST19
     /tmp/ccYnMLqe.s:317    .text:00000000000001b8 .LVL31
     /tmp/ccYnMLqe.s:161    .text:00000000000000dc .LFB22
     /tmp/ccYnMLqe.s:236    .text:0000000000000144 .LFE22
     /tmp/ccYnMLqe.s:2902   .debug_loc:00000000000002b7 .LLST9
     /tmp/ccYnMLqe.s:3344   .debug_str:000000000000062b .LASF83
     /tmp/ccYnMLqe.s:2924   .debug_loc:0000000000000316 .LLST10
     /tmp/ccYnMLqe.s:178    .text:00000000000000f4 .LBB34
     /tmp/ccYnMLqe.s:2931   .debug_loc:0000000000000339 .LLST11
     /tmp/ccYnMLqe.s:2953   .debug_loc:0000000000000398 .LLST12
     /tmp/ccYnMLqe.s:2964   .debug_loc:00000000000003ce .LLST13
     /tmp/ccYnMLqe.s:198    .text:0000000000000114 .LVL20
     /tmp/ccYnMLqe.s:206    .text:0000000000000120 .LVL21
     /tmp/ccYnMLqe.s:10     .text:0000000000000000 .LFB21
     /tmp/ccYnMLqe.s:103    .text:0000000000000094 .LFE21
GAS LISTING /tmp/ccYnMLqe.s 			page 19


     /tmp/ccYnMLqe.s:2971   .debug_loc:00000000000003f1 .LLST0
     /tmp/ccYnMLqe.s:3194   .debug_str:000000000000012a .LASF84
     /tmp/ccYnMLqe.s:2993   .debug_loc:0000000000000450 .LLST1
     /tmp/ccYnMLqe.s:34     .text:0000000000000028 .LBB28
     /tmp/ccYnMLqe.s:3004   .debug_loc:0000000000000486 .LLST2
     /tmp/ccYnMLqe.s:3015   .debug_loc:00000000000004bc .LLST3
     /tmp/ccYnMLqe.s:3030   .debug_loc:0000000000000505 .LLST4
     /tmp/ccYnMLqe.s:42     .text:0000000000000034 .LBB30
     /tmp/ccYnMLqe.s:49     .text:000000000000003c .LBE30
     /tmp/ccYnMLqe.s:3041   .debug_loc:000000000000053b .LLST5
     /tmp/ccYnMLqe.s:3049   .debug_loc:000000000000055f .LLST6
     /tmp/ccYnMLqe.s:3056   .debug_loc:0000000000000582 .LLST7
     /tmp/ccYnMLqe.s:41     .text:0000000000000034 .LVL3
     /tmp/ccYnMLqe.s:65     .text:0000000000000054 .LVL6
     /tmp/ccYnMLqe.s:74     .text:0000000000000070 .LVL7
     /tmp/ccYnMLqe.s:242    .text:0000000000000144 .LFB20
     /tmp/ccYnMLqe.s:288    .text:000000000000018c .LFE20
     /tmp/ccYnMLqe.s:3063   .debug_loc:00000000000005a5 .LLST14
     /tmp/ccYnMLqe.s:275    .text:0000000000000178 .LVL28
     /tmp/ccYnMLqe.s:109    .text:0000000000000094 .LFB19
     /tmp/ccYnMLqe.s:155    .text:00000000000000dc .LFE19
     /tmp/ccYnMLqe.s:3088   .debug_loc:0000000000000607 .LLST8
     /tmp/ccYnMLqe.s:142    .text:00000000000000c8 .LVL14
     /tmp/ccYnMLqe.s:3358   .debug_str:0000000000000692 .LASF85
     /tmp/ccYnMLqe.s:3244   .debug_str:0000000000000298 .LASF86
     /tmp/ccYnMLqe.s:3248   .debug_str:00000000000002a9 .LASF87
     /tmp/ccYnMLqe.s:3314   .debug_str:0000000000000477 .LASF89
     /tmp/ccYnMLqe.s:3306   .debug_str:0000000000000436 .LASF88
     /tmp/ccYnMLqe.s:3346   .debug_str:0000000000000638 .LASF90
     /tmp/ccYnMLqe.s:366    .text:00000000000001e8 .LVL36
     /tmp/ccYnMLqe.s:387    .text:0000000000000208 .LVL38
     /tmp/ccYnMLqe.s:472    .text:0000000000000280 .LVL51
     /tmp/ccYnMLqe.s:416    .text:0000000000000238 .LVL44
     /tmp/ccYnMLqe.s:427    .text:0000000000000240 .LVL45
     /tmp/ccYnMLqe.s:469    .text:000000000000027c .LVL50
     /tmp/ccYnMLqe.s:381    .text:0000000000000204 .LVL37
     /tmp/ccYnMLqe.s:390    .text:000000000000020c .LVL39
     /tmp/ccYnMLqe.s:406    .text:0000000000000228 .LVL42
     /tmp/ccYnMLqe.s:411    .text:0000000000000230 .LVL43
     /tmp/ccYnMLqe.s:400    .text:000000000000021c .LVL40
     /tmp/ccYnMLqe.s:456    .text:0000000000000270 .LVL49
     /tmp/ccYnMLqe.s:448    .text:0000000000000260 .LVL48
     /tmp/ccYnMLqe.s:297    .text:000000000000018c .LVL29
     /tmp/ccYnMLqe.s:315    .text:00000000000001b0 .LVL30
     /tmp/ccYnMLqe.s:350    .text:00000000000001e0 .LVL35
     /tmp/ccYnMLqe.s:331    .text:00000000000001c4 .LVL33
     /tmp/ccYnMLqe.s:335    .text:00000000000001cc .LVL34
     /tmp/ccYnMLqe.s:325    .text:00000000000001c0 .LVL32
     /tmp/ccYnMLqe.s:164    .text:00000000000000dc .LVL15
     /tmp/ccYnMLqe.s:182    .text:00000000000000f8 .LVL17
     /tmp/ccYnMLqe.s:220    .text:0000000000000134 .LVL23
     /tmp/ccYnMLqe.s:216    .text:000000000000012c .LVL22
     /tmp/ccYnMLqe.s:177    .text:00000000000000f4 .LVL16
     /tmp/ccYnMLqe.s:185    .text:00000000000000fc .LVL18
     /tmp/ccYnMLqe.s:228    .text:000000000000013c .LVL24
     /tmp/ccYnMLqe.s:195    .text:000000000000010c .LVL19
     /tmp/ccYnMLqe.s:14     .text:0000000000000000 .LVL0
GAS LISTING /tmp/ccYnMLqe.s 			page 20


     /tmp/ccYnMLqe.s:39     .text:000000000000002c .LVL2
     /tmp/ccYnMLqe.s:84     .text:000000000000007c .LVL8
     /tmp/ccYnMLqe.s:91     .text:0000000000000088 .LVL10
     /tmp/ccYnMLqe.s:32     .text:0000000000000028 .LVL1
     /tmp/ccYnMLqe.s:87     .text:0000000000000080 .LVL9
     /tmp/ccYnMLqe.s:59     .text:000000000000004c .LVL5
     /tmp/ccYnMLqe.s:47     .text:000000000000003c .LVL4
     /tmp/ccYnMLqe.s:245    .text:0000000000000144 .LVL25
     /tmp/ccYnMLqe.s:259    .text:000000000000015c .LVL26
     /tmp/ccYnMLqe.s:261    .text:0000000000000160 .LVL27
     /tmp/ccYnMLqe.s:112    .text:0000000000000094 .LVL11
     /tmp/ccYnMLqe.s:126    .text:00000000000000ac .LVL12
     /tmp/ccYnMLqe.s:128    .text:00000000000000b0 .LVL13
     /tmp/ccYnMLqe.s:495    .debug_info:0000000000000000 .Ldebug_info0
     /tmp/ccYnMLqe.s:61     .text:000000000000004c .LBE28
     /tmp/ccYnMLqe.s:94     .text:0000000000000088 .LBB33
     /tmp/ccYnMLqe.s:101    .text:0000000000000094 .LBE33
     /tmp/ccYnMLqe.s:201    .text:0000000000000114 .LBE34
     /tmp/ccYnMLqe.s:223    .text:0000000000000134 .LBB37
     /tmp/ccYnMLqe.s:234    .text:0000000000000144 .LBE37
     /tmp/ccYnMLqe.s:433    .text:0000000000000248 .LBE45
     /tmp/ccYnMLqe.s:442    .text:0000000000000258 .LBB48
     /tmp/ccYnMLqe.s:459    .text:0000000000000270 .LBE48
     /tmp/ccYnMLqe.s:480    .gcc_except_table:0000000000000000 .LLSDA25

UNDEFINED SYMBOLS
_ZN3CCB7runningE
_Znwm
_ZN9Scheduler3getEv
_ZN3CCB13contextSwitchEPNS_7ContextES1_
_ZdlPv
_ZN9Scheduler3putEP3CCB
__gxx_personality_v0
