GAS LISTING /tmp/ccwDCoBM.s 			page 1


   1              		.file	"syscall_c.cpp"
   2              		.option pic
   3              		.option norelax
   4              		.text
   5              	.Ltext0:
   6              		.align	2
   7              		.globl	_Z9mem_allocm
   9              	_Z9mem_allocm:
  10              	.LFB0:
  11              		.file 1 "src/syscall_c.cpp"
   1:src/syscall_c.cpp **** //
   2:src/syscall_c.cpp **** // Created by os on 7/23/24.
   3:src/syscall_c.cpp **** //
   4:src/syscall_c.cpp **** 
   5:src/syscall_c.cpp **** #include "../h/syscall_c.h"
   6:src/syscall_c.cpp **** 
   7:src/syscall_c.cpp **** void* mem_alloc (size_t size){
  12              		.loc 1 7 30
  13              		.cfi_startproc
  14              	.LVL0:
  15 0000 130101FE 		addi	sp,sp,-32
  16              		.cfi_def_cfa_offset 32
  17 0004 233C8100 		sd	s0,24(sp)
  18              		.cfi_offset 8, -8
  19 0008 13040102 		addi	s0,sp,32
  20              		.cfi_def_cfa 8, 0
   8:src/syscall_c.cpp ****     uint64 volatile code = 0x01;
  21              		.loc 1 8 5
  22              		.loc 1 8 21 is_stmt 0
  23 000c 93071000 		li	a5,1
  24 0010 2334F4FE 		sd	a5,-24(s0)
   9:src/syscall_c.cpp ****     size_t size_pom = (size+ MEM_BLOCK_SIZE-1)/MEM_BLOCK_SIZE;
  25              		.loc 1 9 5 is_stmt 1
  26              		.loc 1 9 44 is_stmt 0
  27 0014 1305F503 		addi	a0,a0,63
  28              	.LVL1:
  29              		.loc 1 9 12
  30 0018 13556500 		srli	a0,a0,6
  31              	.LVL2:
  10:src/syscall_c.cpp ****     __asm__ volatile("mv a1, %0" :  : "r" (size_pom));
  32              		.loc 1 10 5 is_stmt 1
  33              		.loc 1 10 54 is_stmt 0
  34              	#APP
  35              	# 10 "src/syscall_c.cpp" 1
  11              	    __asm__ volatile("mv a0, %0" :  : "r" (code));
  36              		mv a1, a0
  37              	# 0 "" 2
  38              		.loc 1 11 5 is_stmt 1
  39              		.loc 1 11 44 is_stmt 0
  40              	#NO_APP
  41 0020 833784FE 		ld	a5,-24(s0)
  42              		.loc 1 11 50
  43              	#APP
  44              	# 11 "src/syscall_c.cpp" 1
  12              	    __asm__ volatile("ecall");
  45              		mv a0, a5
  46              	# 0 "" 2
GAS LISTING /tmp/ccwDCoBM.s 			page 2


  47              		.loc 1 12 5 is_stmt 1
  48              		.loc 1 12 30 is_stmt 0
  49              	# 12 "src/syscall_c.cpp" 1
  13              	
  14:src/syscall_c.cpp ****     uint64 ret;
  50              		ecall
  51              	# 0 "" 2
  52              		.loc 1 14 5 is_stmt 1
  15:src/syscall_c.cpp **** 
  16:src/syscall_c.cpp ****     __asm__ volatile("mv %0, a0" : "=r" (ret));
  53              		.loc 1 16 5
  54              		.loc 1 16 47 is_stmt 0
  55              	# 16 "src/syscall_c.cpp" 1
  17              	
  56              		mv a0, a0
  57              	# 0 "" 2
  58              	.LVL3:
  18:src/syscall_c.cpp ****     return (void*)ret;
  59              		.loc 1 18 5 is_stmt 1
  19:src/syscall_c.cpp **** }
  60              		.loc 1 19 1 is_stmt 0
  61              	#NO_APP
  62 0030 03348101 		ld	s0,24(sp)
  63              		.cfi_restore 8
  64              		.cfi_def_cfa 2, 32
  65 0034 13010102 		addi	sp,sp,32
  66              		.cfi_def_cfa_offset 0
  67 0038 67800000 		jr	ra
  68              		.cfi_endproc
  69              	.LFE0:
  71              		.align	2
  72              		.globl	_Z8mem_freePv
  74              	_Z8mem_freePv:
  75              	.LFB1:
  20:src/syscall_c.cpp **** 
  21:src/syscall_c.cpp **** int mem_free (void* addr){
  76              		.loc 1 21 26 is_stmt 1
  77              		.cfi_startproc
  78              	.LVL4:
  79 003c 130101FE 		addi	sp,sp,-32
  80              		.cfi_def_cfa_offset 32
  81 0040 233C8100 		sd	s0,24(sp)
  82              		.cfi_offset 8, -8
  83 0044 13040102 		addi	s0,sp,32
  84              		.cfi_def_cfa 8, 0
  22:src/syscall_c.cpp ****     uint64 volatile code = 0x02;
  85              		.loc 1 22 5
  86              		.loc 1 22 21 is_stmt 0
  87 0048 93072000 		li	a5,2
  88 004c 2334F4FE 		sd	a5,-24(s0)
  23:src/syscall_c.cpp ****     void* adr= addr;
  89              		.loc 1 23 5 is_stmt 1
  90              	.LVL5:
  24:src/syscall_c.cpp ****     __asm__ volatile("mv a1, %0" :  : "r" (adr));
  91              		.loc 1 24 5
  92              		.loc 1 24 49 is_stmt 0
  93              	#APP
GAS LISTING /tmp/ccwDCoBM.s 			page 3


  94              	# 24 "src/syscall_c.cpp" 1
  25              	    __asm__ volatile("mv a0, %0" :  : "r" (code));
  95              		mv a1, a0
  96              	# 0 "" 2
  97              		.loc 1 25 5 is_stmt 1
  98              		.loc 1 25 44 is_stmt 0
  99              	#NO_APP
 100 0054 833784FE 		ld	a5,-24(s0)
 101              		.loc 1 25 50
 102              	#APP
 103              	# 25 "src/syscall_c.cpp" 1
  26              	    __asm__ volatile("ecall");
 104              		mv a0, a5
 105              	# 0 "" 2
 106              		.loc 1 26 5 is_stmt 1
 107              		.loc 1 26 30 is_stmt 0
 108              	# 26 "src/syscall_c.cpp" 1
  27              	
  28:src/syscall_c.cpp ****     uint64 ret;
 109              		ecall
 110              	# 0 "" 2
 111              		.loc 1 28 5 is_stmt 1
  29:src/syscall_c.cpp **** 
  30:src/syscall_c.cpp ****     __asm__ volatile("mv %0, a0" : "=r" (ret));
 112              		.loc 1 30 5
 113              		.loc 1 30 47 is_stmt 0
 114              	# 30 "src/syscall_c.cpp" 1
  31              	
 115              		mv a0, a0
 116              	# 0 "" 2
 117              	.LVL6:
  32:src/syscall_c.cpp ****     return ret;
 118              		.loc 1 32 5 is_stmt 1
  33:src/syscall_c.cpp **** }
 119              		.loc 1 33 1 is_stmt 0
 120              	#NO_APP
 121 0064 1B050500 		sext.w	a0,a0
 122              	.LVL7:
 123 0068 03348101 		ld	s0,24(sp)
 124              		.cfi_restore 8
 125              		.cfi_def_cfa 2, 32
 126 006c 13010102 		addi	sp,sp,32
 127              		.cfi_def_cfa_offset 0
 128 0070 67800000 		jr	ra
 129              		.cfi_endproc
 130              	.LFE1:
 132              		.align	2
 133              		.globl	_Z13thread_createPP3CCBPFvPvES2_
 135              	_Z13thread_createPP3CCBPFvPvES2_:
 136              	.LFB2:
  34:src/syscall_c.cpp **** 
  35:src/syscall_c.cpp **** int thread_create (thread_t* handle, void(*start_routine)(void*), void* arg){
 137              		.loc 1 35 77 is_stmt 1
 138              		.cfi_startproc
 139              	.LVL8:
 140 0074 130101FE 		addi	sp,sp,-32
 141              		.cfi_def_cfa_offset 32
GAS LISTING /tmp/ccwDCoBM.s 			page 4


 142 0078 233C8100 		sd	s0,24(sp)
 143              		.cfi_offset 8, -8
 144 007c 13040102 		addi	s0,sp,32
 145              		.cfi_def_cfa 8, 0
  36:src/syscall_c.cpp ****     uint64 volatile code = 0x11;
 146              		.loc 1 36 5
 147              		.loc 1 36 21 is_stmt 0
 148 0080 93071001 		li	a5,17
 149 0084 2334F4FE 		sd	a5,-24(s0)
  37:src/syscall_c.cpp **** 
  38:src/syscall_c.cpp ****     __asm__ volatile("mv t0, %0" : : "r" (arg));
 150              		.loc 1 38 5 is_stmt 1
 151              		.loc 1 38 48 is_stmt 0
 152              	#APP
 153              	# 38 "src/syscall_c.cpp" 1
  39              	    __asm__ volatile("mv a2, %0" : : "r" (start_routine));
 154              		mv t0, a2
 155              	# 0 "" 2
 156              		.loc 1 39 5 is_stmt 1
 157              		.loc 1 39 58 is_stmt 0
 158              	# 39 "src/syscall_c.cpp" 1
  40              	    __asm__ volatile("mv a1, %0" : : "r" (handle));
 159              		mv a2, a1
 160              	# 0 "" 2
 161              		.loc 1 40 5 is_stmt 1
 162              		.loc 1 40 51 is_stmt 0
 163              	# 40 "src/syscall_c.cpp" 1
  41              	    __asm__ volatile("mv a0, %0" : : "r" (code));
 164              		mv a1, a0
 165              	# 0 "" 2
 166              		.loc 1 41 5 is_stmt 1
 167              		.loc 1 41 43 is_stmt 0
 168              	#NO_APP
 169 0094 833784FE 		ld	a5,-24(s0)
 170              		.loc 1 41 49
 171              	#APP
 172              	# 41 "src/syscall_c.cpp" 1
  42              	
  43:src/syscall_c.cpp ****     __asm__ volatile("ecall");
 173              		mv a0, a5
 174              	# 0 "" 2
 175              		.loc 1 43 5 is_stmt 1
 176              		.loc 1 43 30 is_stmt 0
 177              	# 43 "src/syscall_c.cpp" 1
  44              	
  45:src/syscall_c.cpp ****     uint64 ret;
 178              		ecall
 179              	# 0 "" 2
 180              		.loc 1 45 5 is_stmt 1
  46:src/syscall_c.cpp **** 
  47:src/syscall_c.cpp ****     __asm__ volatile("mv %0, a0" : "=r" (ret));
 181              		.loc 1 47 5
 182              		.loc 1 47 47 is_stmt 0
 183              	# 47 "src/syscall_c.cpp" 1
  48              	
 184              		mv a0, a0
 185              	# 0 "" 2
GAS LISTING /tmp/ccwDCoBM.s 			page 5


 186              	.LVL9:
  49:src/syscall_c.cpp ****     return ret;
 187              		.loc 1 49 5 is_stmt 1
  50:src/syscall_c.cpp **** }
 188              		.loc 1 50 1 is_stmt 0
 189              	#NO_APP
 190 00a4 1B050500 		sext.w	a0,a0
 191              	.LVL10:
 192 00a8 03348101 		ld	s0,24(sp)
 193              		.cfi_restore 8
 194              		.cfi_def_cfa 2, 32
 195 00ac 13010102 		addi	sp,sp,32
 196              		.cfi_def_cfa_offset 0
 197 00b0 67800000 		jr	ra
 198              		.cfi_endproc
 199              	.LFE2:
 201              		.align	2
 202              		.globl	_Z11thread_exitv
 204              	_Z11thread_exitv:
 205              	.LFB3:
  51:src/syscall_c.cpp **** 
  52:src/syscall_c.cpp **** int thread_exit (){
 206              		.loc 1 52 19 is_stmt 1
 207              		.cfi_startproc
 208 00b4 130101FE 		addi	sp,sp,-32
 209              		.cfi_def_cfa_offset 32
 210 00b8 233C8100 		sd	s0,24(sp)
 211              		.cfi_offset 8, -8
 212 00bc 13040102 		addi	s0,sp,32
 213              		.cfi_def_cfa 8, 0
  53:src/syscall_c.cpp ****     uint64 volatile code=0x12;
 214              		.loc 1 53 5
 215              		.loc 1 53 21 is_stmt 0
 216 00c0 93072001 		li	a5,18
 217 00c4 2334F4FE 		sd	a5,-24(s0)
  54:src/syscall_c.cpp **** 
  55:src/syscall_c.cpp ****     __asm__ volatile("mv a0, %0" : : "r"(code));
 218              		.loc 1 55 5 is_stmt 1
 219              		.loc 1 55 42 is_stmt 0
 220 00c8 833784FE 		ld	a5,-24(s0)
 221              		.loc 1 55 48
 222              	#APP
 223              	# 55 "src/syscall_c.cpp" 1
  56              	    __asm__ volatile("ecall");
 224              		mv a0, a5
 225              	# 0 "" 2
 226              		.loc 1 56 5 is_stmt 1
 227              		.loc 1 56 30 is_stmt 0
 228              	# 56 "src/syscall_c.cpp" 1
  57              	
  58:src/syscall_c.cpp ****     uint64 ret;
 229              		ecall
 230              	# 0 "" 2
 231              		.loc 1 58 5 is_stmt 1
  59:src/syscall_c.cpp **** 
  60:src/syscall_c.cpp ****     __asm__ volatile("mv %0, a0" : "=r" (ret));
 232              		.loc 1 60 5
GAS LISTING /tmp/ccwDCoBM.s 			page 6


 233              		.loc 1 60 47 is_stmt 0
 234              	# 60 "src/syscall_c.cpp" 1
  61              	
 235              		mv a0, a0
 236              	# 0 "" 2
 237              	.LVL11:
  62:src/syscall_c.cpp ****     return ret;
 238              		.loc 1 62 5 is_stmt 1
  63:src/syscall_c.cpp **** }
 239              		.loc 1 63 1 is_stmt 0
 240              	#NO_APP
 241 00d8 1B050500 		sext.w	a0,a0
 242              	.LVL12:
 243 00dc 03348101 		ld	s0,24(sp)
 244              		.cfi_restore 8
 245              		.cfi_def_cfa 2, 32
 246 00e0 13010102 		addi	sp,sp,32
 247              		.cfi_def_cfa_offset 0
 248 00e4 67800000 		jr	ra
 249              		.cfi_endproc
 250              	.LFE3:
 252              		.align	2
 253              		.globl	_Z15thread_dispatchv
 255              	_Z15thread_dispatchv:
 256              	.LFB4:
  64:src/syscall_c.cpp **** 
  65:src/syscall_c.cpp **** void thread_dispatch (){
 257              		.loc 1 65 24 is_stmt 1
 258              		.cfi_startproc
 259 00e8 130101FE 		addi	sp,sp,-32
 260              		.cfi_def_cfa_offset 32
 261 00ec 233C8100 		sd	s0,24(sp)
 262              		.cfi_offset 8, -8
 263 00f0 13040102 		addi	s0,sp,32
 264              		.cfi_def_cfa 8, 0
  66:src/syscall_c.cpp ****     uint64 volatile code=0x13;
 265              		.loc 1 66 5
 266              		.loc 1 66 21 is_stmt 0
 267 00f4 93073001 		li	a5,19
 268 00f8 2334F4FE 		sd	a5,-24(s0)
  67:src/syscall_c.cpp **** 
  68:src/syscall_c.cpp ****     __asm__ volatile("mv a0, %0" : : "r"(code));
 269              		.loc 1 68 5 is_stmt 1
 270              		.loc 1 68 42 is_stmt 0
 271 00fc 833784FE 		ld	a5,-24(s0)
 272              		.loc 1 68 48
 273              	#APP
 274              	# 68 "src/syscall_c.cpp" 1
  69              	    __asm__ volatile("ecall");
 275              		mv a0, a5
 276              	# 0 "" 2
 277              		.loc 1 69 5 is_stmt 1
 278              		.loc 1 69 30 is_stmt 0
 279              	# 69 "src/syscall_c.cpp" 1
  70              	
  71:src/syscall_c.cpp ****     uint64 ret;
 280              		ecall
GAS LISTING /tmp/ccwDCoBM.s 			page 7


 281              	# 0 "" 2
 282              		.loc 1 71 5 is_stmt 1
  72:src/syscall_c.cpp **** 
  73:src/syscall_c.cpp ****     __asm__ volatile("mv %0, a0" : "=r" (ret));
 283              		.loc 1 73 5
 284              		.loc 1 73 47 is_stmt 0
 285              	# 73 "src/syscall_c.cpp" 1
  74              	
 286              		mv a5, a0
 287              	# 0 "" 2
 288              	.LVL13:
  75:src/syscall_c.cpp **** }
 289              		.loc 1 75 1
 290              	#NO_APP
 291 010c 03348101 		ld	s0,24(sp)
 292              		.cfi_restore 8
 293              		.cfi_def_cfa 2, 32
 294 0110 13010102 		addi	sp,sp,32
 295              		.cfi_def_cfa_offset 0
 296 0114 67800000 		jr	ra
 297              		.cfi_endproc
 298              	.LFE4:
 300              		.align	2
 301              		.globl	_Z8sem_openPP3Semj
 303              	_Z8sem_openPP3Semj:
 304              	.LFB5:
  76:src/syscall_c.cpp **** 
  77:src/syscall_c.cpp **** int sem_open (sem_t* handle, unsigned init){
 305              		.loc 1 77 44 is_stmt 1
 306              		.cfi_startproc
 307              	.LVL14:
 308 0118 130101FF 		addi	sp,sp,-16
 309              		.cfi_def_cfa_offset 16
 310 011c 23348100 		sd	s0,8(sp)
 311              		.cfi_offset 8, -8
 312 0120 13040101 		addi	s0,sp,16
 313              		.cfi_def_cfa 8, 0
  78:src/syscall_c.cpp ****     uint64 code=0x21;
 314              		.loc 1 78 5
 315              	.LVL15:
  79:src/syscall_c.cpp **** 
  80:src/syscall_c.cpp ****     __asm__ volatile("mv a2, %0" : : "r" (init));
 316              		.loc 1 80 5
 317              		.loc 1 80 49 is_stmt 0
 318              	#APP
 319              	# 80 "src/syscall_c.cpp" 1
  81              	    __asm__ volatile("mv a1, %0" : : "r" (handle));
 320              		mv a2, a1
 321              	# 0 "" 2
 322              		.loc 1 81 5 is_stmt 1
 323              		.loc 1 81 51 is_stmt 0
 324              	# 81 "src/syscall_c.cpp" 1
  82              	    __asm__ volatile("mv a0, %0" : : "r" (code));
 325              		mv a1, a0
 326              	# 0 "" 2
 327              		.loc 1 82 5 is_stmt 1
 328              		.loc 1 82 49 is_stmt 0
GAS LISTING /tmp/ccwDCoBM.s 			page 8


 329              	#NO_APP
 330 012c 93071002 		li	a5,33
 331              	#APP
 332              	# 82 "src/syscall_c.cpp" 1
  83              	
  84:src/syscall_c.cpp ****     __asm__ volatile("ecall");
 333              		mv a0, a5
 334              	# 0 "" 2
 335              		.loc 1 84 5 is_stmt 1
 336              		.loc 1 84 30 is_stmt 0
 337              	# 84 "src/syscall_c.cpp" 1
  85              	
  86:src/syscall_c.cpp ****     uint64 ret;
 338              		ecall
 339              	# 0 "" 2
 340              		.loc 1 86 5 is_stmt 1
  87:src/syscall_c.cpp **** 
  88:src/syscall_c.cpp ****     __asm__ volatile("mv %0, a0" : "=r" (ret));
 341              		.loc 1 88 5
 342              		.loc 1 88 47 is_stmt 0
 343              	# 88 "src/syscall_c.cpp" 1
  89              	
 344              		mv a0, a0
 345              	# 0 "" 2
 346              	.LVL16:
  90:src/syscall_c.cpp ****     return ret;
 347              		.loc 1 90 5 is_stmt 1
  91:src/syscall_c.cpp **** 
  92:src/syscall_c.cpp **** }
 348              		.loc 1 92 1 is_stmt 0
 349              	#NO_APP
 350 013c 1B050500 		sext.w	a0,a0
 351              	.LVL17:
 352 0140 03348100 		ld	s0,8(sp)
 353              		.cfi_restore 8
 354              		.cfi_def_cfa 2, 16
 355 0144 13010101 		addi	sp,sp,16
 356              		.cfi_def_cfa_offset 0
 357 0148 67800000 		jr	ra
 358              		.cfi_endproc
 359              	.LFE5:
 361              		.align	2
 362              		.globl	_Z9sem_closeP3Sem
 364              	_Z9sem_closeP3Sem:
 365              	.LFB6:
  93:src/syscall_c.cpp **** 
  94:src/syscall_c.cpp **** int sem_close (sem_t handle){
 366              		.loc 1 94 29 is_stmt 1
 367              		.cfi_startproc
 368              	.LVL18:
 369 014c 130101FF 		addi	sp,sp,-16
 370              		.cfi_def_cfa_offset 16
 371 0150 23348100 		sd	s0,8(sp)
 372              		.cfi_offset 8, -8
 373 0154 13040101 		addi	s0,sp,16
 374              		.cfi_def_cfa 8, 0
  95:src/syscall_c.cpp ****     uint64 code=0x22;
GAS LISTING /tmp/ccwDCoBM.s 			page 9


 375              		.loc 1 95 5
 376              	.LVL19:
  96:src/syscall_c.cpp **** 
  97:src/syscall_c.cpp ****     __asm__ volatile("mv a1, %0" : : "r" (handle));
 377              		.loc 1 97 5
 378              		.loc 1 97 51 is_stmt 0
 379              	#APP
 380              	# 97 "src/syscall_c.cpp" 1
  98              	    __asm__ volatile("mv a0, %0" : : "r" (code));
 381              		mv a1, a0
 382              	# 0 "" 2
 383              		.loc 1 98 5 is_stmt 1
 384              		.loc 1 98 49 is_stmt 0
 385              	#NO_APP
 386 015c 93072002 		li	a5,34
 387              	#APP
 388              	# 98 "src/syscall_c.cpp" 1
  99              	
 100:src/syscall_c.cpp ****     __asm__ volatile("ecall");
 389              		mv a0, a5
 390              	# 0 "" 2
 391              		.loc 1 100 5 is_stmt 1
 392              		.loc 1 100 30 is_stmt 0
 393              	# 100 "src/syscall_c.cpp" 1
 101              	
 102:src/syscall_c.cpp ****     uint64 ret;
 394              		ecall
 395              	# 0 "" 2
 396              		.loc 1 102 5 is_stmt 1
 103:src/syscall_c.cpp **** 
 104:src/syscall_c.cpp ****     __asm__ volatile("mv %0, a0" : "=r" (ret));
 397              		.loc 1 104 5
 398              		.loc 1 104 47 is_stmt 0
 399              	# 104 "src/syscall_c.cpp" 1
 105              	
 400              		mv a0, a0
 401              	# 0 "" 2
 402              	.LVL20:
 106:src/syscall_c.cpp ****     return ret;
 403              		.loc 1 106 5 is_stmt 1
 107:src/syscall_c.cpp **** 
 108:src/syscall_c.cpp **** }
 404              		.loc 1 108 1 is_stmt 0
 405              	#NO_APP
 406 016c 1B050500 		sext.w	a0,a0
 407              	.LVL21:
 408 0170 03348100 		ld	s0,8(sp)
 409              		.cfi_restore 8
 410              		.cfi_def_cfa 2, 16
 411 0174 13010101 		addi	sp,sp,16
 412              		.cfi_def_cfa_offset 0
 413 0178 67800000 		jr	ra
 414              		.cfi_endproc
 415              	.LFE6:
 417              		.align	2
 418              		.globl	_Z8sem_waitP3Sem
 420              	_Z8sem_waitP3Sem:
GAS LISTING /tmp/ccwDCoBM.s 			page 10


 421              	.LFB7:
 109:src/syscall_c.cpp **** 
 110:src/syscall_c.cpp **** int sem_wait (sem_t id){
 422              		.loc 1 110 24 is_stmt 1
 423              		.cfi_startproc
 424              	.LVL22:
 425 017c 130101FF 		addi	sp,sp,-16
 426              		.cfi_def_cfa_offset 16
 427 0180 23348100 		sd	s0,8(sp)
 428              		.cfi_offset 8, -8
 429 0184 13040101 		addi	s0,sp,16
 430              		.cfi_def_cfa 8, 0
 111:src/syscall_c.cpp ****     uint64 code=0x23;
 431              		.loc 1 111 5
 432              	.LVL23:
 112:src/syscall_c.cpp **** 
 113:src/syscall_c.cpp ****     __asm__ volatile("mv a1, %0" : : "r" (id));
 433              		.loc 1 113 5
 434              		.loc 1 113 47 is_stmt 0
 435              	#APP
 436              	# 113 "src/syscall_c.cpp" 1
 114              	    __asm__ volatile("mv a0, %0" : : "r" (code));
 437              		mv a1, a0
 438              	# 0 "" 2
 439              		.loc 1 114 5 is_stmt 1
 440              		.loc 1 114 49 is_stmt 0
 441              	#NO_APP
 442 018c 93073002 		li	a5,35
 443              	#APP
 444              	# 114 "src/syscall_c.cpp" 1
 115              	
 116:src/syscall_c.cpp ****     __asm__ volatile("ecall");
 445              		mv a0, a5
 446              	# 0 "" 2
 447              		.loc 1 116 5 is_stmt 1
 448              		.loc 1 116 30 is_stmt 0
 449              	# 116 "src/syscall_c.cpp" 1
 117              	
 118:src/syscall_c.cpp ****     uint64 ret;
 450              		ecall
 451              	# 0 "" 2
 452              		.loc 1 118 5 is_stmt 1
 119:src/syscall_c.cpp **** 
 120:src/syscall_c.cpp ****     __asm__ volatile("mv %0, a0" : "=r" (ret));
 453              		.loc 1 120 5
 454              		.loc 1 120 47 is_stmt 0
 455              	# 120 "src/syscall_c.cpp" 1
 121              	
 456              		mv a0, a0
 457              	# 0 "" 2
 458              	.LVL24:
 122:src/syscall_c.cpp ****     return ret;
 459              		.loc 1 122 5 is_stmt 1
 123:src/syscall_c.cpp **** 
 124:src/syscall_c.cpp **** }
 460              		.loc 1 124 1 is_stmt 0
 461              	#NO_APP
GAS LISTING /tmp/ccwDCoBM.s 			page 11


 462 019c 1B050500 		sext.w	a0,a0
 463              	.LVL25:
 464 01a0 03348100 		ld	s0,8(sp)
 465              		.cfi_restore 8
 466              		.cfi_def_cfa 2, 16
 467 01a4 13010101 		addi	sp,sp,16
 468              		.cfi_def_cfa_offset 0
 469 01a8 67800000 		jr	ra
 470              		.cfi_endproc
 471              	.LFE7:
 473              		.align	2
 474              		.globl	_Z10sem_signalP3Sem
 476              	_Z10sem_signalP3Sem:
 477              	.LFB8:
 125:src/syscall_c.cpp **** 
 126:src/syscall_c.cpp **** int sem_signal (sem_t id){
 478              		.loc 1 126 26 is_stmt 1
 479              		.cfi_startproc
 480              	.LVL26:
 481 01ac 130101FF 		addi	sp,sp,-16
 482              		.cfi_def_cfa_offset 16
 483 01b0 23348100 		sd	s0,8(sp)
 484              		.cfi_offset 8, -8
 485 01b4 13040101 		addi	s0,sp,16
 486              		.cfi_def_cfa 8, 0
 127:src/syscall_c.cpp ****     uint64 code=0x24;
 487              		.loc 1 127 5
 488              	.LVL27:
 128:src/syscall_c.cpp **** 
 129:src/syscall_c.cpp ****     __asm__ volatile("mv a1, %0" : : "r" (id));
 489              		.loc 1 129 5
 490              		.loc 1 129 47 is_stmt 0
 491              	#APP
 492              	# 129 "src/syscall_c.cpp" 1
 130              	    __asm__ volatile("mv a0, %0" : : "r" (code));
 493              		mv a1, a0
 494              	# 0 "" 2
 495              		.loc 1 130 5 is_stmt 1
 496              		.loc 1 130 49 is_stmt 0
 497              	#NO_APP
 498 01bc 93074002 		li	a5,36
 499              	#APP
 500              	# 130 "src/syscall_c.cpp" 1
 131              	
 132:src/syscall_c.cpp ****     __asm__ volatile("ecall");
 501              		mv a0, a5
 502              	# 0 "" 2
 503              		.loc 1 132 5 is_stmt 1
 504              		.loc 1 132 30 is_stmt 0
 505              	# 132 "src/syscall_c.cpp" 1
 133              	
 134:src/syscall_c.cpp ****     uint64 ret;
 506              		ecall
 507              	# 0 "" 2
 508              		.loc 1 134 5 is_stmt 1
 135:src/syscall_c.cpp **** 
 136:src/syscall_c.cpp ****     __asm__ volatile("mv %0, a0" : "=r" (ret));
GAS LISTING /tmp/ccwDCoBM.s 			page 12


 509              		.loc 1 136 5
 510              		.loc 1 136 47 is_stmt 0
 511              	# 136 "src/syscall_c.cpp" 1
 137              	
 512              		mv a0, a0
 513              	# 0 "" 2
 514              	.LVL28:
 138:src/syscall_c.cpp ****     return ret;
 515              		.loc 1 138 5 is_stmt 1
 139:src/syscall_c.cpp **** }
 516              		.loc 1 139 1 is_stmt 0
 517              	#NO_APP
 518 01cc 1B050500 		sext.w	a0,a0
 519              	.LVL29:
 520 01d0 03348100 		ld	s0,8(sp)
 521              		.cfi_restore 8
 522              		.cfi_def_cfa 2, 16
 523 01d4 13010101 		addi	sp,sp,16
 524              		.cfi_def_cfa_offset 0
 525 01d8 67800000 		jr	ra
 526              		.cfi_endproc
 527              	.LFE8:
 529              		.align	2
 530              		.globl	_Z11sem_trywaitP3Sem
 532              	_Z11sem_trywaitP3Sem:
 533              	.LFB9:
 140:src/syscall_c.cpp **** 
 141:src/syscall_c.cpp **** int sem_trywait(sem_t id){
 534              		.loc 1 141 26 is_stmt 1
 535              		.cfi_startproc
 536              	.LVL30:
 537 01dc 130101FE 		addi	sp,sp,-32
 538              		.cfi_def_cfa_offset 32
 539 01e0 233C8100 		sd	s0,24(sp)
 540              		.cfi_offset 8, -8
 541 01e4 13040102 		addi	s0,sp,32
 542              		.cfi_def_cfa 8, 0
 142:src/syscall_c.cpp ****     uint64 volatile code = 0x26;
 543              		.loc 1 142 5
 544              		.loc 1 142 21 is_stmt 0
 545 01e8 93076002 		li	a5,38
 546 01ec 2334F4FE 		sd	a5,-24(s0)
 143:src/syscall_c.cpp **** 
 144:src/syscall_c.cpp ****     __asm__ volatile("mv a1, %0" :  : "r" (id));
 547              		.loc 1 144 5 is_stmt 1
 548              		.loc 1 144 48 is_stmt 0
 549              	#APP
 550              	# 144 "src/syscall_c.cpp" 1
 145              	    __asm__ volatile("mv a0, %0" :  : "r" (code));
 551              		mv a1, a0
 552              	# 0 "" 2
 553              		.loc 1 145 5 is_stmt 1
 554              		.loc 1 145 44 is_stmt 0
 555              	#NO_APP
 556 01f4 833784FE 		ld	a5,-24(s0)
 557              		.loc 1 145 50
 558              	#APP
GAS LISTING /tmp/ccwDCoBM.s 			page 13


 559              	# 145 "src/syscall_c.cpp" 1
 146              	
 147:src/syscall_c.cpp ****     __asm__ volatile("ecall");
 560              		mv a0, a5
 561              	# 0 "" 2
 562              		.loc 1 147 5 is_stmt 1
 563              		.loc 1 147 30 is_stmt 0
 564              	# 147 "src/syscall_c.cpp" 1
 148              	
 149:src/syscall_c.cpp ****     uint64 ret;
 565              		ecall
 566              	# 0 "" 2
 567              		.loc 1 149 5 is_stmt 1
 150:src/syscall_c.cpp **** 
 151:src/syscall_c.cpp ****     __asm__ volatile("mv %0, a0" : "=r" (ret));
 568              		.loc 1 151 5
 569              		.loc 1 151 47 is_stmt 0
 570              	# 151 "src/syscall_c.cpp" 1
 152              	    return ret;
 571              		mv a0, a0
 572              	# 0 "" 2
 573              	.LVL31:
 574              		.loc 1 152 5 is_stmt 1
 153:src/syscall_c.cpp **** 
 154:src/syscall_c.cpp **** }
 575              		.loc 1 154 1 is_stmt 0
 576              	#NO_APP
 577 0204 1B050500 		sext.w	a0,a0
 578              	.LVL32:
 579 0208 03348101 		ld	s0,24(sp)
 580              		.cfi_restore 8
 581              		.cfi_def_cfa 2, 32
 582 020c 13010102 		addi	sp,sp,32
 583              		.cfi_def_cfa_offset 0
 584 0210 67800000 		jr	ra
 585              		.cfi_endproc
 586              	.LFE9:
 588              		.align	2
 589              		.globl	_Z13sem_timedwaitP3Semm
 591              	_Z13sem_timedwaitP3Semm:
 592              	.LFB10:
 155:src/syscall_c.cpp **** 
 156:src/syscall_c.cpp **** int sem_timedwait(sem_t id, time_t timeout){
 593              		.loc 1 156 44 is_stmt 1
 594              		.cfi_startproc
 595              	.LVL33:
 596 0214 130101FF 		addi	sp,sp,-16
 597              		.cfi_def_cfa_offset 16
 598 0218 23348100 		sd	s0,8(sp)
 599              		.cfi_offset 8, -8
 600 021c 13040101 		addi	s0,sp,16
 601              		.cfi_def_cfa 8, 0
 157:src/syscall_c.cpp ****     return 0;
 602              		.loc 1 157 5
 158:src/syscall_c.cpp **** }
 603              		.loc 1 158 1 is_stmt 0
 604 0220 13050000 		li	a0,0
GAS LISTING /tmp/ccwDCoBM.s 			page 14


 605              	.LVL34:
 606 0224 03348100 		ld	s0,8(sp)
 607              		.cfi_restore 8
 608              		.cfi_def_cfa 2, 16
 609 0228 13010101 		addi	sp,sp,16
 610              		.cfi_def_cfa_offset 0
 611 022c 67800000 		jr	ra
 612              		.cfi_endproc
 613              	.LFE10:
 615              		.align	2
 616              		.globl	_Z10time_sleepm
 618              	_Z10time_sleepm:
 619              	.LFB11:
 159:src/syscall_c.cpp **** 
 160:src/syscall_c.cpp **** 
 161:src/syscall_c.cpp **** int time_sleep (time_t){
 620              		.loc 1 161 24 is_stmt 1
 621              		.cfi_startproc
 622 0230 130101FF 		addi	sp,sp,-16
 623              		.cfi_def_cfa_offset 16
 624 0234 23348100 		sd	s0,8(sp)
 625              		.cfi_offset 8, -8
 626 0238 13040101 		addi	s0,sp,16
 627              		.cfi_def_cfa 8, 0
 162:src/syscall_c.cpp ****     return 0;
 628              		.loc 1 162 5
 163:src/syscall_c.cpp **** }
 629              		.loc 1 163 1 is_stmt 0
 630 023c 13050000 		li	a0,0
 631 0240 03348100 		ld	s0,8(sp)
 632              		.cfi_restore 8
 633              		.cfi_def_cfa 2, 16
 634 0244 13010101 		addi	sp,sp,16
 635              		.cfi_def_cfa_offset 0
 636 0248 67800000 		jr	ra
 637              		.cfi_endproc
 638              	.LFE11:
 640              		.align	2
 641              		.globl	_Z4getcv
 643              	_Z4getcv:
 644              	.LFB12:
 164:src/syscall_c.cpp **** 
 165:src/syscall_c.cpp **** char getc (){
 645              		.loc 1 165 13 is_stmt 1
 646              		.cfi_startproc
 647 024c 130101FE 		addi	sp,sp,-32
 648              		.cfi_def_cfa_offset 32
 649 0250 233C8100 		sd	s0,24(sp)
 650              		.cfi_offset 8, -8
 651 0254 13040102 		addi	s0,sp,32
 652              		.cfi_def_cfa 8, 0
 166:src/syscall_c.cpp ****     uint64 volatile code = 0x41;
 653              		.loc 1 166 5
 654              		.loc 1 166 21 is_stmt 0
 655 0258 93071004 		li	a5,65
 656 025c 2334F4FE 		sd	a5,-24(s0)
 167:src/syscall_c.cpp **** 
GAS LISTING /tmp/ccwDCoBM.s 			page 15


 168:src/syscall_c.cpp ****     __asm__ volatile("mv a0, %0" :  : "r" (code));
 657              		.loc 1 168 5 is_stmt 1
 658              		.loc 1 168 44 is_stmt 0
 659 0260 833784FE 		ld	a5,-24(s0)
 660              		.loc 1 168 50
 661              	#APP
 662              	# 168 "src/syscall_c.cpp" 1
 169              	    __asm__ volatile("ecall");
 663              		mv a0, a5
 664              	# 0 "" 2
 665              		.loc 1 169 5 is_stmt 1
 666              		.loc 1 169 30 is_stmt 0
 667              	# 169 "src/syscall_c.cpp" 1
 170              	
 171:src/syscall_c.cpp ****     uint64 ret;
 668              		ecall
 669              	# 0 "" 2
 670              		.loc 1 171 5 is_stmt 1
 172:src/syscall_c.cpp **** 
 173:src/syscall_c.cpp ****     __asm__ volatile("mv %0, a0" : "=r" (ret));
 671              		.loc 1 173 5
 672              		.loc 1 173 47 is_stmt 0
 673              	# 173 "src/syscall_c.cpp" 1
 174              	
 674              		mv a0, a0
 675              	# 0 "" 2
 676              	.LVL35:
 175:src/syscall_c.cpp ****     return (char)ret;
 677              		.loc 1 175 5 is_stmt 1
 176:src/syscall_c.cpp **** 
 177:src/syscall_c.cpp **** }
 678              		.loc 1 177 1 is_stmt 0
 679              	#NO_APP
 680 0270 1375F50F 		andi	a0,a0,0xff
 681              	.LVL36:
 682 0274 03348101 		ld	s0,24(sp)
 683              		.cfi_restore 8
 684              		.cfi_def_cfa 2, 32
 685 0278 13010102 		addi	sp,sp,32
 686              		.cfi_def_cfa_offset 0
 687 027c 67800000 		jr	ra
 688              		.cfi_endproc
 689              	.LFE12:
 691              		.align	2
 692              		.globl	_Z4putcc
 694              	_Z4putcc:
 695              	.LFB13:
 178:src/syscall_c.cpp **** 
 179:src/syscall_c.cpp **** void putc (char ch){
 696              		.loc 1 179 20 is_stmt 1
 697              		.cfi_startproc
 698              	.LVL37:
 699 0280 130101FE 		addi	sp,sp,-32
 700              		.cfi_def_cfa_offset 32
 701 0284 233C8100 		sd	s0,24(sp)
 702              		.cfi_offset 8, -8
 703 0288 13040102 		addi	s0,sp,32
GAS LISTING /tmp/ccwDCoBM.s 			page 16


 704              		.cfi_def_cfa 8, 0
 180:src/syscall_c.cpp ****     uint64 volatile code = 0x42;
 705              		.loc 1 180 5
 706              		.loc 1 180 21 is_stmt 0
 707 028c 93072004 		li	a5,66
 708 0290 2334F4FE 		sd	a5,-24(s0)
 181:src/syscall_c.cpp **** 
 182:src/syscall_c.cpp ****     __asm__ volatile("mv a1, %0" :  : "r" (ch));
 709              		.loc 1 182 5 is_stmt 1
 710              		.loc 1 182 48 is_stmt 0
 711              	#APP
 712              	# 182 "src/syscall_c.cpp" 1
 183              	    __asm__ volatile("mv a0, %0" :  : "r" (code));
 713              		mv a1, a0
 714              	# 0 "" 2
 715              		.loc 1 183 5 is_stmt 1
 716              		.loc 1 183 44 is_stmt 0
 717              	#NO_APP
 718 0298 833784FE 		ld	a5,-24(s0)
 719              		.loc 1 183 50
 720              	#APP
 721              	# 183 "src/syscall_c.cpp" 1
 184              	    __asm__ volatile("ecall");
 722              		mv a0, a5
 723              	# 0 "" 2
 724              		.loc 1 184 5 is_stmt 1
 725              		.loc 1 184 30 is_stmt 0
 726              	# 184 "src/syscall_c.cpp" 1
 185              	}
 727              		ecall
 728              	# 0 "" 2
 729              		.loc 1 185 1
 730              	#NO_APP
 731 02a4 03348101 		ld	s0,24(sp)
 732              		.cfi_restore 8
 733              		.cfi_def_cfa 2, 32
 734 02a8 13010102 		addi	sp,sp,32
 735              		.cfi_def_cfa_offset 0
 736 02ac 67800000 		jr	ra
 737              		.cfi_endproc
 738              	.LFE13:
 740              		.align	2
 741              		.globl	_Z10changeModev
 743              	_Z10changeModev:
 744              	.LFB14:
 186:src/syscall_c.cpp **** 
 187:src/syscall_c.cpp **** void changeMode(){
 745              		.loc 1 187 18 is_stmt 1
 746              		.cfi_startproc
 747 02b0 130101FE 		addi	sp,sp,-32
 748              		.cfi_def_cfa_offset 32
 749 02b4 233C8100 		sd	s0,24(sp)
 750              		.cfi_offset 8, -8
 751 02b8 13040102 		addi	s0,sp,32
 752              		.cfi_def_cfa 8, 0
 188:src/syscall_c.cpp ****     uint64 volatile code = 0x51;
 753              		.loc 1 188 5
GAS LISTING /tmp/ccwDCoBM.s 			page 17


 754              		.loc 1 188 21 is_stmt 0
 755 02bc 93071005 		li	a5,81
 756 02c0 2334F4FE 		sd	a5,-24(s0)
 189:src/syscall_c.cpp **** 
 190:src/syscall_c.cpp ****     __asm__ volatile("mv a0, %0" :  : "r" (code));
 757              		.loc 1 190 5 is_stmt 1
 758              		.loc 1 190 44 is_stmt 0
 759 02c4 833784FE 		ld	a5,-24(s0)
 760              		.loc 1 190 50
 761              	#APP
 762              	# 190 "src/syscall_c.cpp" 1
 191              	    __asm__ volatile("ecall");
 763              		mv a0, a5
 764              	# 0 "" 2
 765              		.loc 1 191 5 is_stmt 1
 766              		.loc 1 191 30 is_stmt 0
 767              	# 191 "src/syscall_c.cpp" 1
 192              	}...
 768              		ecall
 769              	# 0 "" 2
 770              		.loc 1 192 1
 771              	#NO_APP
 772 02d0 03348101 		ld	s0,24(sp)
 773              		.cfi_restore 8
 774              		.cfi_def_cfa 2, 32
 775 02d4 13010102 		addi	sp,sp,32
 776              		.cfi_def_cfa_offset 0
 777 02d8 67800000 		jr	ra
 778              		.cfi_endproc
 779              	.LFE14:
 781              	.Letext0:
 782              		.file 2 "src/../h/../lib/hw.h"
 783              		.file 3 "src/../h/syscall_c.h"
GAS LISTING /tmp/ccwDCoBM.s 			page 18


DEFINED SYMBOLS
                            *ABS*:0000000000000000 syscall_c.cpp
     /tmp/ccwDCoBM.s:9      .text:0000000000000000 _Z9mem_allocm
     /tmp/ccwDCoBM.s:13     .text:0000000000000000 .L0 
     /tmp/ccwDCoBM.s:15     .text:0000000000000000 .L0 
     /tmp/ccwDCoBM.s:16     .text:0000000000000004 .L0 
     /tmp/ccwDCoBM.s:18     .text:0000000000000008 .L0 
     /tmp/ccwDCoBM.s:20     .text:000000000000000c .L0 
     /tmp/ccwDCoBM.s:22     .text:000000000000000c .L0 
     /tmp/ccwDCoBM.s:23     .text:000000000000000c .L0 
     /tmp/ccwDCoBM.s:26     .text:0000000000000014 .L0 
     /tmp/ccwDCoBM.s:27     .text:0000000000000014 .L0 
     /tmp/ccwDCoBM.s:30     .text:0000000000000018 .L0 
     /tmp/ccwDCoBM.s:33     .text:000000000000001c .L0 
   src/syscall_c.cpp:10     .text:000000000000001c .L0 
     /tmp/ccwDCoBM.s:39     .text:0000000000000020 .L0 
     /tmp/ccwDCoBM.s:41     .text:0000000000000020 .L0 
   src/syscall_c.cpp:11     .text:0000000000000024 .L0 
     /tmp/ccwDCoBM.s:48     .text:0000000000000028 .L0 
   src/syscall_c.cpp:12     .text:0000000000000028 .L0 
     /tmp/ccwDCoBM.s:53     .text:000000000000002c .L0 
     /tmp/ccwDCoBM.s:54     .text:000000000000002c .L0 
   src/syscall_c.cpp:16     .text:000000000000002c .L0 
     /tmp/ccwDCoBM.s:60     .text:0000000000000030 .L0 
     /tmp/ccwDCoBM.s:62     .text:0000000000000030 .L0 
     /tmp/ccwDCoBM.s:63     .text:0000000000000034 .L0 
     /tmp/ccwDCoBM.s:64     .text:0000000000000034 .L0 
     /tmp/ccwDCoBM.s:66     .text:0000000000000038 .L0 
     /tmp/ccwDCoBM.s:68     .text:000000000000003c .L0 
     /tmp/ccwDCoBM.s:74     .text:000000000000003c _Z8mem_freePv
     /tmp/ccwDCoBM.s:77     .text:000000000000003c .L0 
     /tmp/ccwDCoBM.s:79     .text:000000000000003c .L0 
     /tmp/ccwDCoBM.s:80     .text:0000000000000040 .L0 
     /tmp/ccwDCoBM.s:82     .text:0000000000000044 .L0 
     /tmp/ccwDCoBM.s:84     .text:0000000000000048 .L0 
     /tmp/ccwDCoBM.s:86     .text:0000000000000048 .L0 
     /tmp/ccwDCoBM.s:87     .text:0000000000000048 .L0 
     /tmp/ccwDCoBM.s:91     .text:0000000000000050 .L0 
     /tmp/ccwDCoBM.s:92     .text:0000000000000050 .L0 
   src/syscall_c.cpp:24     .text:0000000000000050 .L0 
     /tmp/ccwDCoBM.s:98     .text:0000000000000054 .L0 
     /tmp/ccwDCoBM.s:100    .text:0000000000000054 .L0 
   src/syscall_c.cpp:25     .text:0000000000000058 .L0 
     /tmp/ccwDCoBM.s:107    .text:000000000000005c .L0 
   src/syscall_c.cpp:26     .text:000000000000005c .L0 
     /tmp/ccwDCoBM.s:112    .text:0000000000000060 .L0 
     /tmp/ccwDCoBM.s:113    .text:0000000000000060 .L0 
   src/syscall_c.cpp:30     .text:0000000000000060 .L0 
     /tmp/ccwDCoBM.s:119    .text:0000000000000064 .L0 
     /tmp/ccwDCoBM.s:121    .text:0000000000000064 .L0 
     /tmp/ccwDCoBM.s:124    .text:000000000000006c .L0 
     /tmp/ccwDCoBM.s:125    .text:000000000000006c .L0 
     /tmp/ccwDCoBM.s:127    .text:0000000000000070 .L0 
     /tmp/ccwDCoBM.s:129    .text:0000000000000074 .L0 
     /tmp/ccwDCoBM.s:135    .text:0000000000000074 _Z13thread_createPP3CCBPFvPvES2_
     /tmp/ccwDCoBM.s:138    .text:0000000000000074 .L0 
     /tmp/ccwDCoBM.s:140    .text:0000000000000074 .L0 
GAS LISTING /tmp/ccwDCoBM.s 			page 19


     /tmp/ccwDCoBM.s:141    .text:0000000000000078 .L0 
     /tmp/ccwDCoBM.s:143    .text:000000000000007c .L0 
     /tmp/ccwDCoBM.s:145    .text:0000000000000080 .L0 
     /tmp/ccwDCoBM.s:147    .text:0000000000000080 .L0 
     /tmp/ccwDCoBM.s:148    .text:0000000000000080 .L0 
     /tmp/ccwDCoBM.s:151    .text:0000000000000088 .L0 
   src/syscall_c.cpp:38     .text:0000000000000088 .L0 
     /tmp/ccwDCoBM.s:157    .text:000000000000008c .L0 
   src/syscall_c.cpp:39     .text:000000000000008c .L0 
     /tmp/ccwDCoBM.s:162    .text:0000000000000090 .L0 
   src/syscall_c.cpp:40     .text:0000000000000090 .L0 
     /tmp/ccwDCoBM.s:167    .text:0000000000000094 .L0 
     /tmp/ccwDCoBM.s:169    .text:0000000000000094 .L0 
   src/syscall_c.cpp:41     .text:0000000000000098 .L0 
     /tmp/ccwDCoBM.s:176    .text:000000000000009c .L0 
   src/syscall_c.cpp:43     .text:000000000000009c .L0 
     /tmp/ccwDCoBM.s:181    .text:00000000000000a0 .L0 
     /tmp/ccwDCoBM.s:182    .text:00000000000000a0 .L0 
   src/syscall_c.cpp:47     .text:00000000000000a0 .L0 
     /tmp/ccwDCoBM.s:188    .text:00000000000000a4 .L0 
     /tmp/ccwDCoBM.s:190    .text:00000000000000a4 .L0 
     /tmp/ccwDCoBM.s:193    .text:00000000000000ac .L0 
     /tmp/ccwDCoBM.s:194    .text:00000000000000ac .L0 
     /tmp/ccwDCoBM.s:196    .text:00000000000000b0 .L0 
     /tmp/ccwDCoBM.s:198    .text:00000000000000b4 .L0 
     /tmp/ccwDCoBM.s:204    .text:00000000000000b4 _Z11thread_exitv
     /tmp/ccwDCoBM.s:207    .text:00000000000000b4 .L0 
     /tmp/ccwDCoBM.s:208    .text:00000000000000b4 .L0 
     /tmp/ccwDCoBM.s:209    .text:00000000000000b8 .L0 
     /tmp/ccwDCoBM.s:211    .text:00000000000000bc .L0 
     /tmp/ccwDCoBM.s:213    .text:00000000000000c0 .L0 
     /tmp/ccwDCoBM.s:215    .text:00000000000000c0 .L0 
     /tmp/ccwDCoBM.s:216    .text:00000000000000c0 .L0 
     /tmp/ccwDCoBM.s:219    .text:00000000000000c8 .L0 
     /tmp/ccwDCoBM.s:220    .text:00000000000000c8 .L0 
   src/syscall_c.cpp:55     .text:00000000000000cc .L0 
     /tmp/ccwDCoBM.s:227    .text:00000000000000d0 .L0 
   src/syscall_c.cpp:56     .text:00000000000000d0 .L0 
     /tmp/ccwDCoBM.s:232    .text:00000000000000d4 .L0 
     /tmp/ccwDCoBM.s:233    .text:00000000000000d4 .L0 
   src/syscall_c.cpp:60     .text:00000000000000d4 .L0 
     /tmp/ccwDCoBM.s:239    .text:00000000000000d8 .L0 
     /tmp/ccwDCoBM.s:241    .text:00000000000000d8 .L0 
     /tmp/ccwDCoBM.s:244    .text:00000000000000e0 .L0 
     /tmp/ccwDCoBM.s:245    .text:00000000000000e0 .L0 
     /tmp/ccwDCoBM.s:247    .text:00000000000000e4 .L0 
     /tmp/ccwDCoBM.s:249    .text:00000000000000e8 .L0 
     /tmp/ccwDCoBM.s:255    .text:00000000000000e8 _Z15thread_dispatchv
     /tmp/ccwDCoBM.s:258    .text:00000000000000e8 .L0 
     /tmp/ccwDCoBM.s:259    .text:00000000000000e8 .L0 
     /tmp/ccwDCoBM.s:260    .text:00000000000000ec .L0 
     /tmp/ccwDCoBM.s:262    .text:00000000000000f0 .L0 
     /tmp/ccwDCoBM.s:264    .text:00000000000000f4 .L0 
     /tmp/ccwDCoBM.s:266    .text:00000000000000f4 .L0 
     /tmp/ccwDCoBM.s:267    .text:00000000000000f4 .L0 
     /tmp/ccwDCoBM.s:270    .text:00000000000000fc .L0 
     /tmp/ccwDCoBM.s:271    .text:00000000000000fc .L0 
GAS LISTING /tmp/ccwDCoBM.s 			page 20


   src/syscall_c.cpp:68     .text:0000000000000100 .L0 
     /tmp/ccwDCoBM.s:278    .text:0000000000000104 .L0 
   src/syscall_c.cpp:69     .text:0000000000000104 .L0 
     /tmp/ccwDCoBM.s:283    .text:0000000000000108 .L0 
     /tmp/ccwDCoBM.s:284    .text:0000000000000108 .L0 
   src/syscall_c.cpp:73     .text:0000000000000108 .L0 
     /tmp/ccwDCoBM.s:291    .text:000000000000010c .L0 
     /tmp/ccwDCoBM.s:292    .text:0000000000000110 .L0 
     /tmp/ccwDCoBM.s:293    .text:0000000000000110 .L0 
     /tmp/ccwDCoBM.s:295    .text:0000000000000114 .L0 
     /tmp/ccwDCoBM.s:297    .text:0000000000000118 .L0 
     /tmp/ccwDCoBM.s:303    .text:0000000000000118 _Z8sem_openPP3Semj
     /tmp/ccwDCoBM.s:306    .text:0000000000000118 .L0 
     /tmp/ccwDCoBM.s:308    .text:0000000000000118 .L0 
     /tmp/ccwDCoBM.s:309    .text:000000000000011c .L0 
     /tmp/ccwDCoBM.s:311    .text:0000000000000120 .L0 
     /tmp/ccwDCoBM.s:313    .text:0000000000000124 .L0 
     /tmp/ccwDCoBM.s:316    .text:0000000000000124 .L0 
     /tmp/ccwDCoBM.s:317    .text:0000000000000124 .L0 
   src/syscall_c.cpp:80     .text:0000000000000124 .L0 
     /tmp/ccwDCoBM.s:323    .text:0000000000000128 .L0 
   src/syscall_c.cpp:81     .text:0000000000000128 .L0 
     /tmp/ccwDCoBM.s:328    .text:000000000000012c .L0 
     /tmp/ccwDCoBM.s:330    .text:000000000000012c .L0 
     /tmp/ccwDCoBM.s:336    .text:0000000000000134 .L0 
   src/syscall_c.cpp:84     .text:0000000000000134 .L0 
     /tmp/ccwDCoBM.s:341    .text:0000000000000138 .L0 
     /tmp/ccwDCoBM.s:342    .text:0000000000000138 .L0 
   src/syscall_c.cpp:88     .text:0000000000000138 .L0 
     /tmp/ccwDCoBM.s:348    .text:000000000000013c .L0 
     /tmp/ccwDCoBM.s:350    .text:000000000000013c .L0 
     /tmp/ccwDCoBM.s:353    .text:0000000000000144 .L0 
     /tmp/ccwDCoBM.s:354    .text:0000000000000144 .L0 
     /tmp/ccwDCoBM.s:356    .text:0000000000000148 .L0 
     /tmp/ccwDCoBM.s:358    .text:000000000000014c .L0 
     /tmp/ccwDCoBM.s:364    .text:000000000000014c _Z9sem_closeP3Sem
     /tmp/ccwDCoBM.s:367    .text:000000000000014c .L0 
     /tmp/ccwDCoBM.s:369    .text:000000000000014c .L0 
     /tmp/ccwDCoBM.s:370    .text:0000000000000150 .L0 
     /tmp/ccwDCoBM.s:372    .text:0000000000000154 .L0 
     /tmp/ccwDCoBM.s:374    .text:0000000000000158 .L0 
     /tmp/ccwDCoBM.s:377    .text:0000000000000158 .L0 
     /tmp/ccwDCoBM.s:378    .text:0000000000000158 .L0 
   src/syscall_c.cpp:97     .text:0000000000000158 .L0 
     /tmp/ccwDCoBM.s:384    .text:000000000000015c .L0 
     /tmp/ccwDCoBM.s:386    .text:000000000000015c .L0 
     /tmp/ccwDCoBM.s:392    .text:0000000000000164 .L0 
   src/syscall_c.cpp:100    .text:0000000000000164 .L0 
     /tmp/ccwDCoBM.s:397    .text:0000000000000168 .L0 
     /tmp/ccwDCoBM.s:398    .text:0000000000000168 .L0 
   src/syscall_c.cpp:104    .text:0000000000000168 .L0 
     /tmp/ccwDCoBM.s:404    .text:000000000000016c .L0 
     /tmp/ccwDCoBM.s:406    .text:000000000000016c .L0 
     /tmp/ccwDCoBM.s:409    .text:0000000000000174 .L0 
     /tmp/ccwDCoBM.s:410    .text:0000000000000174 .L0 
     /tmp/ccwDCoBM.s:412    .text:0000000000000178 .L0 
     /tmp/ccwDCoBM.s:414    .text:000000000000017c .L0 
GAS LISTING /tmp/ccwDCoBM.s 			page 21


     /tmp/ccwDCoBM.s:420    .text:000000000000017c _Z8sem_waitP3Sem
     /tmp/ccwDCoBM.s:423    .text:000000000000017c .L0 
     /tmp/ccwDCoBM.s:425    .text:000000000000017c .L0 
     /tmp/ccwDCoBM.s:426    .text:0000000000000180 .L0 
     /tmp/ccwDCoBM.s:428    .text:0000000000000184 .L0 
     /tmp/ccwDCoBM.s:430    .text:0000000000000188 .L0 
     /tmp/ccwDCoBM.s:433    .text:0000000000000188 .L0 
     /tmp/ccwDCoBM.s:434    .text:0000000000000188 .L0 
   src/syscall_c.cpp:113    .text:0000000000000188 .L0 
     /tmp/ccwDCoBM.s:440    .text:000000000000018c .L0 
     /tmp/ccwDCoBM.s:442    .text:000000000000018c .L0 
     /tmp/ccwDCoBM.s:448    .text:0000000000000194 .L0 
   src/syscall_c.cpp:116    .text:0000000000000194 .L0 
     /tmp/ccwDCoBM.s:453    .text:0000000000000198 .L0 
     /tmp/ccwDCoBM.s:454    .text:0000000000000198 .L0 
   src/syscall_c.cpp:120    .text:0000000000000198 .L0 
     /tmp/ccwDCoBM.s:460    .text:000000000000019c .L0 
     /tmp/ccwDCoBM.s:462    .text:000000000000019c .L0 
     /tmp/ccwDCoBM.s:465    .text:00000000000001a4 .L0 
     /tmp/ccwDCoBM.s:466    .text:00000000000001a4 .L0 
     /tmp/ccwDCoBM.s:468    .text:00000000000001a8 .L0 
     /tmp/ccwDCoBM.s:470    .text:00000000000001ac .L0 
     /tmp/ccwDCoBM.s:476    .text:00000000000001ac _Z10sem_signalP3Sem
     /tmp/ccwDCoBM.s:479    .text:00000000000001ac .L0 
     /tmp/ccwDCoBM.s:481    .text:00000000000001ac .L0 
     /tmp/ccwDCoBM.s:482    .text:00000000000001b0 .L0 
     /tmp/ccwDCoBM.s:484    .text:00000000000001b4 .L0 
     /tmp/ccwDCoBM.s:486    .text:00000000000001b8 .L0 
     /tmp/ccwDCoBM.s:489    .text:00000000000001b8 .L0 
     /tmp/ccwDCoBM.s:490    .text:00000000000001b8 .L0 
   src/syscall_c.cpp:129    .text:00000000000001b8 .L0 
     /tmp/ccwDCoBM.s:496    .text:00000000000001bc .L0 
     /tmp/ccwDCoBM.s:498    .text:00000000000001bc .L0 
     /tmp/ccwDCoBM.s:504    .text:00000000000001c4 .L0 
   src/syscall_c.cpp:132    .text:00000000000001c4 .L0 
     /tmp/ccwDCoBM.s:509    .text:00000000000001c8 .L0 
     /tmp/ccwDCoBM.s:510    .text:00000000000001c8 .L0 
   src/syscall_c.cpp:136    .text:00000000000001c8 .L0 
     /tmp/ccwDCoBM.s:516    .text:00000000000001cc .L0 
     /tmp/ccwDCoBM.s:518    .text:00000000000001cc .L0 
     /tmp/ccwDCoBM.s:521    .text:00000000000001d4 .L0 
     /tmp/ccwDCoBM.s:522    .text:00000000000001d4 .L0 
     /tmp/ccwDCoBM.s:524    .text:00000000000001d8 .L0 
     /tmp/ccwDCoBM.s:526    .text:00000000000001dc .L0 
     /tmp/ccwDCoBM.s:532    .text:00000000000001dc _Z11sem_trywaitP3Sem
     /tmp/ccwDCoBM.s:535    .text:00000000000001dc .L0 
     /tmp/ccwDCoBM.s:537    .text:00000000000001dc .L0 
     /tmp/ccwDCoBM.s:538    .text:00000000000001e0 .L0 
     /tmp/ccwDCoBM.s:540    .text:00000000000001e4 .L0 
     /tmp/ccwDCoBM.s:542    .text:00000000000001e8 .L0 
     /tmp/ccwDCoBM.s:544    .text:00000000000001e8 .L0 
     /tmp/ccwDCoBM.s:545    .text:00000000000001e8 .L0 
     /tmp/ccwDCoBM.s:548    .text:00000000000001f0 .L0 
   src/syscall_c.cpp:144    .text:00000000000001f0 .L0 
     /tmp/ccwDCoBM.s:554    .text:00000000000001f4 .L0 
     /tmp/ccwDCoBM.s:556    .text:00000000000001f4 .L0 
   src/syscall_c.cpp:145    .text:00000000000001f8 .L0 
GAS LISTING /tmp/ccwDCoBM.s 			page 22


     /tmp/ccwDCoBM.s:563    .text:00000000000001fc .L0 
   src/syscall_c.cpp:147    .text:00000000000001fc .L0 
     /tmp/ccwDCoBM.s:568    .text:0000000000000200 .L0 
     /tmp/ccwDCoBM.s:569    .text:0000000000000200 .L0 
   src/syscall_c.cpp:151    .text:0000000000000200 .L0 
     /tmp/ccwDCoBM.s:575    .text:0000000000000204 .L0 
     /tmp/ccwDCoBM.s:577    .text:0000000000000204 .L0 
     /tmp/ccwDCoBM.s:580    .text:000000000000020c .L0 
     /tmp/ccwDCoBM.s:581    .text:000000000000020c .L0 
     /tmp/ccwDCoBM.s:583    .text:0000000000000210 .L0 
     /tmp/ccwDCoBM.s:585    .text:0000000000000214 .L0 
     /tmp/ccwDCoBM.s:591    .text:0000000000000214 _Z13sem_timedwaitP3Semm
     /tmp/ccwDCoBM.s:594    .text:0000000000000214 .L0 
     /tmp/ccwDCoBM.s:596    .text:0000000000000214 .L0 
     /tmp/ccwDCoBM.s:597    .text:0000000000000218 .L0 
     /tmp/ccwDCoBM.s:599    .text:000000000000021c .L0 
     /tmp/ccwDCoBM.s:601    .text:0000000000000220 .L0 
     /tmp/ccwDCoBM.s:603    .text:0000000000000220 .L0 
     /tmp/ccwDCoBM.s:604    .text:0000000000000220 .L0 
     /tmp/ccwDCoBM.s:607    .text:0000000000000228 .L0 
     /tmp/ccwDCoBM.s:608    .text:0000000000000228 .L0 
     /tmp/ccwDCoBM.s:610    .text:000000000000022c .L0 
     /tmp/ccwDCoBM.s:612    .text:0000000000000230 .L0 
     /tmp/ccwDCoBM.s:618    .text:0000000000000230 _Z10time_sleepm
     /tmp/ccwDCoBM.s:621    .text:0000000000000230 .L0 
     /tmp/ccwDCoBM.s:622    .text:0000000000000230 .L0 
     /tmp/ccwDCoBM.s:623    .text:0000000000000234 .L0 
     /tmp/ccwDCoBM.s:625    .text:0000000000000238 .L0 
     /tmp/ccwDCoBM.s:627    .text:000000000000023c .L0 
     /tmp/ccwDCoBM.s:629    .text:000000000000023c .L0 
     /tmp/ccwDCoBM.s:630    .text:000000000000023c .L0 
     /tmp/ccwDCoBM.s:632    .text:0000000000000244 .L0 
     /tmp/ccwDCoBM.s:633    .text:0000000000000244 .L0 
     /tmp/ccwDCoBM.s:635    .text:0000000000000248 .L0 
     /tmp/ccwDCoBM.s:637    .text:000000000000024c .L0 
     /tmp/ccwDCoBM.s:643    .text:000000000000024c _Z4getcv
     /tmp/ccwDCoBM.s:646    .text:000000000000024c .L0 
     /tmp/ccwDCoBM.s:647    .text:000000000000024c .L0 
     /tmp/ccwDCoBM.s:648    .text:0000000000000250 .L0 
     /tmp/ccwDCoBM.s:650    .text:0000000000000254 .L0 
     /tmp/ccwDCoBM.s:652    .text:0000000000000258 .L0 
     /tmp/ccwDCoBM.s:654    .text:0000000000000258 .L0 
     /tmp/ccwDCoBM.s:655    .text:0000000000000258 .L0 
     /tmp/ccwDCoBM.s:658    .text:0000000000000260 .L0 
     /tmp/ccwDCoBM.s:659    .text:0000000000000260 .L0 
   src/syscall_c.cpp:168    .text:0000000000000264 .L0 
     /tmp/ccwDCoBM.s:666    .text:0000000000000268 .L0 
   src/syscall_c.cpp:169    .text:0000000000000268 .L0 
     /tmp/ccwDCoBM.s:671    .text:000000000000026c .L0 
     /tmp/ccwDCoBM.s:672    .text:000000000000026c .L0 
   src/syscall_c.cpp:173    .text:000000000000026c .L0 
     /tmp/ccwDCoBM.s:678    .text:0000000000000270 .L0 
     /tmp/ccwDCoBM.s:680    .text:0000000000000270 .L0 
     /tmp/ccwDCoBM.s:683    .text:0000000000000278 .L0 
     /tmp/ccwDCoBM.s:684    .text:0000000000000278 .L0 
     /tmp/ccwDCoBM.s:686    .text:000000000000027c .L0 
     /tmp/ccwDCoBM.s:688    .text:0000000000000280 .L0 
GAS LISTING /tmp/ccwDCoBM.s 			page 23


     /tmp/ccwDCoBM.s:694    .text:0000000000000280 _Z4putcc
     /tmp/ccwDCoBM.s:697    .text:0000000000000280 .L0 
     /tmp/ccwDCoBM.s:699    .text:0000000000000280 .L0 
     /tmp/ccwDCoBM.s:700    .text:0000000000000284 .L0 
     /tmp/ccwDCoBM.s:702    .text:0000000000000288 .L0 
     /tmp/ccwDCoBM.s:704    .text:000000000000028c .L0 
     /tmp/ccwDCoBM.s:706    .text:000000000000028c .L0 
     /tmp/ccwDCoBM.s:707    .text:000000000000028c .L0 
     /tmp/ccwDCoBM.s:710    .text:0000000000000294 .L0 
   src/syscall_c.cpp:182    .text:0000000000000294 .L0 
     /tmp/ccwDCoBM.s:716    .text:0000000000000298 .L0 
     /tmp/ccwDCoBM.s:718    .text:0000000000000298 .L0 
   src/syscall_c.cpp:183    .text:000000000000029c .L0 
     /tmp/ccwDCoBM.s:725    .text:00000000000002a0 .L0 
   src/syscall_c.cpp:184    .text:00000000000002a0 .L0 
     /tmp/ccwDCoBM.s:731    .text:00000000000002a4 .L0 
     /tmp/ccwDCoBM.s:732    .text:00000000000002a8 .L0 
     /tmp/ccwDCoBM.s:733    .text:00000000000002a8 .L0 
     /tmp/ccwDCoBM.s:735    .text:00000000000002ac .L0 
     /tmp/ccwDCoBM.s:737    .text:00000000000002b0 .L0 
     /tmp/ccwDCoBM.s:743    .text:00000000000002b0 _Z10changeModev
     /tmp/ccwDCoBM.s:746    .text:00000000000002b0 .L0 
     /tmp/ccwDCoBM.s:747    .text:00000000000002b0 .L0 
     /tmp/ccwDCoBM.s:748    .text:00000000000002b4 .L0 
     /tmp/ccwDCoBM.s:750    .text:00000000000002b8 .L0 
     /tmp/ccwDCoBM.s:752    .text:00000000000002bc .L0 
     /tmp/ccwDCoBM.s:754    .text:00000000000002bc .L0 
     /tmp/ccwDCoBM.s:755    .text:00000000000002bc .L0 
     /tmp/ccwDCoBM.s:758    .text:00000000000002c4 .L0 
     /tmp/ccwDCoBM.s:759    .text:00000000000002c4 .L0 
   src/syscall_c.cpp:190    .text:00000000000002c8 .L0 
     /tmp/ccwDCoBM.s:766    .text:00000000000002cc .L0 
   src/syscall_c.cpp:191    .text:00000000000002cc .L0 
     /tmp/ccwDCoBM.s:772    .text:00000000000002d0 .L0 
     /tmp/ccwDCoBM.s:773    .text:00000000000002d4 .L0 
     /tmp/ccwDCoBM.s:774    .text:00000000000002d4 .L0 
     /tmp/ccwDCoBM.s:776    .text:00000000000002d8 .L0 
     /tmp/ccwDCoBM.s:778    .text:00000000000002dc .L0 
     /tmp/ccwDCoBM.s:784    .text:00000000000002dc .L0 
     /tmp/ccwDCoBM.s:1469   .debug_abbrev:0000000000000000 .Ldebug_abbrev0
     /tmp/ccwDCoBM.s:2200   .debug_str:0000000000000193 .LASF59
     /tmp/ccwDCoBM.s:2262   .debug_str:00000000000003e3 .LASF60
     /tmp/ccwDCoBM.s:2246   .debug_str:0000000000000371 .LASF61
     /tmp/ccwDCoBM.s:5      .text:0000000000000000 .Ltext0
     /tmp/ccwDCoBM.s:781    .text:00000000000002dc .Letext0
     /tmp/ccwDCoBM.s:2140   .debug_line:0000000000000000 .Ldebug_line0
     /tmp/ccwDCoBM.s:2210   .debug_str:0000000000000286 .LASF0
     /tmp/ccwDCoBM.s:2184   .debug_str:0000000000000122 .LASF1
     /tmp/ccwDCoBM.s:2174   .debug_str:00000000000000ea .LASF2
     /tmp/ccwDCoBM.s:2158   .debug_str:000000000000006b .LASF4
     /tmp/ccwDCoBM.s:2182   .debug_str:0000000000000110 .LASF3
     /tmp/ccwDCoBM.s:2150   .debug_str:0000000000000047 .LASF5
     /tmp/ccwDCoBM.s:2216   .debug_str:00000000000002a3 .LASF6
     /tmp/ccwDCoBM.s:2146   .debug_str:0000000000000020 .LASF7
     /tmp/ccwDCoBM.s:2170   .debug_str:00000000000000c8 .LASF8
     /tmp/ccwDCoBM.s:2218   .debug_str:00000000000002aa .LASF9
     /tmp/ccwDCoBM.s:2156   .debug_str:000000000000005d .LASF10
GAS LISTING /tmp/ccwDCoBM.s 			page 24


     /tmp/ccwDCoBM.s:2264   .debug_str:00000000000003f5 .LASF11
     /tmp/ccwDCoBM.s:2172   .debug_str:00000000000000db .LASF12
     /tmp/ccwDCoBM.s:2248   .debug_str:0000000000000398 .LASF13
     /tmp/ccwDCoBM.s:2226   .debug_str:00000000000002e2 .LASF14
     /tmp/ccwDCoBM.s:2190   .debug_str:000000000000014f .LASF15
     /tmp/ccwDCoBM.s:2164   .debug_str:0000000000000098 .LASF16
     /tmp/ccwDCoBM.s:2220   .debug_str:00000000000002ba .LASF17
     /tmp/ccwDCoBM.s:2222   .debug_str:00000000000002d0 .LASF18
     /tmp/ccwDCoBM.s:2152   .debug_str:000000000000004e .LASF19
     /tmp/ccwDCoBM.s:2260   .debug_str:00000000000003d8 .LASF21
     /tmp/ccwDCoBM.s:2228   .debug_str:00000000000002f2 .LASF23
     /tmp/ccwDCoBM.s:744    .text:00000000000002b0 .LFB14
     /tmp/ccwDCoBM.s:779    .text:00000000000002dc .LFE14
     /tmp/ccwDCoBM.s:2204   .debug_str:0000000000000260 .LASF20
     /tmp/ccwDCoBM.s:2238   .debug_str:000000000000033d .LASF22
     /tmp/ccwDCoBM.s:2186   .debug_str:0000000000000135 .LASF24
     /tmp/ccwDCoBM.s:695    .text:0000000000000280 .LFB13
     /tmp/ccwDCoBM.s:738    .text:00000000000002b0 .LFE13
     /tmp/ccwDCoBM.s:2214   .debug_str:000000000000029e .LASF25
     /tmp/ccwDCoBM.s:2176   .debug_str:00000000000000f8 .LASF26
     /tmp/ccwDCoBM.s:2254   .debug_str:00000000000003be .LASF28
     /tmp/ccwDCoBM.s:644    .text:000000000000024c .LFB12
     /tmp/ccwDCoBM.s:689    .text:0000000000000280 .LFE12
     /tmp/ccwDCoBM.s:1900   .debug_loc:0000000000000000 .LLST19
     /tmp/ccwDCoBM.s:2212   .debug_str:0000000000000293 .LASF27
     /tmp/ccwDCoBM.s:2240   .debug_str:0000000000000342 .LASF29
     /tmp/ccwDCoBM.s:619    .text:0000000000000230 .LFB11
     /tmp/ccwDCoBM.s:638    .text:000000000000024c .LFE11
     /tmp/ccwDCoBM.s:2232   .debug_str:0000000000000317 .LASF30
     /tmp/ccwDCoBM.s:2196   .debug_str:000000000000016d .LASF31
     /tmp/ccwDCoBM.s:592    .text:0000000000000214 .LFB10
     /tmp/ccwDCoBM.s:613    .text:0000000000000230 .LFE10
     /tmp/ccwDCoBM.s:1907   .debug_loc:0000000000000023 .LLST18
     /tmp/ccwDCoBM.s:2234   .debug_str:0000000000000325 .LASF32
     /tmp/ccwDCoBM.s:2258   .debug_str:00000000000003cc .LASF33
     /tmp/ccwDCoBM.s:2230   .debug_str:0000000000000302 .LASF34
     /tmp/ccwDCoBM.s:533    .text:00000000000001dc .LFB9
     /tmp/ccwDCoBM.s:586    .text:0000000000000214 .LFE9
     /tmp/ccwDCoBM.s:1921   .debug_loc:000000000000005c .LLST16
     /tmp/ccwDCoBM.s:1935   .debug_loc:0000000000000095 .LLST17
     /tmp/ccwDCoBM.s:2194   .debug_str:0000000000000162 .LASF35
     /tmp/ccwDCoBM.s:2148   .debug_str:0000000000000033 .LASF36
     /tmp/ccwDCoBM.s:477    .text:00000000000001ac .LFB8
     /tmp/ccwDCoBM.s:527    .text:00000000000001dc .LFE8
     /tmp/ccwDCoBM.s:1942   .debug_loc:00000000000000b8 .LLST14
     /tmp/ccwDCoBM.s:1956   .debug_loc:00000000000000f1 .LLST15
     /tmp/ccwDCoBM.s:2202   .debug_str:0000000000000257 .LASF37
     /tmp/ccwDCoBM.s:2188   .debug_str:000000000000013e .LASF38
     /tmp/ccwDCoBM.s:421    .text:000000000000017c .LFB7
     /tmp/ccwDCoBM.s:471    .text:00000000000001ac .LFE7
     /tmp/ccwDCoBM.s:1963   .debug_loc:0000000000000114 .LLST12
     /tmp/ccwDCoBM.s:1977   .debug_loc:000000000000014d .LLST13
     /tmp/ccwDCoBM.s:2180   .debug_str:0000000000000106 .LASF39
     /tmp/ccwDCoBM.s:2144   .debug_str:000000000000000e .LASF40
     /tmp/ccwDCoBM.s:365    .text:000000000000014c .LFB6
     /tmp/ccwDCoBM.s:415    .text:000000000000017c .LFE6
     /tmp/ccwDCoBM.s:2192   .debug_str:000000000000015b .LASF41
GAS LISTING /tmp/ccwDCoBM.s 			page 25


     /tmp/ccwDCoBM.s:1984   .debug_loc:0000000000000170 .LLST10
     /tmp/ccwDCoBM.s:1998   .debug_loc:00000000000001a9 .LLST11
     /tmp/ccwDCoBM.s:2178   .debug_str:00000000000000fd .LASF42
     /tmp/ccwDCoBM.s:2206   .debug_str:0000000000000265 .LASF43
     /tmp/ccwDCoBM.s:304    .text:0000000000000118 .LFB5
     /tmp/ccwDCoBM.s:359    .text:000000000000014c .LFE5
     /tmp/ccwDCoBM.s:2005   .debug_loc:00000000000001cc .LLST8
     /tmp/ccwDCoBM.s:2162   .debug_str:0000000000000093 .LASF44
     /tmp/ccwDCoBM.s:2019   .debug_loc:0000000000000205 .LLST9
     /tmp/ccwDCoBM.s:2236   .debug_str:000000000000032d .LASF45
     /tmp/ccwDCoBM.s:2166   .debug_str:00000000000000ae .LASF46
     /tmp/ccwDCoBM.s:256    .text:00000000000000e8 .LFB4
     /tmp/ccwDCoBM.s:298    .text:0000000000000118 .LFE4
     /tmp/ccwDCoBM.s:2250   .debug_str:00000000000003a8 .LASF47
     /tmp/ccwDCoBM.s:2244   .debug_str:0000000000000360 .LASF48
     /tmp/ccwDCoBM.s:205    .text:00000000000000b4 .LFB3
     /tmp/ccwDCoBM.s:250    .text:00000000000000e8 .LFE3
     /tmp/ccwDCoBM.s:2026   .debug_loc:0000000000000228 .LLST7
     /tmp/ccwDCoBM.s:2242   .debug_str:0000000000000352 .LASF49
     /tmp/ccwDCoBM.s:2160   .debug_str:0000000000000072 .LASF50
     /tmp/ccwDCoBM.s:136    .text:0000000000000074 .LFB2
     /tmp/ccwDCoBM.s:199    .text:00000000000000b4 .LFE2
     /tmp/ccwDCoBM.s:2033   .debug_loc:000000000000024b .LLST5
     /tmp/ccwDCoBM.s:2198   .debug_str:0000000000000185 .LASF51
     /tmp/ccwDCoBM.s:2047   .debug_loc:0000000000000284 .LLST6
     /tmp/ccwDCoBM.s:2224   .debug_str:00000000000002d9 .LASF52
     /tmp/ccwDCoBM.s:2142   .debug_str:0000000000000000 .LASF53
     /tmp/ccwDCoBM.s:75     .text:000000000000003c .LFB1
     /tmp/ccwDCoBM.s:130    .text:0000000000000074 .LFE1
     /tmp/ccwDCoBM.s:2168   .debug_str:00000000000000c3 .LASF54
     /tmp/ccwDCoBM.s:2054   .debug_loc:00000000000002a7 .LLST2
     /tmp/ccwDCoBM.s:2068   .debug_loc:00000000000002e0 .LLST3
     /tmp/ccwDCoBM.s:2082   .debug_loc:0000000000000319 .LLST4
     /tmp/ccwDCoBM.s:2252   .debug_str:00000000000003b4 .LASF55
     /tmp/ccwDCoBM.s:2208   .debug_str:0000000000000278 .LASF56
     /tmp/ccwDCoBM.s:10     .text:0000000000000000 .LFB0
     /tmp/ccwDCoBM.s:69     .text:000000000000003c .LFE0
     /tmp/ccwDCoBM.s:2256   .debug_str:00000000000003c7 .LASF57
     /tmp/ccwDCoBM.s:2089   .debug_loc:000000000000033c .LLST0
     /tmp/ccwDCoBM.s:2154   .debug_str:0000000000000054 .LASF58
     /tmp/ccwDCoBM.s:2109   .debug_loc:000000000000038a .LLST1
     /tmp/ccwDCoBM.s:676    .text:0000000000000270 .LVL35
     /tmp/ccwDCoBM.s:681    .text:0000000000000274 .LVL36
     /tmp/ccwDCoBM.s:595    .text:0000000000000214 .LVL33
     /tmp/ccwDCoBM.s:605    .text:0000000000000224 .LVL34
     /tmp/ccwDCoBM.s:536    .text:00000000000001dc .LVL30
     /tmp/ccwDCoBM.s:573    .text:0000000000000204 .LVL31
     /tmp/ccwDCoBM.s:578    .text:0000000000000208 .LVL32
     /tmp/ccwDCoBM.s:480    .text:00000000000001ac .LVL26
     /tmp/ccwDCoBM.s:514    .text:00000000000001cc .LVL28
     /tmp/ccwDCoBM.s:519    .text:00000000000001d0 .LVL29
     /tmp/ccwDCoBM.s:424    .text:000000000000017c .LVL22
     /tmp/ccwDCoBM.s:458    .text:000000000000019c .LVL24
     /tmp/ccwDCoBM.s:463    .text:00000000000001a0 .LVL25
     /tmp/ccwDCoBM.s:368    .text:000000000000014c .LVL18
     /tmp/ccwDCoBM.s:402    .text:000000000000016c .LVL20
     /tmp/ccwDCoBM.s:407    .text:0000000000000170 .LVL21
GAS LISTING /tmp/ccwDCoBM.s 			page 26


     /tmp/ccwDCoBM.s:307    .text:0000000000000118 .LVL14
     /tmp/ccwDCoBM.s:346    .text:000000000000013c .LVL16
     /tmp/ccwDCoBM.s:351    .text:0000000000000140 .LVL17
     /tmp/ccwDCoBM.s:237    .text:00000000000000d8 .LVL11
     /tmp/ccwDCoBM.s:242    .text:00000000000000dc .LVL12
     /tmp/ccwDCoBM.s:139    .text:0000000000000074 .LVL8
     /tmp/ccwDCoBM.s:186    .text:00000000000000a4 .LVL9
     /tmp/ccwDCoBM.s:191    .text:00000000000000a8 .LVL10
     /tmp/ccwDCoBM.s:78     .text:000000000000003c .LVL4
     /tmp/ccwDCoBM.s:117    .text:0000000000000064 .LVL6
     /tmp/ccwDCoBM.s:90     .text:0000000000000050 .LVL5
     /tmp/ccwDCoBM.s:122    .text:0000000000000068 .LVL7
     /tmp/ccwDCoBM.s:14     .text:0000000000000000 .LVL0
     /tmp/ccwDCoBM.s:28     .text:0000000000000018 .LVL1
     /tmp/ccwDCoBM.s:31     .text:000000000000001c .LVL2
     /tmp/ccwDCoBM.s:58     .text:0000000000000030 .LVL3
     /tmp/ccwDCoBM.s:785    .debug_info:0000000000000000 .Ldebug_info0

NO UNDEFINED SYMBOLS
